I0731 12:16:18.409638 125013 AriaFBExecutor.h:610] Worker 47 latency: 3983 us (50%) 4636 us (75%) 4951 us (95%) 5200 us (99%).
I0731 12:16:18.409754 125013 Coordinator.h:203] Coordinator exits.
@ aria fb; threads=56
I0731 12:16:25.086256 125120 Database.h:95] partition_num: 1
I0731 12:16:25.088776 125120 Database.h:72] evm_bench initialization finished in 2 milliseconds.
I0731 12:16:25.088799 125120 AriaFBManager.h:37] batch size: 100
I0731 12:16:25.088979 125120 WorkerFactory.h:181] workers size (including manager): 57
I0731 12:16:25.088991 125120 SerialManager.h:37] batch size: 100
I0731 12:16:25.088995 125120 SerialExecutor.h:145] init tables for contracts
I0731 12:16:25.088999 125120 SerialExecutor.h:183] init key_num: 200000
I0731 12:16:28.464167 125120 SerialExecutor.h:193] init tables finished
I0731 12:16:28.464186 125120 Coordinator.h:41] Coordinator starts to run 57 workers.
I0731 12:16:28.464227 125120 Coordinator.h:210] core_id: 0
I0731 12:16:28.464269 125120 Coordinator.h:210] core_id: 1
I0731 12:16:28.464303 125120 Coordinator.h:210] core_id: 2
I0731 12:16:28.464332 125120 Coordinator.h:210] core_id: 3
I0731 12:16:28.464380 125120 Coordinator.h:210] core_id: 4
I0731 12:16:28.464496 125180 AriaFBExecutor.h:76] AriaFBExecutor0 started. 
I0731 12:16:28.464560 125120 Coordinator.h:210] core_id: 5
I0731 12:16:28.464551 125181 AriaFBExecutor.h:76] AriaFBExecutor1 started. 
I0731 12:16:28.464668 125120 Coordinator.h:210] core_id: 6
I0731 12:16:28.464716 125182 AriaFBExecutor.h:76] AriaFBExecutor2 started. 
I0731 12:16:28.464757 125120 Coordinator.h:210] core_id: 7
I0731 12:16:28.464824 125120 Coordinator.h:210] core_id: 8
I0731 12:16:28.464887 125183 AriaFBExecutor.h:76] AriaFBExecutor3 started. 
I0731 12:16:28.464907 125187 AriaFBExecutor.h:76] AriaFBExecutor7 started. 
I0731 12:16:28.464984 125188 AriaFBExecutor.h:76] AriaFBExecutor8 started. 
I0731 12:16:28.465025 125186 AriaFBExecutor.h:76] AriaFBExecutor6 started. 
I0731 12:16:28.465039 125120 Coordinator.h:210] core_id: 9
I0731 12:16:28.465201 125185 AriaFBExecutor.h:76] AriaFBExecutor5 started. 
I0731 12:16:28.465196 125184 AriaFBExecutor.h:76] AriaFBExecutor4 started. 
I0731 12:16:28.465286 125120 Coordinator.h:210] core_id: 10
I0731 12:16:28.465477 125120 Coordinator.h:210] core_id: 11
I0731 12:16:28.465477 125189 AriaFBExecutor.h:76] AriaFBExecutor9 started. 
I0731 12:16:28.465631 125190 AriaFBExecutor.h:76] AriaFBExecutor10 started. 
I0731 12:16:28.465672 125191 AriaFBExecutor.h:76] AriaFBExecutor11 started. 
I0731 12:16:28.465734 125120 Coordinator.h:210] core_id: 12
I0731 12:16:28.465860 125192 AriaFBExecutor.h:76] AriaFBExecutor12 started. 
I0731 12:16:28.465893 125120 Coordinator.h:210] core_id: 13
I0731 12:16:28.466032 125120 Coordinator.h:210] core_id: 14
I0731 12:16:28.466061 125193 AriaFBExecutor.h:76] AriaFBExecutor13 started. 
I0731 12:16:28.466197 125120 Coordinator.h:210] core_id: 15
I0731 12:16:28.466353 125194 AriaFBExecutor.h:76] AriaFBExecutor14 started. 
I0731 12:16:28.466372 125120 Coordinator.h:210] core_id: 16
I0731 12:16:28.466437 125195 AriaFBExecutor.h:76] AriaFBExecutor15 started. 
I0731 12:16:28.466521 125120 Coordinator.h:210] core_id: 17
I0731 12:16:28.466604 125196 AriaFBExecutor.h:76] AriaFBExecutor16 started. 
I0731 12:16:28.466804 125197 AriaFBExecutor.h:76] AriaFBExecutor17 started. 
I0731 12:16:28.466871 125120 Coordinator.h:210] core_id: 18
I0731 12:16:28.467018 125120 Coordinator.h:210] core_id: 19
I0731 12:16:28.467063 125198 AriaFBExecutor.h:76] AriaFBExecutor18 started. 
I0731 12:16:28.467187 125120 Coordinator.h:210] core_id: 20
I0731 12:16:28.467226 125199 AriaFBExecutor.h:76] AriaFBExecutor19 started. 
I0731 12:16:28.467413 125120 Coordinator.h:210] core_id: 21
I0731 12:16:28.467422 125200 AriaFBExecutor.h:76] AriaFBExecutor20 started. 
I0731 12:16:28.467559 125120 Coordinator.h:210] core_id: 22
I0731 12:16:28.467649 125201 AriaFBExecutor.h:76] AriaFBExecutor21 started. 
I0731 12:16:28.467728 125120 Coordinator.h:210] core_id: 23
I0731 12:16:28.467890 125202 AriaFBExecutor.h:76] AriaFBExecutor22 started. 
I0731 12:16:28.467954 125203 AriaFBExecutor.h:76] AriaFBExecutor23 started. 
I0731 12:16:28.467967 125120 Coordinator.h:210] core_id: 24
I0731 12:16:28.468214 125120 Coordinator.h:210] core_id: 25
I0731 12:16:28.468254 125204 AriaFBExecutor.h:76] AriaFBExecutor24 started. 
I0731 12:16:28.468417 125120 Coordinator.h:210] core_id: 26
I0731 12:16:28.468444 125205 AriaFBExecutor.h:76] AriaFBExecutor25 started. 
I0731 12:16:28.468567 125120 Coordinator.h:210] core_id: 27
I0731 12:16:28.468586 125206 AriaFBExecutor.h:76] AriaFBExecutor26 started. 
I0731 12:16:28.468829 125120 Coordinator.h:210] core_id: 28
I0731 12:16:28.468832 125207 AriaFBExecutor.h:76] AriaFBExecutor27 started. 
I0731 12:16:28.469028 125120 Coordinator.h:210] core_id: 29
I0731 12:16:28.469053 125208 AriaFBExecutor.h:76] AriaFBExecutor28 started. 
I0731 12:16:28.469172 125209 AriaFBExecutor.h:76] AriaFBExecutor29 started. 
I0731 12:16:28.469208 125120 Coordinator.h:210] core_id: 30
I0731 12:16:28.469334 125210 AriaFBExecutor.h:76] AriaFBExecutor30 started. 
I0731 12:16:28.469383 125120 Coordinator.h:210] core_id: 31
I0731 12:16:28.469602 125120 Coordinator.h:210] core_id: 32
I0731 12:16:28.469614 125211 AriaFBExecutor.h:76] AriaFBExecutor31 started. 
I0731 12:16:28.469834 125120 Coordinator.h:210] core_id: 33
I0731 12:16:28.469866 125212 AriaFBExecutor.h:76] AriaFBExecutor32 started. 
I0731 12:16:28.469996 125120 Coordinator.h:210] core_id: 34
I0731 12:16:28.470117 125213 AriaFBExecutor.h:76] AriaFBExecutor33 started. 
I0731 12:16:28.470201 125120 Coordinator.h:210] core_id: 35
I0731 12:16:28.470239 125214 AriaFBExecutor.h:76] AriaFBExecutor34 started. 
I0731 12:16:28.470412 125120 Coordinator.h:210] core_id: 36
I0731 12:16:28.470454 125215 AriaFBExecutor.h:76] AriaFBExecutor35 started. 
I0731 12:16:28.470589 125120 Coordinator.h:210] core_id: 37
I0731 12:16:28.470629 125216 AriaFBExecutor.h:76] AriaFBExecutor36 started. 
I0731 12:16:28.470872 125120 Coordinator.h:210] core_id: 38
I0731 12:16:28.470901 125217 AriaFBExecutor.h:76] AriaFBExecutor37 started. 
I0731 12:16:28.471028 125120 Coordinator.h:210] core_id: 39
I0731 12:16:28.471206 125120 Coordinator.h:210] core_id: 40
I0731 12:16:28.471211 125218 AriaFBExecutor.h:76] AriaFBExecutor38 started. 
I0731 12:16:28.471354 125219 AriaFBExecutor.h:76] AriaFBExecutor39 started. 
I0731 12:16:28.471372 125120 Coordinator.h:210] core_id: 41
I0731 12:16:28.471513 125220 AriaFBExecutor.h:76] AriaFBExecutor40 started. 
I0731 12:16:28.471624 125120 Coordinator.h:210] core_id: 42
I0731 12:16:28.471625 125221 AriaFBExecutor.h:76] AriaFBExecutor41 started. 
I0731 12:16:28.471809 125120 Coordinator.h:210] core_id: 43
I0731 12:16:28.471910 125222 AriaFBExecutor.h:76] AriaFBExecutor42 started. 
I0731 12:16:28.472014 125120 Coordinator.h:210] core_id: 44
I0731 12:16:28.472158 125223 AriaFBExecutor.h:76] AriaFBExecutor43 started. 
I0731 12:16:28.472182 125120 Coordinator.h:210] core_id: 45
I0731 12:16:28.472374 125120 Coordinator.h:210] core_id: 46
I0731 12:16:28.472388 125224 AriaFBExecutor.h:76] AriaFBExecutor44 started. 
I0731 12:16:28.472491 125225 AriaFBExecutor.h:76] AriaFBExecutor45 started. 
I0731 12:16:28.472589 125120 Coordinator.h:210] core_id: 47
I0731 12:16:28.472728 125226 AriaFBExecutor.h:76] AriaFBExecutor46 started. 
I0731 12:16:28.472805 125120 Coordinator.h:210] core_id: 48
I0731 12:16:28.472854 125227 AriaFBExecutor.h:76] AriaFBExecutor47 started. 
I0731 12:16:28.472975 125120 Coordinator.h:210] core_id: 49
I0731 12:16:28.473136 125228 AriaFBExecutor.h:76] AriaFBExecutor48 started. 
I0731 12:16:28.473191 125120 Coordinator.h:210] core_id: 50
I0731 12:16:28.473205 125229 AriaFBExecutor.h:76] AriaFBExecutor49 started. 
I0731 12:16:28.473419 125120 Coordinator.h:210] core_id: 51
I0731 12:16:28.473453 125230 AriaFBExecutor.h:76] AriaFBExecutor50 started. 
I0731 12:16:28.473511 125120 Coordinator.h:210] core_id: 52
I0731 12:16:28.473634 125120 Coordinator.h:210] core_id: 53
I0731 12:16:28.473752 125231 AriaFBExecutor.h:76] AriaFBExecutor51 started. 
I0731 12:16:28.473786 125120 Coordinator.h:210] core_id: 54
I0731 12:16:28.473942 125120 Coordinator.h:210] core_id: 55
I0731 12:16:28.473937 125232 AriaFBExecutor.h:76] AriaFBExecutor52 started. 
I0731 12:16:28.474079 125120 Coordinator.h:210] core_id: 56
I0731 12:16:28.474134 125233 AriaFBExecutor.h:76] AriaFBExecutor53 started. 
I0731 12:16:28.474308 125234 AriaFBExecutor.h:76] AriaFBExecutor54 started. 
I0731 12:16:28.474388 125235 AriaFBExecutor.h:76] AriaFBExecutor55 started. 
I0731 12:16:28.474462 125236 AriaFBManager.h:41] AriaFB Manager started. 
I0731 12:16:29.474187 125120 Coordinator.h:97] commit: 20107 abort: 19780 (0/19780/0), cascade abort: 0, network size: 0, avg network size: 0, si_in_serializable: 0 0 %, local: 0 %, partial revert 0: 0, partial revert 1: 0, partial revert 2:  0, partial revert 3:  0, partial revert 4:  0, partial revert 5:  0, partial revert 6:  0, partial revert 7:  0, partial revert 8:  0, partial revert 9:  0, partial revert 10: 0, partial revert 11: 0, partial revert 12: 0, partial revert 13: 0, partial revert 14: 0, partial revert 15: 0, partial revert 16: 0, partial revert 17: 0, partial revert 18: 0, partial revert 19: 0
I0731 12:16:30.474308 125120 Coordinator.h:97] commit: 20393 abort: 19882 (0/19882/0), cascade abort: 0, network size: 0, avg network size: 0, si_in_serializable: 0 0 %, local: 0 %, partial revert 0: 0, partial revert 1: 0, partial revert 2:  0, partial revert 3:  0, partial revert 4:  0, partial revert 5:  0, partial revert 6:  0, partial revert 7:  0, partial revert 8:  0, partial revert 9:  0, partial revert 10: 0, partial revert 11: 0, partial revert 12: 0, partial revert 13: 0, partial revert 14: 0, partial revert 15: 0, partial revert 16: 0, partial revert 17: 0, partial revert 18: 0, partial revert 19: 0
I0731 12:16:31.474411 125120 Coordinator.h:97] commit: 20500 abort: 20076 (0/20076/0), cascade abort: 0, network size: 0, avg network size: 0, si_in_serializable: 0 0 %, local: 0 %, partial revert 0: 0, partial revert 1: 0, partial revert 2:  0, partial revert 3:  0, partial revert 4:  0, partial revert 5:  0, partial revert 6:  0, partial revert 7:  0, partial revert 8:  0, partial revert 9:  0, partial revert 10: 0, partial revert 11: 0, partial revert 12: 0, partial revert 13: 0, partial revert 14: 0, partial revert 15: 0, partial revert 16: 0, partial revert 17: 0, partial revert 18: 0, partial revert 19: 0
I0731 12:16:32.474524 125120 Coordinator.h:97] commit: 20181 abort: 19763 (0/19763/0), cascade abort: 0, network size: 0, avg network size: 0, si_in_serializable: 0 0 %, local: 0 %, partial revert 0: 0, partial revert 1: 0, partial revert 2:  0, partial revert 3:  0, partial revert 4:  0, partial revert 5:  0, partial revert 6:  0, partial revert 7:  0, partial revert 8:  0, partial revert 9:  0, partial revert 10: 0, partial revert 11: 0, partial revert 12: 0, partial revert 13: 0, partial revert 14: 0, partial revert 15: 0, partial revert 16: 0, partial revert 17: 0, partial revert 18: 0, partial revert 19: 0
I0731 12:16:33.474635 125120 Coordinator.h:97] commit: 20560 abort: 20178 (0/20178/0), cascade abort: 0, network size: 0, avg network size: 0, si_in_serializable: 0 0 %, local: 0 %, partial revert 0: 0, partial revert 1: 0, partial revert 2:  0, partial revert 3:  0, partial revert 4:  0, partial revert 5:  0, partial revert 6:  0, partial revert 7:  0, partial revert 8:  0, partial revert 9:  0, partial revert 10: 0, partial revert 11: 0, partial revert 12: 0, partial revert 13: 0, partial revert 14: 0, partial revert 15: 0, partial revert 16: 0, partial revert 17: 0, partial revert 18: 0, partial revert 19: 0
I0731 12:16:33.474661 125120 Coordinator.h:148] average commit: 20348.2 abort: 19935.8 (0/19935.8/0), abort cascade: 0, network size: 0, avg network size: 0, si_in_serializable: 0 0 % , local: 0 % , partial revert 0: 0 , partial revert 1: 0 , partial revert 2:  0 , partial revert 3:  0 , partial revert 4:  0 , partial revert 5:  0 , partial revert 6:  0 , partial revert 7:  0 , partial revert 8:  0 , partial revert 9:  0 , partial revert 10: 0 , partial revert 11: 0 , partial revert 12: 0 , partial revert 13: 0 , partial revert 14: 0 , partial revert 15: 0 , partial revert 16: 0 , partial revert 17: 0 , partial revert 18: 0 , partial revert 19: 0
I0731 12:16:33.474700 125120 AriaFBExecutor.h:610] Worker 0 latency: 235 us (50%) 365 us (75%) 894 us (95%) 1267 us (99%).
I0731 12:16:33.476998 125182 AriaFBExecutor.h:85] AriaFB 2 exits. 
I0731 12:16:33.477006 125193 AriaFBExecutor.h:85] AriaFB 13 exits. 
I0731 12:16:33.477003 125229 AriaFBExecutor.h:85] AriaFB 49 exits. 
I0731 12:16:33.477010 125203 AriaFBExecutor.h:85] AriaFB 23 exits. 
I0731 12:16:33.477008 125200 AriaFBExecutor.h:85] AriaFB 20 exits. 
I0731 12:16:33.477006 125186 AriaFBExecutor.h:85] AriaFB 6 exits. 
I0731 12:16:33.477010 125202 AriaFBExecutor.h:85] AriaFB 22 exits. 
I0731 12:16:33.477015 125187 AriaFBExecutor.h:85] AriaFB 7 exits. 
I0731 12:16:33.477010 125227 AriaFBExecutor.h:85] AriaFB 47 exits. 
I0731 12:16:33.477005 125224 AriaFBExecutor.h:85] AriaFB 44 exits. 
I0731 12:16:33.477005 125207 AriaFBExecutor.h:85] AriaFB 27 exits. 
I0731 12:16:33.477010 125214 AriaFBExecutor.h:85] AriaFB 34 exits. 
I0731 12:16:33.477007 125209 AriaFBExecutor.h:85] AriaFB 29 exits. 
I0731 12:16:33.477007 125181 AriaFBExecutor.h:85] AriaFB 1 exits. 
I0731 12:16:33.477012 125213 AriaFBExecutor.h:85] AriaFB 33 exits. 
I0731 12:16:33.477010 125225 AriaFBExecutor.h:85] AriaFB 45 exits. 
I0731 12:16:33.477008 125189 AriaFBExecutor.h:85] AriaFB 9 exits. 
I0731 12:16:33.477010 125180 AriaFBExecutor.h:85] AriaFB 0 exits. 
I0731 12:16:33.477010 125190 AriaFBExecutor.h:85] AriaFB 10 exits. 
I0731 12:16:33.477010 125201 AriaFBExecutor.h:85] AriaFB 21 exits. 
I0731 12:16:33.477013 125220 AriaFBExecutor.h:85] AriaFB 40 exits. 
I0731 12:16:33.477013 125228 AriaFBExecutor.h:85] AriaFB 48 exits. 
I0731 12:16:33.477015 125212 AriaFBExecutor.h:85] AriaFB 32 exits. 
I0731 12:16:33.477006 125234 AriaFBExecutor.h:85] AriaFB 54 exits. 
I0731 12:16:33.477015 125226 AriaFBExecutor.h:85] AriaFB 46 exits. 
I0731 12:16:33.477015 125223 AriaFBExecutor.h:85] AriaFB 43 exits. 
I0731 12:16:33.477016 125199 AriaFBExecutor.h:85] AriaFB 19 exits. 
I0731 12:16:33.477010 125194 AriaFBExecutor.h:85] AriaFB 14 exits. 
I0731 12:16:33.477013 125211 AriaFBExecutor.h:85] AriaFB 31 exits. 
I0731 12:16:33.477007 125205 AriaFBExecutor.h:85] AriaFB 25 exits. 
I0731 12:16:33.477008 125185 AriaFBExecutor.h:85] AriaFB 5 exits. 
I0731 12:16:33.477005 125210 AriaFBExecutor.h:85] AriaFB 30 exits. 
I0731 12:16:33.477011 125192 AriaFBExecutor.h:85] AriaFB 12 exits. 
I0731 12:16:33.477010 125206 AriaFBExecutor.h:85] AriaFB 26 exits. 
I0731 12:16:33.477002 125222 AriaFBExecutor.h:85] AriaFB 42 exits. 
I0731 12:16:33.477015 125221 AriaFBExecutor.h:85] AriaFB 41 exits. 
I0731 12:16:33.477013 125188 AriaFBExecutor.h:85] AriaFB 8 exits. 
I0731 12:16:33.477012 125191 AriaFBExecutor.h:85] AriaFB 11 exits. 
I0731 12:16:33.477010 125230 AriaFBExecutor.h:85] AriaFB 50 exits. 
I0731 12:16:33.477013 125215 AriaFBExecutor.h:85] AriaFB 35 exits. 
I0731 12:16:33.477007 125204 AriaFBExecutor.h:85] AriaFB 24 exits. 
I0731 12:16:33.477015 125218 AriaFBExecutor.h:85] AriaFB 38 exits. 
I0731 12:16:33.477015 125183 AriaFBExecutor.h:85] AriaFB 3 exits. 
I0731 12:16:33.477010 125217 AriaFBExecutor.h:85] AriaFB 37 exits. 
I0731 12:16:33.477011 125232 AriaFBExecutor.h:85] AriaFB 52 exits. 
I0731 12:16:33.477015 125184 AriaFBExecutor.h:85] AriaFB 4 exits. 
I0731 12:16:33.477011 125231 AriaFBExecutor.h:85] AriaFB 51 exits. 
I0731 12:16:33.477016 125196 AriaFBExecutor.h:85] AriaFB 16 exits. 
I0731 12:16:33.477017 125195 AriaFBExecutor.h:85] AriaFB 15 exits. 
I0731 12:16:33.477003 125216 AriaFBExecutor.h:85] AriaFB 36 exits. 
I0731 12:16:33.477005 125198 AriaFBExecutor.h:85] AriaFB 18 exits. 
I0731 12:16:33.477005 125197 AriaFBExecutor.h:85] AriaFB 17 exits. 
I0731 12:16:33.477005 125219 AriaFBExecutor.h:85] AriaFB 39 exits. 
I0731 12:16:33.477005 125208 AriaFBExecutor.h:85] AriaFB 28 exits. 
I0731 12:16:33.477005 125233 AriaFBExecutor.h:85] AriaFB 53 exits. 
I0731 12:16:33.477012 125235 AriaFBExecutor.h:85] AriaFB 55 exits. 
I0731 12:16:33.477826 125120 AriaFBExecutor.h:610] Worker 1 latency: 620 us (50%) 2856 us (75%) 3315 us (95%) 3785 us (99%).
I0731 12:16:33.478019 125120 AriaFBExecutor.h:610] Worker 2 latency: 832 us (50%) 2927 us (75%) 3380 us (95%) 3867 us (99%).
I0731 12:16:33.478147 125120 AriaFBExecutor.h:610] Worker 3 latency: 1030 us (50%) 2990 us (75%) 3438 us (95%) 3912 us (99%).
I0731 12:16:33.478256 125120 AriaFBExecutor.h:610] Worker 4 latency: 1198 us (50%) 3042 us (75%) 3491 us (95%) 3963 us (99%).
I0731 12:16:33.478380 125120 AriaFBExecutor.h:610] Worker 5 latency: 1317 us (50%) 3098 us (75%) 3544 us (95%) 3987 us (99%).
I0731 12:16:33.478497 125120 AriaFBExecutor.h:610] Worker 6 latency: 1409 us (50%) 3141 us (75%) 3591 us (95%) 4049 us (99%).
I0731 12:16:33.478612 125120 AriaFBExecutor.h:610] Worker 7 latency: 1626 us (50%) 3188 us (75%) 3642 us (95%) 4105 us (99%).
I0731 12:16:33.478742 125120 AriaFBExecutor.h:610] Worker 8 latency: 1685 us (50%) 3233 us (75%) 3695 us (95%) 4161 us (99%).
I0731 12:16:33.478852 125120 AriaFBExecutor.h:610] Worker 9 latency: 1760 us (50%) 3281 us (75%) 3747 us (95%) 4214 us (99%).
I0731 12:16:33.478964 125120 AriaFBExecutor.h:610] Worker 10 latency: 2107 us (50%) 3327 us (75%) 3801 us (95%) 4260 us (99%).
I0731 12:16:33.479076 125120 AriaFBExecutor.h:610] Worker 11 latency: 2162 us (50%) 3371 us (75%) 3847 us (95%) 4315 us (99%).
I0731 12:16:33.479187 125120 AriaFBExecutor.h:610] Worker 12 latency: 2734 us (50%) 3415 us (75%) 3884 us (95%) 4369 us (99%).
I0731 12:16:33.479293 125120 AriaFBExecutor.h:610] Worker 13 latency: 2773 us (50%) 3462 us (75%) 3930 us (95%) 4424 us (99%).
I0731 12:16:33.479401 125120 AriaFBExecutor.h:610] Worker 14 latency: 2782 us (50%) 3510 us (75%) 3970 us (95%) 4480 us (99%).
I0731 12:16:33.479511 125120 AriaFBExecutor.h:610] Worker 15 latency: 2918 us (50%) 3555 us (75%) 4024 us (95%) 4535 us (99%).
I0731 12:16:33.479622 125120 AriaFBExecutor.h:610] Worker 16 latency: 2542 us (50%) 3602 us (75%) 4073 us (95%) 4582 us (99%).
I0731 12:16:33.479732 125120 AriaFBExecutor.h:610] Worker 17 latency: 2982 us (50%) 3650 us (75%) 4122 us (95%) 4626 us (99%).
I0731 12:16:33.479840 125120 AriaFBExecutor.h:610] Worker 18 latency: 3040 us (50%) 3695 us (75%) 4153 us (95%) 4655 us (99%).
I0731 12:16:33.479950 125120 AriaFBExecutor.h:610] Worker 19 latency: 3102 us (50%) 3731 us (75%) 4204 us (95%) 4700 us (99%).
I0731 12:16:33.480057 125120 AriaFBExecutor.h:610] Worker 20 latency: 3122 us (50%) 3777 us (75%) 4256 us (95%) 4741 us (99%).
I0731 12:16:33.480165 125120 AriaFBExecutor.h:610] Worker 21 latency: 3155 us (50%) 3824 us (75%) 4309 us (95%) 4799 us (99%).
I0731 12:16:33.480273 125120 AriaFBExecutor.h:610] Worker 22 latency: 3194 us (50%) 3866 us (75%) 4352 us (95%) 4858 us (99%).
I0731 12:16:33.480377 125120 AriaFBExecutor.h:610] Worker 23 latency: 3264 us (50%) 3916 us (75%) 4404 us (95%) 4917 us (99%).
I0731 12:16:33.480484 125120 AriaFBExecutor.h:610] Worker 24 latency: 3264 us (50%) 3956 us (75%) 4457 us (95%) 4939 us (99%).
I0731 12:16:33.480588 125120 AriaFBExecutor.h:610] Worker 25 latency: 3273 us (50%) 4004 us (75%) 4497 us (95%) 4963 us (99%).
I0731 12:16:33.480693 125120 AriaFBExecutor.h:610] Worker 26 latency: 3377 us (50%) 4054 us (75%) 4557 us (95%) 5027 us (99%).
I0731 12:16:33.480803 125120 AriaFBExecutor.h:610] Worker 27 latency: 3385 us (50%) 4105 us (75%) 4586 us (95%) 5081 us (99%).
I0731 12:16:33.480912 125120 AriaFBExecutor.h:610] Worker 28 latency: 3439 us (50%) 4149 us (75%) 4642 us (95%) 5143 us (99%).
I0731 12:16:33.481019 125120 AriaFBExecutor.h:610] Worker 29 latency: 3431 us (50%) 4198 us (75%) 4690 us (95%) 5168 us (99%).
I0731 12:16:33.481125 125120 AriaFBExecutor.h:610] Worker 30 latency: 3556 us (50%) 4243 us (75%) 4746 us (95%) 5233 us (99%).
I0731 12:16:33.481235 125120 AriaFBExecutor.h:610] Worker 31 latency: 3614 us (50%) 4291 us (75%) 4798 us (95%) 5271 us (99%).
I0731 12:16:33.481338 125120 AriaFBExecutor.h:610] Worker 32 latency: 3542 us (50%) 4328 us (75%) 4855 us (95%) 5314 us (99%).
I0731 12:16:33.481444 125120 AriaFBExecutor.h:610] Worker 33 latency: 3700 us (50%) 4381 us (75%) 4907 us (95%) 5369 us (99%).
I0731 12:16:33.481552 125120 AriaFBExecutor.h:610] Worker 34 latency: 3725 us (50%) 4421 us (75%) 4950 us (95%) 5425 us (99%).
I0731 12:16:33.481657 125120 AriaFBExecutor.h:610] Worker 35 latency: 3783 us (50%) 4469 us (75%) 4989 us (95%) 5480 us (99%).
I0731 12:16:33.481771 125120 AriaFBExecutor.h:610] Worker 36 latency: 3782 us (50%) 4514 us (75%) 5044 us (95%) 5538 us (99%).
I0731 12:16:33.481879 125120 AriaFBExecutor.h:610] Worker 37 latency: 3842 us (50%) 4553 us (75%) 5087 us (95%) 5595 us (99%).
I0731 12:16:33.481988 125120 AriaFBExecutor.h:610] Worker 38 latency: 3917 us (50%) 4603 us (75%) 5126 us (95%) 5658 us (99%).
I0731 12:16:33.482096 125120 AriaFBExecutor.h:610] Worker 39 latency: 3826 us (50%) 4648 us (75%) 5175 us (95%) 5712 us (99%).
I0731 12:16:33.482203 125120 AriaFBExecutor.h:610] Worker 40 latency: 3879 us (50%) 4691 us (75%) 5224 us (95%) 5742 us (99%).
I0731 12:16:33.482311 125120 AriaFBExecutor.h:610] Worker 41 latency: 3587 us (50%) 4741 us (75%) 5254 us (95%) 5782 us (99%).
I0731 12:16:33.482416 125120 AriaFBExecutor.h:610] Worker 42 latency: 2937 us (50%) 4748 us (75%) 5281 us (95%) 5807 us (99%).
I0731 12:16:33.482518 125120 AriaFBExecutor.h:610] Worker 43 latency: 2653 us (50%) 4696 us (75%) 5258 us (95%) 5790 us (99%).
I0731 12:16:33.482612 125120 AriaFBExecutor.h:610] Worker 44 latency: 2479 us (50%) 3397 us (75%) 5092 us (95%) 5690 us (99%).
I0731 12:16:33.482686 125120 AriaFBExecutor.h:610] Worker 45 latency: 2416 us (50%) 2601 us (75%) 3074 us (95%) 3455 us (99%).
I0731 12:16:33.482753 125120 AriaFBExecutor.h:610] Worker 46 latency: 2462 us (50%) 2656 us (75%) 3118 us (95%) 3478 us (99%).
I0731 12:16:33.482810 125120 AriaFBExecutor.h:610] Worker 47 latency: 2510 us (50%) 2690 us (75%) 3179 us (95%) 3534 us (99%).
I0731 12:16:33.482864 125120 AriaFBExecutor.h:610] Worker 48 latency: 2558 us (50%) 2743 us (75%) 3216 us (95%) 3598 us (99%).
I0731 12:16:33.482920 125120 AriaFBExecutor.h:610] Worker 49 latency: 2606 us (50%) 2790 us (75%) 3263 us (95%) 3658 us (99%).
I0731 12:16:33.483007 125120 AriaFBExecutor.h:610] Worker 50 latency: 2656 us (50%) 2841 us (75%) 3317 us (95%) 3721 us (99%).
I0731 12:16:33.483096 125120 AriaFBExecutor.h:610] Worker 51 latency: 2699 us (50%) 2876 us (75%) 3366 us (95%) 3780 us (99%).
I0731 12:16:33.483184 125120 AriaFBExecutor.h:610] Worker 52 latency: 2744 us (50%) 2931 us (75%) 3425 us (95%) 3839 us (99%).
I0731 12:16:33.483273 125120 AriaFBExecutor.h:610] Worker 53 latency: 2797 us (50%) 2978 us (75%) 3457 us (95%) 3891 us (99%).
I0731 12:16:33.483363 125120 AriaFBExecutor.h:610] Worker 54 latency: 2841 us (50%) 3022 us (75%) 3503 us (95%) 3930 us (99%).
I0731 12:16:33.483450 125120 AriaFBExecutor.h:610] Worker 55 latency: 2879 us (50%) 3063 us (75%) 3541 us (95%) 3966 us (99%).
I0731 12:16:33.483543 125120 Coordinator.h:203] Coordinator exits.
@ sparkle original; threads=8
I0731 12:17:04.523298 125571 Database.h:95] partition_num: 1
I0731 12:17:04.524168 125571 Database.h:72] evm_bench initialization finished in 0 milliseconds.
I0731 12:17:04.524188 125571 SparkleManager.h:42] batch size: 100
I0731 12:17:04.524194 125571 WorkerFactory.h:181] workers size (including manager): 9
I0731 12:17:04.524205 125571 SerialManager.h:37] batch size: 100
I0731 12:17:04.524209 125571 SerialExecutor.h:145] init tables for contracts
I0731 12:17:04.524211 125571 SerialExecutor.h:183] init key_num: 200000
I0731 12:17:07.887295 125571 SerialExecutor.h:193] init tables finished
I0731 12:17:07.887324 125571 Coordinator.h:41] Coordinator starts to run 9 workers.
I0731 12:17:07.887379 125571 Coordinator.h:160] core_id: 0
I0731 12:17:07.887442 125571 Coordinator.h:160] core_id: 1
I0731 12:17:07.887493 125571 Coordinator.h:160] core_id: 2
I0731 12:17:07.887506 125582 SparkleExecutor.h:74] SparkleExecutor 0 started. 
I0731 12:17:07.887539 125571 Coordinator.h:160] core_id: 3
I0731 12:17:07.887765 125571 Coordinator.h:160] core_id: 4
I0731 12:17:07.887773 125584 SparkleExecutor.h:74] SparkleExecutor 2 started. 
I0731 12:17:07.887812 125571 Coordinator.h:160] core_id: 5
I0731 12:17:07.887781 125583 SparkleExecutor.h:74] SparkleExecutor 1 started. 
I0731 12:17:07.887873 125571 Coordinator.h:160] core_id: 6
I0731 12:17:07.887856 125585 SparkleExecutor.h:74] SparkleExecutor 3 started. 
I0731 12:17:07.887984 125571 Coordinator.h:160] core_id: 7
I0731 12:17:07.888010 125571 Coordinator.h:46] Protocol Serial/Sparkle detected! Ignore manager initialization.
I0731 12:17:07.888221 125586 SparkleExecutor.h:74] SparkleExecutor 4 started. 
I0731 12:17:07.888371 125587 SparkleExecutor.h:74] SparkleExecutor 5 started. 
I0731 12:17:07.888491 125588 SparkleExecutor.h:74] SparkleExecutor 6 started. 
I0731 12:17:07.888582 125589 SparkleExecutor.h:74] SparkleExecutor 7 started. 
I0731 12:17:08.888093 125571 Coordinator.h:89] commit: 42081 abort: 137433 (0/137433/0), network size: 0, avg network size: 0, si_in_serializable: 0 0 %, local: 0 %
I0731 12:17:09.888257 125571 Coordinator.h:89] commit: 41704 abort: 138679 (0/138679/0), network size: 0, avg network size: 0, si_in_serializable: 0 0 %, local: 0 %
I0731 12:17:10.888376 125571 Coordinator.h:89] commit: 41809 abort: 140031 (0/140031/0), network size: 0, avg network size: 0, si_in_serializable: 0 0 %, local: 0 %
I0731 12:17:11.888486 125571 Coordinator.h:89] commit: 41508 abort: 140115 (0/140115/0), network size: 0, avg network size: 0, si_in_serializable: 0 0 %, local: 0 %
I0731 12:17:12.888612 125571 Coordinator.h:89] commit: 41581 abort: 139865 (0/139865/0), network size: 0, avg network size: 0, si_in_serializable: 0 0 %, local: 0 %
I0731 12:17:12.888655 125571 Coordinator.h:117] average commit: 41736.6 abort: 139225 (0/139225/0), abort cascade: 10235.2, abort length: 694685, network size: 0, avg network size: 0, si_in_serializable: 0 0 %, local: 0 %
I0731 12:17:12.888742 125589 SparkleExecutor.h:170] SparkleExecutor 7 exits. 
I0731 12:17:12.888785 125582 SparkleExecutor.h:170] SparkleExecutor 0 exits. 
I0731 12:17:12.888835 125583 SparkleExecutor.h:170] SparkleExecutor 1 exits. 
I0731 12:17:12.888836 125584 SparkleExecutor.h:170] SparkleExecutor 2 exits. 
I0731 12:17:12.888864 125585 SparkleExecutor.h:170] SparkleExecutor 3 exits. 
I0731 12:17:12.888886 125586 SparkleExecutor.h:170] SparkleExecutor 4 exits. 
I0731 12:17:12.888931 125587 SparkleExecutor.h:170] SparkleExecutor 5 exits. 
I0731 12:17:12.888933 125588 SparkleExecutor.h:170] SparkleExecutor 6 exits. 
I0731 12:17:12.888700 125571 SparkleExecutor.h:291] Worker 0 latency: 187 us (50%) 223 us (75%) 279 us (95%) 324 us (99%).
I0731 12:17:12.892786 125571 SparkleExecutor.h:291] Worker 1 latency: 187 us (50%) 223 us (75%) 280 us (95%) 324 us (99%).
I0731 12:17:12.897048 125571 SparkleExecutor.h:291] Worker 2 latency: 187 us (50%) 223 us (75%) 279 us (95%) 324 us (99%).
I0731 12:17:12.899654 125571 SparkleExecutor.h:291] Worker 3 latency: 187 us (50%) 223 us (75%) 279 us (95%) 323 us (99%).
I0731 12:17:12.900955 125571 SparkleExecutor.h:291] Worker 4 latency: 187 us (50%) 223 us (75%) 280 us (95%) 322 us (99%).
I0731 12:17:12.902211 125571 SparkleExecutor.h:291] Worker 5 latency: 186 us (50%) 223 us (75%) 280 us (95%) 325 us (99%).
I0731 12:17:12.903560 125571 SparkleExecutor.h:291] Worker 6 latency: 187 us (50%) 223 us (75%) 279 us (95%) 322 us (99%).
I0731 12:17:12.904788 125571 SparkleExecutor.h:291] Worker 7 latency: 187 us (50%) 223 us (75%) 279 us (95%) 324 us (99%).
I0731 12:17:12.906106 125571 Coordinator.h:153] Coordinator exits.
@ sparkle original; threads=16
I0731 12:17:19.597373 125597 Database.h:95] partition_num: 1
I0731 12:17:19.598659 125597 Database.h:72] evm_bench initialization finished in 1 milliseconds.
I0731 12:17:19.598683 125597 SparkleManager.h:42] batch size: 100
I0731 12:17:19.598696 125597 WorkerFactory.h:181] workers size (including manager): 17
I0731 12:17:19.598711 125597 SerialManager.h:37] batch size: 100
I0731 12:17:19.598714 125597 SerialExecutor.h:145] init tables for contracts
I0731 12:17:19.598717 125597 SerialExecutor.h:183] init key_num: 200000
I0731 12:17:22.917737 125597 SerialExecutor.h:193] init tables finished
I0731 12:17:22.917759 125597 Coordinator.h:41] Coordinator starts to run 17 workers.
I0731 12:17:22.917814 125597 Coordinator.h:160] core_id: 0
I0731 12:17:22.917874 125597 Coordinator.h:160] core_id: 1
I0731 12:17:22.917925 125597 Coordinator.h:160] core_id: 2
I0731 12:17:22.917939 125616 SparkleExecutor.h:74] SparkleExecutor 0 started. 
I0731 12:17:22.917968 125597 Coordinator.h:160] core_id: 3
I0731 12:17:22.918058 125597 Coordinator.h:160] core_id: 4
I0731 12:17:22.918097 125618 SparkleExecutor.h:74] SparkleExecutor 2 started. 
I0731 12:17:22.918103 125617 SparkleExecutor.h:74] SparkleExecutor 1 started. 
I0731 12:17:22.918200 125597 Coordinator.h:160] core_id: 5
I0731 12:17:22.918212 125619 SparkleExecutor.h:74] SparkleExecutor 3 started. 
I0731 12:17:22.918315 125597 Coordinator.h:160] core_id: 6
I0731 12:17:22.918380 125597 Coordinator.h:160] core_id: 7
I0731 12:17:22.918428 125597 Coordinator.h:160] core_id: 8
I0731 12:17:22.918447 125620 SparkleExecutor.h:74] SparkleExecutor 4 started. 
I0731 12:17:22.918534 125597 Coordinator.h:160] core_id: 9
I0731 12:17:22.918607 125597 Coordinator.h:160] core_id: 10
I0731 12:17:22.918711 125597 Coordinator.h:160] core_id: 11
I0731 12:17:22.918851 125597 Coordinator.h:160] core_id: 12
I0731 12:17:22.918848 125621 SparkleExecutor.h:74] SparkleExecutor 5 started. 
I0731 12:17:22.918998 125597 Coordinator.h:160] core_id: 13
I0731 12:17:22.919026 125626 SparkleExecutor.h:74] SparkleExecutor 10 started. 
I0731 12:17:22.919101 125597 Coordinator.h:160] core_id: 14
I0731 12:17:22.919227 125627 SparkleExecutor.h:74] SparkleExecutor 11 started. 
I0731 12:17:22.919267 125597 Coordinator.h:160] core_id: 15
I0731 12:17:22.919291 125597 Coordinator.h:46] Protocol Serial/Sparkle detected! Ignore manager initialization.
I0731 12:17:22.919463 125624 SparkleExecutor.h:74] SparkleExecutor 8 started. 
I0731 12:17:22.919699 125625 SparkleExecutor.h:74] SparkleExecutor 9 started. 
I0731 12:17:22.919813 125622 SparkleExecutor.h:74] SparkleExecutor 6 started. 
I0731 12:17:22.919950 125623 SparkleExecutor.h:74] SparkleExecutor 7 started. 
I0731 12:17:22.920040 125628 SparkleExecutor.h:74] SparkleExecutor 12 started. 
I0731 12:17:22.920213 125629 SparkleExecutor.h:74] SparkleExecutor 13 started. 
I0731 12:17:22.920377 125630 SparkleExecutor.h:74] SparkleExecutor 14 started. 
I0731 12:17:22.920483 125631 SparkleExecutor.h:74] SparkleExecutor 15 started. 
I0731 12:17:23.919378 125597 Coordinator.h:89] commit: 35995 abort: 235305 (0/235305/0), network size: 0, avg network size: 0, si_in_serializable: 0 0 %, local: 0 %
I0731 12:17:24.919546 125597 Coordinator.h:89] commit: 36033 abort: 236512 (0/236512/0), network size: 0, avg network size: 0, si_in_serializable: 0 0 %, local: 0 %
I0731 12:17:25.919667 125597 Coordinator.h:89] commit: 35536 abort: 236701 (0/236701/0), network size: 0, avg network size: 0, si_in_serializable: 0 0 %, local: 0 %
I0731 12:17:26.919770 125597 Coordinator.h:89] commit: 35720 abort: 238459 (0/238459/0), network size: 0, avg network size: 0, si_in_serializable: 0 0 %, local: 0 %
I0731 12:17:27.919898 125597 Coordinator.h:89] commit: 35488 abort: 236812 (0/236812/0), network size: 0, avg network size: 0, si_in_serializable: 0 0 %, local: 0 %
I0731 12:17:27.919935 125597 Coordinator.h:117] average commit: 35754.4 abort: 236758 (0/236758/0), abort cascade: 29516.4, abort length: 1.18214e+06, network size: 0, avg network size: 0, si_in_serializable: 0 0 %, local: 0 %
I0731 12:17:27.920008 125625 SparkleExecutor.h:170] SparkleExecutor 9 exits. 
I0731 12:17:27.920054 125626 SparkleExecutor.h:170] SparkleExecutor 10 exits. 
I0731 12:17:27.920140 125627 SparkleExecutor.h:170] SparkleExecutor 11 exits. 
I0731 12:17:27.920179 125628 SparkleExecutor.h:170] SparkleExecutor 12 exits. 
I0731 12:17:27.920187 125629 SparkleExecutor.h:170] SparkleExecutor 13 exits. 
I0731 12:17:27.920245 125630 SparkleExecutor.h:170] SparkleExecutor 14 exits. 
I0731 12:17:27.920269 125631 SparkleExecutor.h:170] SparkleExecutor 15 exits. 
I0731 12:17:27.920303 125616 SparkleExecutor.h:170] SparkleExecutor 0 exits. 
I0731 12:17:27.920329 125617 SparkleExecutor.h:170] SparkleExecutor 1 exits. 
I0731 12:17:27.920333 125618 SparkleExecutor.h:170] SparkleExecutor 2 exits. 
I0731 12:17:27.920336 125619 SparkleExecutor.h:170] SparkleExecutor 3 exits. 
I0731 12:17:27.920348 125620 SparkleExecutor.h:170] SparkleExecutor 4 exits. 
I0731 12:17:27.920369 125621 SparkleExecutor.h:170] SparkleExecutor 5 exits. 
I0731 12:17:27.920403 125622 SparkleExecutor.h:170] SparkleExecutor 6 exits. 
I0731 12:17:27.920404 125623 SparkleExecutor.h:170] SparkleExecutor 7 exits. 
I0731 12:17:27.920459 125624 SparkleExecutor.h:170] SparkleExecutor 8 exits. 
I0731 12:17:27.919968 125597 SparkleExecutor.h:291] Worker 0 latency: 439 us (50%) 516 us (75%) 640 us (95%) 737 us (99%).
I0731 12:17:27.922204 125597 SparkleExecutor.h:291] Worker 1 latency: 439 us (50%) 516 us (75%) 640 us (95%) 733 us (99%).
I0731 12:17:27.924257 125597 SparkleExecutor.h:291] Worker 2 latency: 439 us (50%) 517 us (75%) 637 us (95%) 732 us (99%).
I0731 12:17:27.926093 125597 SparkleExecutor.h:291] Worker 3 latency: 439 us (50%) 517 us (75%) 638 us (95%) 731 us (99%).
I0731 12:17:27.928110 125597 SparkleExecutor.h:291] Worker 4 latency: 440 us (50%) 517 us (75%) 638 us (95%) 728 us (99%).
I0731 12:17:27.930011 125597 SparkleExecutor.h:291] Worker 5 latency: 439 us (50%) 516 us (75%) 637 us (95%) 735 us (99%).
I0731 12:17:27.931289 125597 SparkleExecutor.h:291] Worker 6 latency: 440 us (50%) 515 us (75%) 636 us (95%) 738 us (99%).
I0731 12:17:27.931883 125597 SparkleExecutor.h:291] Worker 7 latency: 440 us (50%) 514 us (75%) 639 us (95%) 739 us (99%).
I0731 12:17:27.932519 125597 SparkleExecutor.h:291] Worker 8 latency: 438 us (50%) 515 us (75%) 639 us (95%) 735 us (99%).
I0731 12:17:27.933106 125597 SparkleExecutor.h:291] Worker 9 latency: 438 us (50%) 516 us (75%) 640 us (95%) 738 us (99%).
I0731 12:17:27.933753 125597 SparkleExecutor.h:291] Worker 10 latency: 439 us (50%) 516 us (75%) 635 us (95%) 738 us (99%).
I0731 12:17:27.934342 125597 SparkleExecutor.h:291] Worker 11 latency: 439 us (50%) 517 us (75%) 638 us (95%) 741 us (99%).
I0731 12:17:27.934985 125597 SparkleExecutor.h:291] Worker 12 latency: 439 us (50%) 517 us (75%) 636 us (95%) 736 us (99%).
I0731 12:17:27.935568 125597 SparkleExecutor.h:291] Worker 13 latency: 440 us (50%) 516 us (75%) 636 us (95%) 733 us (99%).
I0731 12:17:27.936229 125597 SparkleExecutor.h:291] Worker 14 latency: 440 us (50%) 516 us (75%) 637 us (95%) 729 us (99%).
I0731 12:17:27.936816 125597 SparkleExecutor.h:291] Worker 15 latency: 440 us (50%) 516 us (75%) 637 us (95%) 737 us (99%).
I0731 12:17:27.937453 125597 Coordinator.h:153] Coordinator exits.
@ sparkle original; threads=24
I0731 12:17:34.647212 125639 Database.h:95] partition_num: 1
I0731 12:17:34.649194 125639 Database.h:72] evm_bench initialization finished in 1 milliseconds.
I0731 12:17:34.649241 125639 SparkleManager.h:42] batch size: 100
I0731 12:17:34.649261 125639 WorkerFactory.h:181] workers size (including manager): 25
I0731 12:17:34.649286 125639 SerialManager.h:37] batch size: 100
I0731 12:17:34.649293 125639 SerialExecutor.h:145] init tables for contracts
I0731 12:17:34.649298 125639 SerialExecutor.h:183] init key_num: 200000
I0731 12:17:37.984645 125639 SerialExecutor.h:193] init tables finished
I0731 12:17:37.984670 125639 Coordinator.h:41] Coordinator starts to run 25 workers.
I0731 12:17:37.984724 125639 Coordinator.h:160] core_id: 0
I0731 12:17:37.984784 125639 Coordinator.h:160] core_id: 1
I0731 12:17:37.984841 125639 Coordinator.h:160] core_id: 2
I0731 12:17:37.984838 125666 SparkleExecutor.h:74] SparkleExecutor 0 started. 
I0731 12:17:37.984894 125639 Coordinator.h:160] core_id: 3
I0731 12:17:37.985033 125639 Coordinator.h:160] core_id: 4
I0731 12:17:37.985069 125667 SparkleExecutor.h:74] SparkleExecutor 1 started. 
I0731 12:17:37.985071 125668 SparkleExecutor.h:74] SparkleExecutor 2 started. 
I0731 12:17:37.985136 125669 SparkleExecutor.h:74] SparkleExecutor 3 started. 
I0731 12:17:37.985147 125639 Coordinator.h:160] core_id: 5
I0731 12:17:37.985283 125639 Coordinator.h:160] core_id: 6
I0731 12:17:37.985384 125639 Coordinator.h:160] core_id: 7
I0731 12:17:37.985376 125670 SparkleExecutor.h:74] SparkleExecutor 4 started. 
I0731 12:17:37.985538 125639 Coordinator.h:160] core_id: 8
I0731 12:17:37.985563 125671 SparkleExecutor.h:74] SparkleExecutor 5 started. 
I0731 12:17:37.985638 125639 Coordinator.h:160] core_id: 9
I0731 12:17:37.985731 125639 Coordinator.h:160] core_id: 10
I0731 12:17:37.985826 125672 SparkleExecutor.h:74] SparkleExecutor 6 started. 
I0731 12:17:37.985843 125639 Coordinator.h:160] core_id: 11
I0731 12:17:37.985993 125639 Coordinator.h:160] core_id: 12
I0731 12:17:37.985992 125673 SparkleExecutor.h:74] SparkleExecutor 7 started. 
I0731 12:17:37.986106 125639 Coordinator.h:160] core_id: 13
I0731 12:17:37.986220 125677 SparkleExecutor.h:74] SparkleExecutor 11 started. 
I0731 12:17:37.986234 125639 Coordinator.h:160] core_id: 14
I0731 12:17:37.986289 125678 SparkleExecutor.h:74] SparkleExecutor 12 started. 
I0731 12:17:37.986439 125639 Coordinator.h:160] core_id: 15
I0731 12:17:37.986649 125679 SparkleExecutor.h:74] SparkleExecutor 13 started. 
I0731 12:17:37.986678 125639 Coordinator.h:160] core_id: 16
I0731 12:17:37.986819 125639 Coordinator.h:160] core_id: 17
I0731 12:17:37.986994 125639 Coordinator.h:160] core_id: 18
I0731 12:17:37.987006 125674 SparkleExecutor.h:74] SparkleExecutor 8 started. 
I0731 12:17:37.987154 125639 Coordinator.h:160] core_id: 19
I0731 12:17:37.987300 125639 Coordinator.h:160] core_id: 20
I0731 12:17:37.987466 125675 SparkleExecutor.h:74] SparkleExecutor 9 started. 
I0731 12:17:37.987490 125639 Coordinator.h:160] core_id: 21
I0731 12:17:37.987634 125676 SparkleExecutor.h:74] SparkleExecutor 10 started. 
I0731 12:17:37.987668 125639 Coordinator.h:160] core_id: 22
I0731 12:17:37.987890 125639 Coordinator.h:160] core_id: 23
I0731 12:17:37.987879 125686 SparkleExecutor.h:74] SparkleExecutor 20 started. 
I0731 12:17:37.987920 125639 Coordinator.h:46] Protocol Serial/Sparkle detected! Ignore manager initialization.
I0731 12:17:37.987964 125681 SparkleExecutor.h:74] SparkleExecutor 15 started. 
I0731 12:17:37.988265 125682 SparkleExecutor.h:74] SparkleExecutor 16 started. 
I0731 12:17:37.988345 125683 SparkleExecutor.h:74] SparkleExecutor 17 started. 
I0731 12:17:37.988499 125684 SparkleExecutor.h:74] SparkleExecutor 18 started. 
I0731 12:17:37.988637 125685 SparkleExecutor.h:74] SparkleExecutor 19 started. 
I0731 12:17:37.988772 125680 SparkleExecutor.h:74] SparkleExecutor 14 started. 
I0731 12:17:37.988871 125687 SparkleExecutor.h:74] SparkleExecutor 21 started. 
I0731 12:17:37.989039 125688 SparkleExecutor.h:74] SparkleExecutor 22 started. 
I0731 12:17:37.989115 125689 SparkleExecutor.h:74] SparkleExecutor 23 started. 
I0731 12:17:38.987990 125639 Coordinator.h:89] commit: 28024 abort: 274012 (0/274012/0), network size: 0, avg network size: 0, si_in_serializable: 0 0 %, local: 0 %
I0731 12:17:39.988108 125639 Coordinator.h:89] commit: 27733 abort: 271992 (0/271992/0), network size: 0, avg network size: 0, si_in_serializable: 0 0 %, local: 0 %
I0731 12:17:40.988222 125639 Coordinator.h:89] commit: 28347 abort: 276586 (0/276586/0), network size: 0, avg network size: 0, si_in_serializable: 0 0 %, local: 0 %
I0731 12:17:41.988329 125639 Coordinator.h:89] commit: 27763 abort: 273847 (0/273847/0), network size: 0, avg network size: 0, si_in_serializable: 0 0 %, local: 0 %
I0731 12:17:42.988423 125639 Coordinator.h:89] commit: 27856 abort: 274789 (0/274789/0), network size: 0, avg network size: 0, si_in_serializable: 0 0 %, local: 0 %
I0731 12:17:42.988446 125639 Coordinator.h:117] average commit: 27944.6 abort: 274245 (0/274245/0), abort cascade: 40877.6, abort length: 1.37017e+06, network size: 0, avg network size: 0, si_in_serializable: 0 0 %, local: 0 %
I0731 12:17:42.988507 125685 SparkleExecutor.h:170] SparkleExecutor 19 exits. 
I0731 12:17:42.988526 125686 SparkleExecutor.h:170] SparkleExecutor 20 exits. 
I0731 12:17:42.988579 125687 SparkleExecutor.h:170] SparkleExecutor 21 exits. 
I0731 12:17:42.988652 125688 SparkleExecutor.h:170] SparkleExecutor 22 exits. 
I0731 12:17:42.988755 125689 SparkleExecutor.h:170] SparkleExecutor 23 exits. 
I0731 12:17:42.988833 125666 SparkleExecutor.h:170] SparkleExecutor 0 exits. 
I0731 12:17:42.988894 125667 SparkleExecutor.h:170] SparkleExecutor 1 exits. 
I0731 12:17:42.988466 125639 SparkleExecutor.h:291] Worker 0 latency: 844 us (50%) 974 us (75%) 1189 us (95%) 1362 us (99%).
I0731 12:17:42.988945 125668 SparkleExecutor.h:170] SparkleExecutor 2 exits. 
I0731 12:17:42.988986 125669 SparkleExecutor.h:170] SparkleExecutor 3 exits. 
I0731 12:17:42.989023 125670 SparkleExecutor.h:170] SparkleExecutor 4 exits. 
I0731 12:17:42.989035 125671 SparkleExecutor.h:170] SparkleExecutor 5 exits. 
I0731 12:17:42.989055 125672 SparkleExecutor.h:170] SparkleExecutor 6 exits. 
I0731 12:17:42.989187 125673 SparkleExecutor.h:170] SparkleExecutor 7 exits. 
I0731 12:17:42.989243 125674 SparkleExecutor.h:170] SparkleExecutor 8 exits. 
I0731 12:17:42.989281 125675 SparkleExecutor.h:170] SparkleExecutor 9 exits. 
I0731 12:17:42.989342 125676 SparkleExecutor.h:170] SparkleExecutor 10 exits. 
I0731 12:17:42.989420 125677 SparkleExecutor.h:170] SparkleExecutor 11 exits. 
I0731 12:17:42.989432 125678 SparkleExecutor.h:170] SparkleExecutor 12 exits. 
I0731 12:17:42.989455 125679 SparkleExecutor.h:170] SparkleExecutor 13 exits. 
I0731 12:17:42.988984 125639 SparkleExecutor.h:291] Worker 1 latency: 846 us (50%) 974 us (75%) 1183 us (95%) 1361 us (99%).
I0731 12:17:42.989513 125680 SparkleExecutor.h:170] SparkleExecutor 14 exits. 
I0731 12:17:42.989570 125681 SparkleExecutor.h:170] SparkleExecutor 15 exits. 
I0731 12:17:42.989605 125682 SparkleExecutor.h:170] SparkleExecutor 16 exits. 
I0731 12:17:42.989661 125683 SparkleExecutor.h:170] SparkleExecutor 17 exits. 
I0731 12:17:42.989665 125684 SparkleExecutor.h:170] SparkleExecutor 18 exits. 
I0731 12:17:42.989528 125639 SparkleExecutor.h:291] Worker 2 latency: 846 us (50%) 975 us (75%) 1182 us (95%) 1375 us (99%).
I0731 12:17:42.989944 125639 SparkleExecutor.h:291] Worker 3 latency: 846 us (50%) 973 us (75%) 1187 us (95%) 1369 us (99%).
I0731 12:17:42.990284 125639 SparkleExecutor.h:291] Worker 4 latency: 846 us (50%) 971 us (75%) 1191 us (95%) 1371 us (99%).
I0731 12:17:42.990636 125639 SparkleExecutor.h:291] Worker 5 latency: 847 us (50%) 973 us (75%) 1188 us (95%) 1370 us (99%).
I0731 12:17:42.990990 125639 SparkleExecutor.h:291] Worker 6 latency: 842 us (50%) 975 us (75%) 1186 us (95%) 1367 us (99%).
I0731 12:17:42.991338 125639 SparkleExecutor.h:291] Worker 7 latency: 843 us (50%) 976 us (75%) 1189 us (95%) 1359 us (99%).
I0731 12:17:42.991684 125639 SparkleExecutor.h:291] Worker 8 latency: 842 us (50%) 977 us (75%) 1196 us (95%) 1364 us (99%).
I0731 12:17:42.992039 125639 SparkleExecutor.h:291] Worker 9 latency: 846 us (50%) 976 us (75%) 1198 us (95%) 1353 us (99%).
I0731 12:17:42.992385 125639 SparkleExecutor.h:291] Worker 10 latency: 848 us (50%) 975 us (75%) 1201 us (95%) 1344 us (99%).
I0731 12:17:42.992725 125639 SparkleExecutor.h:291] Worker 11 latency: 847 us (50%) 975 us (75%) 1195 us (95%) 1349 us (99%).
I0731 12:17:42.993063 125639 SparkleExecutor.h:291] Worker 12 latency: 845 us (50%) 976 us (75%) 1196 us (95%) 1349 us (99%).
I0731 12:17:42.993407 125639 SparkleExecutor.h:291] Worker 13 latency: 845 us (50%) 978 us (75%) 1192 us (95%) 1344 us (99%).
I0731 12:17:42.993760 125639 SparkleExecutor.h:291] Worker 14 latency: 846 us (50%) 975 us (75%) 1188 us (95%) 1358 us (99%).
I0731 12:17:42.994107 125639 SparkleExecutor.h:291] Worker 15 latency: 846 us (50%) 975 us (75%) 1189 us (95%) 1360 us (99%).
I0731 12:17:42.994449 125639 SparkleExecutor.h:291] Worker 16 latency: 846 us (50%) 971 us (75%) 1191 us (95%) 1358 us (99%).
I0731 12:17:42.994801 125639 SparkleExecutor.h:291] Worker 17 latency: 844 us (50%) 974 us (75%) 1187 us (95%) 1372 us (99%).
I0731 12:17:42.995149 125639 SparkleExecutor.h:291] Worker 18 latency: 841 us (50%) 976 us (75%) 1187 us (95%) 1360 us (99%).
I0731 12:17:42.995496 125639 SparkleExecutor.h:291] Worker 19 latency: 844 us (50%) 974 us (75%) 1187 us (95%) 1370 us (99%).
I0731 12:17:42.995836 125639 SparkleExecutor.h:291] Worker 20 latency: 844 us (50%) 976 us (75%) 1187 us (95%) 1372 us (99%).
I0731 12:17:42.996178 125639 SparkleExecutor.h:291] Worker 21 latency: 843 us (50%) 974 us (75%) 1187 us (95%) 1374 us (99%).
I0731 12:17:42.996521 125639 SparkleExecutor.h:291] Worker 22 latency: 844 us (50%) 974 us (75%) 1188 us (95%) 1359 us (99%).
I0731 12:17:42.996865 125639 SparkleExecutor.h:291] Worker 23 latency: 842 us (50%) 973 us (75%) 1188 us (95%) 1349 us (99%).
I0731 12:17:42.997205 125639 Coordinator.h:153] Coordinator exits.
@ sparkle original; threads=32
I0731 12:17:49.716380 125697 Database.h:95] partition_num: 1
I0731 12:17:49.718380 125697 Database.h:72] evm_bench initialization finished in 1 milliseconds.
I0731 12:17:49.718408 125697 SparkleManager.h:42] batch size: 100
I0731 12:17:49.718420 125697 WorkerFactory.h:181] workers size (including manager): 33
I0731 12:17:49.718434 125697 SerialManager.h:37] batch size: 100
I0731 12:17:49.718438 125697 SerialExecutor.h:145] init tables for contracts
I0731 12:17:49.718441 125697 SerialExecutor.h:183] init key_num: 200000
I0731 12:17:53.067209 125697 SerialExecutor.h:193] init tables finished
I0731 12:17:53.067234 125697 Coordinator.h:41] Coordinator starts to run 33 workers.
I0731 12:17:53.067291 125697 Coordinator.h:160] core_id: 0
I0731 12:17:53.067354 125697 Coordinator.h:160] core_id: 1
I0731 12:17:53.067399 125697 Coordinator.h:160] core_id: 2
I0731 12:17:53.067412 125732 SparkleExecutor.h:74] SparkleExecutor 0 started. 
I0731 12:17:53.067440 125697 Coordinator.h:160] core_id: 3
I0731 12:17:53.067546 125733 SparkleExecutor.h:74] SparkleExecutor 1 started. 
I0731 12:17:53.067646 125697 Coordinator.h:160] core_id: 4
I0731 12:17:53.067653 125735 SparkleExecutor.h:74] SparkleExecutor 3 started. 
I0731 12:17:53.067746 125697 Coordinator.h:160] core_id: 5
I0731 12:17:53.067732 125734 SparkleExecutor.h:74] SparkleExecutor 2 started. 
I0731 12:17:53.067931 125697 Coordinator.h:160] core_id: 6
I0731 12:17:53.067999 125697 Coordinator.h:160] core_id: 7
I0731 12:17:53.068078 125697 Coordinator.h:160] core_id: 8
I0731 12:17:53.068130 125736 SparkleExecutor.h:74] SparkleExecutor 4 started. 
I0731 12:17:53.068148 125697 Coordinator.h:160] core_id: 9
I0731 12:17:53.068305 125697 Coordinator.h:160] core_id: 10
I0731 12:17:53.068393 125697 Coordinator.h:160] core_id: 11
I0731 12:17:53.068406 125737 SparkleExecutor.h:74] SparkleExecutor 5 started. 
I0731 12:17:53.068475 125697 Coordinator.h:160] core_id: 12
I0731 12:17:53.068560 125697 Coordinator.h:160] core_id: 13
I0731 12:17:53.068681 125697 Coordinator.h:160] core_id: 14
I0731 12:17:53.068722 125738 SparkleExecutor.h:74] SparkleExecutor 6 started. 
I0731 12:17:53.068845 125697 Coordinator.h:160] core_id: 15
I0731 12:17:53.068964 125697 Coordinator.h:160] core_id: 16
I0731 12:17:53.069029 125697 Coordinator.h:160] core_id: 17
I0731 12:17:53.069037 125739 SparkleExecutor.h:74] SparkleExecutor 7 started. 
I0731 12:17:53.069099 125697 Coordinator.h:160] core_id: 18
I0731 12:17:53.069290 125697 Coordinator.h:160] core_id: 19
I0731 12:17:53.069406 125740 SparkleExecutor.h:74] SparkleExecutor 8 started. 
I0731 12:17:53.069422 125697 Coordinator.h:160] core_id: 20
I0731 12:17:53.069645 125697 Coordinator.h:160] core_id: 21
I0731 12:17:53.069762 125751 SparkleExecutor.h:74] SparkleExecutor 19 started. 
I0731 12:17:53.069800 125697 Coordinator.h:160] core_id: 22
I0731 12:17:53.070001 125697 Coordinator.h:160] core_id: 23
I0731 12:17:53.070062 125742 SparkleExecutor.h:74] SparkleExecutor 10 started. 
I0731 12:17:53.070240 125697 Coordinator.h:160] core_id: 24
I0731 12:17:53.070271 125743 SparkleExecutor.h:74] SparkleExecutor 11 started. 
I0731 12:17:53.070513 125697 Coordinator.h:160] core_id: 25
I0731 12:17:53.070617 125744 SparkleExecutor.h:74] SparkleExecutor 12 started. 
I0731 12:17:53.070786 125697 Coordinator.h:160] core_id: 26
I0731 12:17:53.070848 125745 SparkleExecutor.h:74] SparkleExecutor 13 started. 
I0731 12:17:53.071002 125697 Coordinator.h:160] core_id: 27
I0731 12:17:53.071143 125746 SparkleExecutor.h:74] SparkleExecutor 14 started. 
I0731 12:17:53.071177 125697 Coordinator.h:160] core_id: 28
I0731 12:17:53.071441 125697 Coordinator.h:160] core_id: 29
I0731 12:17:53.071550 125747 SparkleExecutor.h:74] SparkleExecutor 15 started. 
I0731 12:17:53.071620 125697 Coordinator.h:160] core_id: 30
I0731 12:17:53.071791 125748 SparkleExecutor.h:74] SparkleExecutor 16 started. 
I0731 12:17:53.071851 125697 Coordinator.h:160] core_id: 31
I0731 12:17:53.071868 125749 SparkleExecutor.h:74] SparkleExecutor 17 started. 
I0731 12:17:53.071906 125697 Coordinator.h:46] Protocol Serial/Sparkle detected! Ignore manager initialization.
I0731 12:17:53.071946 125750 SparkleExecutor.h:74] SparkleExecutor 18 started. 
I0731 12:17:53.072139 125763 SparkleExecutor.h:74] SparkleExecutor 31 started. 
