I0306 18:16:12.476569 2090718 SparkleExecutor.h:941] Worker 9 multi latency: 177 us (1%) 591 us (50%) 893 us (75%) 1471 us (95%) 1410 us (99%).
I0306 18:16:12.476769 2090718 SparkleExecutor.h:936] Worker 10 latency: 343 us (50%) 631 us (75%) 944 us (95%) 1353 us (99%).
I0306 18:16:12.479468 2090718 SparkleExecutor.h:941] Worker 10 multi latency: 164 us (1%) 575 us (50%) 890 us (75%) 1434 us (95%) 1353 us (99%).
I0306 18:16:12.479655 2090718 SparkleExecutor.h:936] Worker 11 latency: 349 us (50%) 636 us (75%) 949 us (95%) 1413 us (99%).
I0306 18:16:12.482419 2090718 SparkleExecutor.h:941] Worker 11 multi latency: 173 us (1%) 589 us (50%) 892 us (75%) 1488 us (95%) 1413 us (99%).
I0306 18:16:12.482617 2090718 SparkleExecutor.h:936] Worker 12 latency: 344 us (50%) 631 us (75%) 944 us (95%) 1355 us (99%).
I0306 18:16:12.485342 2090718 SparkleExecutor.h:941] Worker 12 multi latency: 171 us (1%) 590 us (50%) 894 us (75%) 1435 us (95%) 1355 us (99%).
I0306 18:16:12.485528 2090718 SparkleExecutor.h:936] Worker 13 latency: 348 us (50%) 634 us (75%) 948 us (95%) 1403 us (99%).
I0306 18:16:12.488528 2090718 SparkleExecutor.h:941] Worker 13 multi latency: 175 us (1%) 571 us (50%) 883 us (75%) 1443 us (95%) 1403 us (99%).
I0306 18:16:12.488739 2090718 SparkleExecutor.h:936] Worker 14 latency: 348 us (50%) 637 us (75%) 950 us (95%) 1406 us (99%).
I0306 18:16:12.491508 2090718 SparkleExecutor.h:941] Worker 14 multi latency: 168 us (1%) 599 us (50%) 896 us (75%) 1499 us (95%) 1406 us (99%).
test_partition1.sh: line 36: 2090718 Killed                  $execute --threads=$threads --protocol=Spectrum --keys=$keys --zipf=$zipf --contract_type=$contract_type --partition_num=$partition_num --global_key_space=false --global_partition_id=0 --cross_ratio=$cross_ratio --time_to_run=10 --sparkle_lock_manager=1
@ Spectrum; cross_ratio=30
I0306 18:16:25.915452 2090875 Database.h:95] partition_num: 2
I0306 18:16:25.918977 2090875 Database.h:72] evm_bench initialization finished in 2 milliseconds.
I0306 18:16:25.919240 2090909 main.cpp:89] SpectrumServer 0 started at 53007!
I0306 18:16:25.919283 2090909 Server.h:52] Server 0 starts to run.
I0306 18:16:26.419495 2090912 main.cpp:75] SpectrumClient 0 started connect to 53007!
I0306 18:16:26.419602 2090909 Server.h:57] 127.0.0.1:40874 -> 127.0.0.1:53007 is UP
I0306 18:16:26.419692 2090909 Server.h:57] 127.0.0.1:40886 -> 127.0.0.1:53007 is UP
I0306 18:16:26.419747 2090912 Client.h:90] 127.0.0.1:53007 -> 127.0.0.1:40886 is UP
I0306 18:16:26.919586 2090918 main.cpp:75] SpectrumClient 1 started connect to 53008!
I0306 18:16:26.919795 2090918 Client.h:90] 127.0.0.1:53008 -> 127.0.0.1:38610 is UP
I0306 18:16:27.419435 2090875 main.cpp:199] 2 clients connected.
I0306 18:16:27.419548 2090875 SparkleManager.h:45] batch size: 100
I0306 18:16:27.448216 2090875 WorkerFactory.h:179] workers size (including manager): 16
I0306 18:16:27.448246 2090875 SerialManager.h:37] batch size: 100
I0306 18:16:27.448252 2090875 SerialExecutor.h:154] init tables for contracts
I0306 18:16:27.448256 2090875 SerialExecutor.h:192] init key_num: 200000
I0306 18:16:30.524736 2090875 SerialExecutor.h:203] init tables finished
I0306 18:16:32.524865 2090875 Coordinator.h:41] Coordinator starts to run 16 workers.
I0306 18:16:32.525101 2090875 Coordinator.h:184] core_id: 56
I0306 18:16:32.525485 2090875 Coordinator.h:184] core_id: 57
I0306 18:16:32.525513 2090971 SparkleExecutor.h:105] SparkleExecutor 0 started. 
I0306 18:16:32.525591 2090971 SparkleExecutor.h:112] scheduler 0 starts.
I0306 18:16:32.525832 2090973 SparkleExecutor.h:105] SparkleExecutor 1 started. 
I0306 18:16:32.525871 2090875 Coordinator.h:184] core_id: 58
I0306 18:16:32.525902 2090973 SparkleExecutor.h:121] worker 1 starts.
I0306 18:16:32.526105 2090976 SparkleExecutor.h:105] SparkleExecutor 2 started. 
I0306 18:16:32.526161 2090976 SparkleExecutor.h:121] worker 2 starts.
I0306 18:16:32.526207 2090875 Coordinator.h:184] core_id: 59
I0306 18:16:32.526571 2090978 SparkleExecutor.h:105] SparkleExecutor 3 started. 
I0306 18:16:32.526595 2090875 Coordinator.h:184] core_id: 60
I0306 18:16:32.526639 2090978 SparkleExecutor.h:121] worker 3 starts.
I0306 18:16:32.526811 2090980 SparkleExecutor.h:105] SparkleExecutor 4 started. 
I0306 18:16:32.526867 2090980 SparkleExecutor.h:121] worker 4 starts.
I0306 18:16:32.526914 2090875 Coordinator.h:184] core_id: 61
I0306 18:16:32.527294 2090982 SparkleExecutor.h:105] SparkleExecutor 5 started. 
I0306 18:16:32.527297 2090875 Coordinator.h:184] core_id: 62
I0306 18:16:32.527366 2090982 SparkleExecutor.h:121] worker 5 starts.
I0306 18:16:32.527494 2090984 SparkleExecutor.h:105] SparkleExecutor 6 started. 
I0306 18:16:32.527552 2090984 SparkleExecutor.h:121] worker 6 starts.
I0306 18:16:32.527657 2090875 Coordinator.h:184] core_id: 63
I0306 18:16:32.527953 2090985 SparkleExecutor.h:105] SparkleExecutor 7 started. 
I0306 18:16:32.528013 2090985 SparkleExecutor.h:121] worker 7 starts.
I0306 18:16:32.528016 2090875 Coordinator.h:184] core_id: 64
I0306 18:16:32.528221 2090986 SparkleExecutor.h:105] SparkleExecutor 8 started. 
I0306 18:16:32.528281 2090986 SparkleExecutor.h:121] worker 8 starts.
I0306 18:16:32.528348 2090875 Coordinator.h:184] core_id: 65
I0306 18:16:32.528698 2090875 Coordinator.h:184] core_id: 66
I0306 18:16:32.528754 2090987 SparkleExecutor.h:105] SparkleExecutor 9 started. 
I0306 18:16:32.528923 2090987 SparkleExecutor.h:121] worker 9 starts.
I0306 18:16:32.529054 2090875 Coordinator.h:184] core_id: 67
I0306 18:16:32.529083 2090988 SparkleExecutor.h:105] SparkleExecutor 10 started. 
I0306 18:16:32.529160 2090988 SparkleExecutor.h:121] worker 10 starts.
I0306 18:16:32.529407 2090875 Coordinator.h:184] core_id: 68
I0306 18:16:32.529506 2090989 SparkleExecutor.h:105] SparkleExecutor 11 started. 
I0306 18:16:32.529563 2090989 SparkleExecutor.h:121] worker 11 starts.
I0306 18:16:32.529749 2090990 SparkleExecutor.h:105] SparkleExecutor 12 started. 
I0306 18:16:32.529775 2090875 Coordinator.h:184] core_id: 69
I0306 18:16:32.529839 2090990 SparkleExecutor.h:121] worker 12 starts.
I0306 18:16:32.529975 2090991 SparkleExecutor.h:105] SparkleExecutor 13 started. 
I0306 18:16:32.530031 2090991 SparkleExecutor.h:121] worker 13 starts.
I0306 18:16:32.530113 2090875 Coordinator.h:184] core_id: 70
I0306 18:16:32.530499 2090992 SparkleExecutor.h:105] SparkleExecutor 14 started. 
I0306 18:16:32.530550 2090875 Coordinator.h:184] core_id: 71
I0306 18:16:32.530560 2090992 SparkleExecutor.h:121] worker 14 starts.
I0306 18:16:32.530936 2090993 Manager.h:210] Manager(worker id = 15) on the coordinator node started.
I0306 18:16:33.530697 2090875 Coordinator.h:101] commit: 44535 abort: 0 (0/0/0), cascade abort: 0, network size: 7816, avg network size: 0.175502, multi commit network size: 0, si_in_serializable: 0 0 %, local: 0 %, operations: 12344465
I0306 18:16:34.530844 2090875 Coordinator.h:101] commit: 47260 abort: 0 (0/0/0), cascade abort: 0, network size: 8577, avg network size: 0.181485, multi commit network size: 0, si_in_serializable: 0 0 %, local: 0 %, operations: 13099751
I0306 18:16:35.530978 2090875 Coordinator.h:101] commit: 47258 abort: 0 (0/0/0), cascade abort: 0, network size: 8483, avg network size: 0.179504, multi commit network size: 0, si_in_serializable: 0 0 %, local: 0 %, operations: 13090501
I0306 18:16:36.531105 2090875 Coordinator.h:101] commit: 38050 abort: 0 (0/0/0), cascade abort: 0, network size: 6844, avg network size: 0.179869, multi commit network size: 0, si_in_serializable: 0 0 %, local: 0 %, operations: 10545142
I0306 18:16:37.531253 2090875 Coordinator.h:101] commit: 56172 abort: 0 (0/0/0), cascade abort: 0, network size: 10311, avg network size: 0.183561, multi commit network size: 0, si_in_serializable: 0 0 %, local: 0 %, operations: 15572010
I0306 18:16:38.531390 2090875 Coordinator.h:101] commit: 41820 abort: 0 (0/0/0), cascade abort: 0, network size: 7454, avg network size: 0.17824, multi commit network size: 0, si_in_serializable: 0 0 %, local: 0 %, operations: 11586206
I0306 18:16:39.531514 2090875 Coordinator.h:101] commit: 47257 abort: 0 (0/0/0), cascade abort: 0, network size: 8449, avg network size: 0.178788, multi commit network size: 0, si_in_serializable: 0 0 %, local: 0 %, operations: 13093441
I0306 18:16:40.531646 2090875 Coordinator.h:101] commit: 43949 abort: 0 (0/0/0), cascade abort: 0, network size: 8048, avg network size: 0.183121, multi commit network size: 0, si_in_serializable: 0 0 %, local: 0 %, operations: 12182640
I0306 18:16:41.531783 2090875 Coordinator.h:101] commit: 48507 abort: 0 (0/0/0), cascade abort: 0, network size: 8660, avg network size: 0.178531, multi commit network size: 0, si_in_serializable: 0 0 %, local: 0 %, operations: 13436143
I0306 18:16:42.531921 2090875 Coordinator.h:101] commit: 44693 abort: 0 (0/0/0), cascade abort: 0, network size: 8197, avg network size: 0.183407, multi commit network size: 0, si_in_serializable: 0 0 %, local: 0 %, operations: 12388983
I0306 18:16:42.531965 2090875 Coordinator.h:137] average commit: 45950.1, average multi commit: 8283.2 abort: 0 (0/0/0), abort cascade: 0, average operations: 12733928, network size: 8283, multi commit network size: 0, avg network size: 0.18028, si_in_serializable: 0 0 % , local: 0 %
I0306 18:16:42.531976 2090875 SparkleExecutor.h:936] Worker 0 latency: 0 us (50%) 0 us (75%) 0 us (95%) 0 us (99%).
I0306 18:16:42.531980 2090875 SparkleExecutor.h:941] Worker 0 multi latency: 0 us (1%) 0 us (50%) 0 us (75%) 0 us (95%) 0 us (99%).
I0306 18:16:42.531983 2090971 SparkleExecutor.h:126] SparkleExecutor 0 exits. 
I0306 18:16:42.532107 2090875 SparkleExecutor.h:936] Worker 1 latency: 564 us (50%) 812 us (75%) 1618 us (95%) 40082 us (99%).
I0306 18:16:42.533964 2090875 SparkleExecutor.h:941] Worker 1 multi latency: 215 us (1%) 830 us (50%) 1089 us (75%) 4477 us (95%) 40082 us (99%).
I0306 18:16:42.554731 2090984 SparkleExecutor.h:126] SparkleExecutor 6 exits. 
I0306 18:16:42.557466 2090986 SparkleExecutor.h:126] SparkleExecutor 8 exits. 
I0306 18:16:42.558012 2090980 SparkleExecutor.h:126] SparkleExecutor 4 exits. 
I0306 18:16:42.559183 2090978 SparkleExecutor.h:126] SparkleExecutor 3 exits. 
I0306 18:16:42.559434 2090976 SparkleExecutor.h:126] SparkleExecutor 2 exits. 
I0306 18:16:42.559595 2090988 SparkleExecutor.h:126] SparkleExecutor 10 exits. 
I0306 18:16:42.559942 2090990 SparkleExecutor.h:126] SparkleExecutor 12 exits. 
I0306 18:16:42.559970 2090985 SparkleExecutor.h:126] SparkleExecutor 7 exits. 
I0306 18:16:42.560020 2090973 SparkleExecutor.h:126] SparkleExecutor 1 exits. 
I0306 18:16:42.560046 2090982 SparkleExecutor.h:126] SparkleExecutor 5 exits. 
I0306 18:16:42.560097 2090991 SparkleExecutor.h:126] SparkleExecutor 13 exits. 
I0306 18:16:42.560479 2090875 SparkleExecutor.h:936] Worker 2 latency: 559 us (50%) 801 us (75%) 1577 us (95%) 39755 us (99%).
I0306 18:16:42.565282 2090875 SparkleExecutor.h:941] Worker 2 multi latency: 211 us (1%) 810 us (50%) 1087 us (75%) 5605 us (95%) 39755 us (99%).
I0306 18:16:42.566172 2090875 SparkleExecutor.h:936] Worker 3 latency: 567 us (50%) 815 us (75%) 1634 us (95%) 39541 us (99%).
I0306 18:16:42.570868 2090875 SparkleExecutor.h:941] Worker 3 multi latency: 224 us (1%) 826 us (50%) 1084 us (75%) 3494 us (95%) 39541 us (99%).
I0306 18:16:42.571672 2090875 SparkleExecutor.h:936] Worker 4 latency: 557 us (50%) 798 us (75%) 1690 us (95%) 40033 us (99%).
I0306 18:16:42.573493 2090875 SparkleExecutor.h:941] Worker 4 multi latency: 212 us (1%) 821 us (50%) 1082 us (75%) 5244 us (95%) 40033 us (99%).
I0306 18:16:42.573861 2090875 SparkleExecutor.h:936] Worker 5 latency: 564 us (50%) 812 us (75%) 1619 us (95%) 40377 us (99%).
I0306 18:16:42.575729 2090875 SparkleExecutor.h:941] Worker 5 multi latency: 223 us (1%) 821 us (50%) 1096 us (75%) 5187 us (95%) 40377 us (99%).
I0306 18:16:42.576133 2090875 SparkleExecutor.h:936] Worker 6 latency: 556 us (50%) 799 us (75%) 1687 us (95%) 40160 us (99%).
I0306 18:16:42.577948 2090875 SparkleExecutor.h:941] Worker 6 multi latency: 212 us (1%) 808 us (50%) 1075 us (75%) 5748 us (95%) 40160 us (99%).
I0306 18:16:42.578302 2090875 SparkleExecutor.h:936] Worker 7 latency: 560 us (50%) 802 us (75%) 1609 us (95%) 39906 us (99%).
I0306 18:16:42.580150 2090875 SparkleExecutor.h:941] Worker 7 multi latency: 215 us (1%) 821 us (50%) 1077 us (75%) 4344 us (95%) 39906 us (99%).
I0306 18:16:42.580533 2090875 SparkleExecutor.h:936] Worker 8 latency: 557 us (50%) 803 us (75%) 1581 us (95%) 39754 us (99%).
I0306 18:16:42.582341 2090875 SparkleExecutor.h:941] Worker 8 multi latency: 212 us (1%) 812 us (50%) 1081 us (75%) 4510 us (95%) 39754 us (99%).
I0306 18:16:42.582703 2090875 SparkleExecutor.h:936] Worker 9 latency: 560 us (50%) 802 us (75%) 1556 us (95%) 39854 us (99%).
I0306 18:16:42.584583 2090875 SparkleExecutor.h:941] Worker 9 multi latency: 215 us (1%) 821 us (50%) 1078 us (75%) 5807 us (95%) 39854 us (99%).
test_partition1.sh: line 36: 2090875 Killed                  $execute --threads=$threads --protocol=Spectrum --keys=$keys --zipf=$zipf --contract_type=$contract_type --partition_num=$partition_num --global_key_space=false --global_partition_id=0 --cross_ratio=$cross_ratio --time_to_run=10 --sparkle_lock_manager=1
