I1123 14:52:43.458200 928395 Coordinator.h:97] commit: 492486 abort: 205352 (0/205352/0), cascade abort: 6242, network size: 0, avg network size: 0, si_in_serializable: 0 0 %, local: 0 %, partial revert 0: 0, partial revert 1: 137610, partial revert 2:  53890, partial revert 3:  0, partial revert 4:  0, partial revert 5:  0, partial revert 6:  0, partial revert 7:  0, partial revert 8:  0, partial revert 9:  0, partial revert 10: 0, partial revert 11: 0, partial revert 12: 0, partial revert 13: 0, partial revert 14: 0, partial revert 15: 0, partial revert 16: 0, partial revert 17: 0, partial revert 18: 0, partial revert 19: 0
I1123 14:52:44.458370 928395 Coordinator.h:97] commit: 494154 abort: 205411 (0/205411/0), cascade abort: 6496, network size: 0, avg network size: 0, si_in_serializable: 0 0 %, local: 0 %, partial revert 0: 0, partial revert 1: 137173, partial revert 2:  54512, partial revert 3:  0, partial revert 4:  0, partial revert 5:  0, partial revert 6:  0, partial revert 7:  0, partial revert 8:  0, partial revert 9:  0, partial revert 10: 0, partial revert 11: 0, partial revert 12: 0, partial revert 13: 0, partial revert 14: 0, partial revert 15: 0, partial revert 16: 0, partial revert 17: 0, partial revert 18: 0, partial revert 19: 0
I1123 14:52:45.458520 928395 Coordinator.h:97] commit: 480061 abort: 199890 (0/199890/0), cascade abort: 6072, network size: 0, avg network size: 0, si_in_serializable: 0 0 %, local: 0 %, partial revert 0: 0, partial revert 1: 133614, partial revert 2:  52971, partial revert 3:  0, partial revert 4:  0, partial revert 5:  0, partial revert 6:  0, partial revert 7:  0, partial revert 8:  0, partial revert 9:  0, partial revert 10: 0, partial revert 11: 0, partial revert 12: 0, partial revert 13: 0, partial revert 14: 0, partial revert 15: 0, partial revert 16: 0, partial revert 17: 0, partial revert 18: 0, partial revert 19: 0
I1123 14:52:46.458678 928395 Coordinator.h:97] commit: 480030 abort: 198421 (0/198421/0), cascade abort: 6139, network size: 0, avg network size: 0, si_in_serializable: 0 0 %, local: 0 %, partial revert 0: 0, partial revert 1: 132104, partial revert 2:  53064, partial revert 3:  0, partial revert 4:  0, partial revert 5:  0, partial revert 6:  0, partial revert 7:  0, partial revert 8:  0, partial revert 9:  0, partial revert 10: 0, partial revert 11: 0, partial revert 12: 0, partial revert 13: 0, partial revert 14: 0, partial revert 15: 0, partial revert 16: 0, partial revert 17: 0, partial revert 18: 0, partial revert 19: 0
I1123 14:52:46.458748 928395 Coordinator.h:148] average commit: 488094 abort: 203246 (0/203246/0), abort cascade: 6256, network size: 0, avg network size: 0, si_in_serializable: 0 0 % , local: 0 % , partial revert 0: 0 , partial revert 1: 135872 , partial revert 2:  53755.8 , partial revert 3:  0 , partial revert 4:  0 , partial revert 5:  0 , partial revert 6:  0 , partial revert 7:  0 , partial revert 8:  0 , partial revert 9:  0 , partial revert 10: 0 , partial revert 11: 0 , partial revert 12: 0 , partial revert 13: 0 , partial revert 14: 0 , partial revert 15: 0 , partial revert 16: 0 , partial revert 17: 0 , partial revert 18: 0 , partial revert 19: 0
I1123 14:52:46.458798 928488 SparkleExecutor.h:218] SparkleExecutor 17 exits. 
I1123 14:52:46.458804 928497 SparkleExecutor.h:218] SparkleExecutor 26 exits. 
I1123 14:52:46.458834 928487 SparkleExecutor.h:218] SparkleExecutor 16 exits. 
I1123 14:52:46.458806 928496 SparkleExecutor.h:218] SparkleExecutor 25 exits. 
I1123 14:52:46.458823 928481 SparkleExecutor.h:218] SparkleExecutor 10 exits. 
I1123 14:52:46.458822 928477 SparkleExecutor.h:218] SparkleExecutor 6 exits. 
I1123 14:52:46.458833 928485 SparkleExecutor.h:218] SparkleExecutor 14 exits. 
I1123 14:52:46.458823 928482 SparkleExecutor.h:218] SparkleExecutor 11 exits. 
I1123 14:52:46.458833 928486 SparkleExecutor.h:218] SparkleExecutor 15 exits. 
I1123 14:52:46.458809 928473 SparkleExecutor.h:218] SparkleExecutor 2 exits. 
I1123 14:52:46.458809 928499 SparkleExecutor.h:218] SparkleExecutor 28 exits. 
I1123 14:52:46.458808 928472 SparkleExecutor.h:218] SparkleExecutor 1 exits. 
I1123 14:52:46.458810 928475 SparkleExecutor.h:218] SparkleExecutor 4 exits. 
I1123 14:52:46.458804 928495 SparkleExecutor.h:218] SparkleExecutor 24 exits. 
I1123 14:52:46.458822 928476 SparkleExecutor.h:218] SparkleExecutor 5 exits. 
I1123 14:52:46.458822 928479 SparkleExecutor.h:218] SparkleExecutor 8 exits. 
I1123 14:52:46.458801 928493 SparkleExecutor.h:218] SparkleExecutor 22 exits. 
I1123 14:52:46.458824 928478 SparkleExecutor.h:218] SparkleExecutor 7 exits. 
I1123 14:52:46.458806 928498 SparkleExecutor.h:218] SparkleExecutor 27 exits. 
I1123 14:52:46.458827 928483 SparkleExecutor.h:218] SparkleExecutor 12 exits. 
I1123 14:52:46.458827 928484 SparkleExecutor.h:218] SparkleExecutor 13 exits. 
I1123 14:52:46.458822 928480 SparkleExecutor.h:218] SparkleExecutor 9 exits. 
I1123 14:52:46.458807 928494 SparkleExecutor.h:218] SparkleExecutor 23 exits. 
I1123 14:52:46.458807 928500 SparkleExecutor.h:218] SparkleExecutor 29 exits. 
I1123 14:52:46.458808 928471 SparkleExecutor.h:218] SparkleExecutor 0 exits. 
I1123 14:52:46.458810 928474 SparkleExecutor.h:218] SparkleExecutor 3 exits. 
I1123 14:52:46.458793 928395 SparkleExecutor.h:422] Worker 0 latency: 46 us (50%) 73 us (75%) 139 us (95%) 206 us (99%).
I1123 14:52:46.462538 928395 SparkleExecutor.h:422] Worker 1 latency: 46 us (50%) 73 us (75%) 139 us (95%) 205 us (99%).
I1123 14:52:46.466564 928395 SparkleExecutor.h:422] Worker 2 latency: 46 us (50%) 73 us (75%) 139 us (95%) 206 us (99%).
I1123 14:52:46.477288 928395 SparkleExecutor.h:422] Worker 3 latency: 46 us (50%) 73 us (75%) 139 us (95%) 205 us (99%).
I1123 14:52:46.480755 928395 SparkleExecutor.h:422] Worker 4 latency: 46 us (50%) 73 us (75%) 139 us (95%) 206 us (99%).
I1123 14:52:46.497201 928395 SparkleExecutor.h:422] Worker 5 latency: 46 us (50%) 73 us (75%) 140 us (95%) 206 us (99%).
I1123 14:52:46.500649 928395 SparkleExecutor.h:422] Worker 6 latency: 46 us (50%) 73 us (75%) 140 us (95%) 207 us (99%).
I1123 14:52:46.504040 928395 SparkleExecutor.h:422] Worker 7 latency: 46 us (50%) 73 us (75%) 140 us (95%) 205 us (99%).
I1123 14:52:46.507460 928395 SparkleExecutor.h:422] Worker 8 latency: 46 us (50%) 73 us (75%) 140 us (95%) 206 us (99%).
I1123 14:52:46.510843 928395 SparkleExecutor.h:422] Worker 9 latency: 46 us (50%) 73 us (75%) 140 us (95%) 205 us (99%).
I1123 14:52:46.525225 928395 SparkleExecutor.h:422] Worker 10 latency: 46 us (50%) 73 us (75%) 140 us (95%) 206 us (99%).
I1123 14:52:46.528695 928395 SparkleExecutor.h:422] Worker 11 latency: 46 us (50%) 73 us (75%) 140 us (95%) 205 us (99%).
I1123 14:52:46.532138 928395 SparkleExecutor.h:422] Worker 12 latency: 46 us (50%) 73 us (75%) 139 us (95%) 206 us (99%).
I1123 14:52:46.535549 928395 SparkleExecutor.h:422] Worker 13 latency: 46 us (50%) 73 us (75%) 139 us (95%) 206 us (99%).
I1123 14:52:46.539054 928395 SparkleExecutor.h:422] Worker 14 latency: 46 us (50%) 73 us (75%) 139 us (95%) 207 us (99%).
I1123 14:52:46.542531 928395 SparkleExecutor.h:422] Worker 15 latency: 46 us (50%) 73 us (75%) 139 us (95%) 208 us (99%).
I1123 14:52:46.545940 928395 SparkleExecutor.h:422] Worker 16 latency: 46 us (50%) 73 us (75%) 139 us (95%) 207 us (99%).
I1123 14:52:46.549386 928395 SparkleExecutor.h:422] Worker 17 latency: 46 us (50%) 73 us (75%) 139 us (95%) 207 us (99%).
I1123 14:52:46.552839 928395 SparkleExecutor.h:422] Worker 18 latency: 46 us (50%) 73 us (75%) 139 us (95%) 206 us (99%).
@ sparkle partial; threads=36
I1123 14:53:00.409569 928510 Database.h:95] partition_num: 1
I1123 14:53:00.412009 928510 Database.h:72] evm_bench initialization finished in 2 milliseconds.
I1123 14:53:00.412050 928510 SparkleManager.h:42] batch size: 100
I1123 14:53:00.412073 928510 WorkerFactory.h:181] workers size (including manager): 37
I1123 14:53:00.412091 928510 SerialManager.h:37] batch size: 100
I1123 14:53:00.412097 928510 SerialExecutor.h:153] init tables for contracts
I1123 14:53:00.412104 928510 SerialExecutor.h:191] init key_num: 1000000
I1123 14:53:16.523680 928510 SerialExecutor.h:201] init tables finished
I1123 14:53:16.523727 928510 Coordinator.h:41] Coordinator starts to run 37 workers.
I1123 14:53:16.523782 928510 Coordinator.h:210] core_id: 0
I1123 14:53:16.523849 928510 Coordinator.h:210] core_id: 1
I1123 14:53:16.523890 928592 SparkleExecutor.h:80] SparkleExecutor 0 started. 
I1123 14:53:16.524015 928510 Coordinator.h:210] core_id: 2
I1123 14:53:16.524080 928594 SparkleExecutor.h:80] SparkleExecutor 2 started. 
I1123 14:53:16.524019 928593 SparkleExecutor.h:80] SparkleExecutor 1 started. 
I1123 14:53:16.524174 928510 Coordinator.h:210] core_id: 3
I1123 14:53:16.524240 928595 SparkleExecutor.h:80] SparkleExecutor 3 started. 
I1123 14:53:16.524375 928510 Coordinator.h:210] core_id: 4
I1123 14:53:16.524513 928596 SparkleExecutor.h:80] SparkleExecutor 4 started. 
I1123 14:53:16.524554 928510 Coordinator.h:210] core_id: 5
I1123 14:53:16.524674 928597 SparkleExecutor.h:80] SparkleExecutor 5 started. 
I1123 14:53:16.524708 928510 Coordinator.h:210] core_id: 6
I1123 14:53:16.524893 928510 Coordinator.h:210] core_id: 7
I1123 14:53:16.524907 928598 SparkleExecutor.h:80] SparkleExecutor 6 started. 
I1123 14:53:16.525036 928599 SparkleExecutor.h:80] SparkleExecutor 7 started. 
I1123 14:53:16.525048 928510 Coordinator.h:210] core_id: 8
I1123 14:53:16.525223 928510 Coordinator.h:210] core_id: 9
I1123 14:53:16.525223 928600 SparkleExecutor.h:80] SparkleExecutor 8 started. 
I1123 14:53:16.525377 928510 Coordinator.h:210] core_id: 10
I1123 14:53:16.525564 928510 Coordinator.h:210] core_id: 11
I1123 14:53:16.525696 928601 SparkleExecutor.h:80] SparkleExecutor 9 started. 
I1123 14:53:16.525739 928602 SparkleExecutor.h:80] SparkleExecutor 10 started. 
I1123 14:53:16.525790 928510 Coordinator.h:210] core_id: 12
I1123 14:53:16.525817 928603 SparkleExecutor.h:80] SparkleExecutor 11 started. 
I1123 14:53:16.525941 928604 SparkleExecutor.h:80] SparkleExecutor 12 started. 
I1123 14:53:16.525952 928510 Coordinator.h:210] core_id: 13
I1123 14:53:16.526106 928510 Coordinator.h:210] core_id: 14
I1123 14:53:16.526240 928510 Coordinator.h:210] core_id: 15
I1123 14:53:16.526387 928510 Coordinator.h:210] core_id: 16
I1123 14:53:16.526600 928510 Coordinator.h:210] core_id: 17
I1123 14:53:16.526643 928605 SparkleExecutor.h:80] SparkleExecutor 13 started. 
I1123 14:53:16.526809 928510 Coordinator.h:210] core_id: 18
I1123 14:53:16.526859 928606 SparkleExecutor.h:80] SparkleExecutor 14 started. 
I1123 14:53:16.526930 928607 SparkleExecutor.h:80] SparkleExecutor 15 started. 
I1123 14:53:16.526937 928510 Coordinator.h:210] core_id: 19
I1123 14:53:16.527105 928510 Coordinator.h:210] core_id: 20
I1123 14:53:16.527122 928608 SparkleExecutor.h:80] SparkleExecutor 16 started. 
I1123 14:53:16.527267 928510 Coordinator.h:210] core_id: 21
I1123 14:53:16.527406 928609 SparkleExecutor.h:80] SparkleExecutor 17 started. 
I1123 14:53:16.527444 928610 SparkleExecutor.h:80] SparkleExecutor 18 started. 
I1123 14:53:16.527494 928510 Coordinator.h:210] core_id: 22
I1123 14:53:16.527701 928510 Coordinator.h:210] core_id: 23
I1123 14:53:16.527717 928611 SparkleExecutor.h:80] SparkleExecutor 19 started. 
I1123 14:53:16.527983 928510 Coordinator.h:210] core_id: 24
I1123 14:53:16.528075 928612 SparkleExecutor.h:80] SparkleExecutor 20 started. 
I1123 14:53:16.528175 928510 Coordinator.h:210] core_id: 25
I1123 14:53:16.528220 928613 SparkleExecutor.h:80] SparkleExecutor 21 started. 
I1123 14:53:16.528338 928614 SparkleExecutor.h:80] SparkleExecutor 22 started. 
I1123 14:53:16.528450 928510 Coordinator.h:210] core_id: 26
I1123 14:53:16.528482 928615 SparkleExecutor.h:80] SparkleExecutor 23 started. 
I1123 14:53:16.528661 928616 SparkleExecutor.h:80] SparkleExecutor 24 started. 
I1123 14:53:16.528729 928510 Coordinator.h:210] core_id: 27
I1123 14:53:16.528909 928510 Coordinator.h:210] core_id: 28
I1123 14:53:16.529156 928510 Coordinator.h:210] core_id: 29
I1123 14:53:16.529186 928617 SparkleExecutor.h:80] SparkleExecutor 25 started. 
I1123 14:53:16.529392 928618 SparkleExecutor.h:80] SparkleExecutor 26 started. 
I1123 14:53:16.529430 928510 Coordinator.h:210] core_id: 30
I1123 14:53:16.529700 928510 Coordinator.h:210] core_id: 31
I1123 14:53:16.529873 928510 Coordinator.h:210] core_id: 32
I1123 14:53:16.529901 928619 SparkleExecutor.h:80] SparkleExecutor 27 started. 
I1123 14:53:16.530102 928620 SparkleExecutor.h:80] SparkleExecutor 28 started. 
I1123 14:53:16.530206 928510 Coordinator.h:210] core_id: 33
I1123 14:53:16.530437 928621 SparkleExecutor.h:80] SparkleExecutor 29 started. 
I1123 14:53:16.530514 928510 Coordinator.h:210] core_id: 34
I1123 14:53:16.530565 928622 SparkleExecutor.h:80] SparkleExecutor 30 started. 
I1123 14:53:16.530797 928510 Coordinator.h:210] core_id: 35
I1123 14:53:16.530843 928510 Coordinator.h:46] Protocol Serial/Sparkle detected! Ignore manager initialization.
I1123 14:53:16.530828 928623 SparkleExecutor.h:80] SparkleExecutor 31 started. 
I1123 14:53:16.530894 928624 SparkleExecutor.h:80] SparkleExecutor 32 started. 
I1123 14:53:16.531067 928626 SparkleExecutor.h:80] SparkleExecutor 34 started. 
I1123 14:53:16.531248 928625 SparkleExecutor.h:80] SparkleExecutor 33 started. 
I1123 14:53:16.531278 928627 SparkleExecutor.h:80] SparkleExecutor 35 started. 
I1123 14:53:17.530975 928510 Coordinator.h:97] commit: 452228 abort: 239472 (0/239472/0), cascade abort: 7832, network size: 0, avg network size: 0, si_in_serializable: 0 0 %, local: 0 %, partial revert 0: 0, partial revert 1: 159703, partial revert 2:  62099, partial revert 3:  0, partial revert 4:  0, partial revert 5:  0, partial revert 6:  0, partial revert 7:  0, partial revert 8:  0, partial revert 9:  0, partial revert 10: 0, partial revert 11: 0, partial revert 12: 0, partial revert 13: 0, partial revert 14: 0, partial revert 15: 0, partial revert 16: 0, partial revert 17: 0, partial revert 18: 0, partial revert 19: 0
I1123 14:53:18.531167 928510 Coordinator.h:97] commit: 452525 abort: 240680 (0/240680/0), cascade abort: 7715, network size: 0, avg network size: 0, si_in_serializable: 0 0 %, local: 0 %, partial revert 0: 0, partial revert 1: 158655, partial revert 2:  63976, partial revert 3:  0, partial revert 4:  0, partial revert 5:  0, partial revert 6:  0, partial revert 7:  0, partial revert 8:  0, partial revert 9:  0, partial revert 10: 0, partial revert 11: 0, partial revert 12: 0, partial revert 13: 0, partial revert 14: 0, partial revert 15: 0, partial revert 16: 0, partial revert 17: 0, partial revert 18: 0, partial revert 19: 0
I1123 14:53:19.531345 928510 Coordinator.h:97] commit: 440683 abort: 237373 (0/237373/0), cascade abort: 8010, network size: 0, avg network size: 0, si_in_serializable: 0 0 %, local: 0 %, partial revert 0: 0, partial revert 1: 157328, partial revert 2:  62488, partial revert 3:  0, partial revert 4:  0, partial revert 5:  0, partial revert 6:  0, partial revert 7:  0, partial revert 8:  0, partial revert 9:  0, partial revert 10: 0, partial revert 11: 0, partial revert 12: 0, partial revert 13: 0, partial revert 14: 0, partial revert 15: 0, partial revert 16: 0, partial revert 17: 0, partial revert 18: 0, partial revert 19: 0
I1123 14:53:20.531528 928510 Coordinator.h:97] commit: 437231 abort: 234900 (0/234900/0), cascade abort: 7762, network size: 0, avg network size: 0, si_in_serializable: 0 0 %, local: 0 %, partial revert 0: 0, partial revert 1: 156236, partial revert 2:  61294, partial revert 3:  0, partial revert 4:  0, partial revert 5:  0, partial revert 6:  0, partial revert 7:  0, partial revert 8:  0, partial revert 9:  0, partial revert 10: 0, partial revert 11: 0, partial revert 12: 0, partial revert 13: 0, partial revert 14: 0, partial revert 15: 0, partial revert 16: 0, partial revert 17: 0, partial revert 18: 0, partial revert 19: 0
I1123 14:53:21.531759 928510 Coordinator.h:97] commit: 443075 abort: 234853 (0/234853/0), cascade abort: 7790, network size: 0, avg network size: 0, si_in_serializable: 0 0 %, local: 0 %, partial revert 0: 0, partial revert 1: 155574, partial revert 2:  61998, partial revert 3:  0, partial revert 4:  0, partial revert 5:  0, partial revert 6:  0, partial revert 7:  0, partial revert 8:  0, partial revert 9:  0, partial revert 10: 0, partial revert 11: 0, partial revert 12: 0, partial revert 13: 0, partial revert 14: 0, partial revert 15: 0, partial revert 16: 0, partial revert 17: 0, partial revert 18: 0, partial revert 19: 0
I1123 14:53:21.531862 928510 Coordinator.h:148] average commit: 445148 abort: 237456 (0/237456/0), abort cascade: 7821.8, network size: 0, avg network size: 0, si_in_serializable: 0 0 % , local: 0 % , partial revert 0: 0 , partial revert 1: 157499 , partial revert 2:  62371 , partial revert 3:  0 , partial revert 4:  0 , partial revert 5:  0 , partial revert 6:  0 , partial revert 7:  0 , partial revert 8:  0 , partial revert 9:  0 , partial revert 10: 0 , partial revert 11: 0 , partial revert 12: 0 , partial revert 13: 0 , partial revert 14: 0 , partial revert 15: 0 , partial revert 16: 0 , partial revert 17: 0 , partial revert 18: 0 , partial revert 19: 0
I1123 14:53:21.531924 928601 SparkleExecutor.h:218] SparkleExecutor 9 exits. 
I1123 14:53:21.531927 928609 SparkleExecutor.h:218] SparkleExecutor 17 exits. 
I1123 14:53:21.531932 928611 SparkleExecutor.h:218] SparkleExecutor 19 exits. 
I1123 14:53:21.531986 928596 SparkleExecutor.h:218] SparkleExecutor 4 exits. 
I1123 14:53:21.531926 928608 SparkleExecutor.h:218] SparkleExecutor 16 exits. 
I1123 14:53:21.531944 928614 SparkleExecutor.h:218] SparkleExecutor 22 exits. 
I1123 14:53:21.531952 928619 SparkleExecutor.h:218] SparkleExecutor 27 exits. 
I1123 14:53:21.531956 928620 SparkleExecutor.h:218] SparkleExecutor 28 exits. 
I1123 14:53:21.531926 928606 SparkleExecutor.h:218] SparkleExecutor 14 exits. 
I1123 14:53:21.531924 928602 SparkleExecutor.h:218] SparkleExecutor 10 exits. 
I1123 14:53:21.531994 928597 SparkleExecutor.h:218] SparkleExecutor 5 exits. 
I1123 14:53:21.532018 928598 SparkleExecutor.h:218] SparkleExecutor 6 exits. 
I1123 14:53:21.531934 928613 SparkleExecutor.h:218] SparkleExecutor 21 exits. 
I1123 14:53:21.531939 928615 SparkleExecutor.h:218] SparkleExecutor 23 exits. 
I1123 14:53:21.531939 928616 SparkleExecutor.h:218] SparkleExecutor 24 exits. 
I1123 14:53:21.531944 928618 SparkleExecutor.h:218] SparkleExecutor 26 exits. 
I1123 14:53:21.531925 928604 SparkleExecutor.h:218] SparkleExecutor 12 exits. 
I1123 14:53:21.531953 928617 SparkleExecutor.h:218] SparkleExecutor 25 exits. 
I1123 14:53:21.531955 928622 SparkleExecutor.h:218] SparkleExecutor 30 exits. 
I1123 14:53:21.531955 928621 SparkleExecutor.h:218] SparkleExecutor 29 exits. 
I1123 14:53:21.531955 928624 SparkleExecutor.h:218] SparkleExecutor 32 exits. 
I1123 14:53:21.531955 928623 SparkleExecutor.h:218] SparkleExecutor 31 exits. 
I1123 14:53:21.531930 928610 SparkleExecutor.h:218] SparkleExecutor 18 exits. 
I1123 14:53:21.531965 928626 SparkleExecutor.h:218] SparkleExecutor 34 exits. 
I1123 14:53:21.531965 928625 SparkleExecutor.h:218] SparkleExecutor 33 exits. 
I1123 14:53:21.531965 928627 SparkleExecutor.h:218] SparkleExecutor 35 exits. 
I1123 14:53:21.531932 928612 SparkleExecutor.h:218] SparkleExecutor 20 exits. 
I1123 14:53:21.531984 928593 SparkleExecutor.h:218] SparkleExecutor 1 exits. 
I1123 14:53:21.531985 928592 SparkleExecutor.h:218] SparkleExecutor 0 exits. 
I1123 14:53:21.531930 928607 SparkleExecutor.h:218] SparkleExecutor 15 exits. 
I1123 14:53:21.531989 928594 SparkleExecutor.h:218] SparkleExecutor 2 exits. 
I1123 14:53:21.531925 928605 SparkleExecutor.h:218] SparkleExecutor 13 exits. 
I1123 14:53:21.531926 928603 SparkleExecutor.h:218] SparkleExecutor 11 exits. 
I1123 14:53:21.531984 928595 SparkleExecutor.h:218] SparkleExecutor 3 exits. 
I1123 14:53:21.532023 928599 SparkleExecutor.h:218] SparkleExecutor 7 exits. 
I1123 14:53:21.532023 928600 SparkleExecutor.h:218] SparkleExecutor 8 exits. 
I1123 14:53:21.531922 928510 SparkleExecutor.h:422] Worker 0 latency: 63 us (50%) 102 us (75%) 186 us (95%) 266 us (99%).
I1123 14:53:21.541646 928510 SparkleExecutor.h:422] Worker 1 latency: 63 us (50%) 102 us (75%) 186 us (95%) 267 us (99%).
I1123 14:53:21.549381 928510 SparkleExecutor.h:422] Worker 2 latency: 63 us (50%) 102 us (75%) 186 us (95%) 268 us (99%).
I1123 14:53:21.557273 928510 SparkleExecutor.h:422] Worker 3 latency: 63 us (50%) 102 us (75%) 186 us (95%) 266 us (99%).
I1123 14:53:21.561913 928510 SparkleExecutor.h:422] Worker 4 latency: 63 us (50%) 102 us (75%) 186 us (95%) 267 us (99%).
I1123 14:53:21.566009 928510 SparkleExecutor.h:422] Worker 5 latency: 63 us (50%) 102 us (75%) 186 us (95%) 267 us (99%).
I1123 14:53:21.569680 928510 SparkleExecutor.h:422] Worker 6 latency: 63 us (50%) 102 us (75%) 186 us (95%) 267 us (99%).
I1123 14:53:21.572773 928510 SparkleExecutor.h:422] Worker 7 latency: 63 us (50%) 102 us (75%) 186 us (95%) 267 us (99%).
I1123 14:53:21.575536 928510 SparkleExecutor.h:422] Worker 8 latency: 63 us (50%) 102 us (75%) 186 us (95%) 266 us (99%).
I1123 14:53:21.578296 928510 SparkleExecutor.h:422] Worker 9 latency: 63 us (50%) 102 us (75%) 185 us (95%) 265 us (99%).
I1123 14:53:21.581094 928510 SparkleExecutor.h:422] Worker 10 latency: 63 us (50%) 102 us (75%) 186 us (95%) 265 us (99%).
I1123 14:53:21.583900 928510 SparkleExecutor.h:422] Worker 11 latency: 63 us (50%) 102 us (75%) 186 us (95%) 265 us (99%).
I1123 14:53:21.586623 928510 SparkleExecutor.h:422] Worker 12 latency: 63 us (50%) 102 us (75%) 186 us (95%) 265 us (99%).
I1123 14:53:21.589416 928510 SparkleExecutor.h:422] Worker 13 latency: 63 us (50%) 102 us (75%) 185 us (95%) 265 us (99%).
I1123 14:53:21.592217 928510 SparkleExecutor.h:422] Worker 14 latency: 63 us (50%) 102 us (75%) 185 us (95%) 265 us (99%).
I1123 14:53:21.595032 928510 SparkleExecutor.h:422] Worker 15 latency: 63 us (50%) 103 us (75%) 185 us (95%) 265 us (99%).
I1123 14:53:21.597724 928510 SparkleExecutor.h:422] Worker 16 latency: 63 us (50%) 103 us (75%) 186 us (95%) 265 us (99%).
I1123 14:53:21.600515 928510 SparkleExecutor.h:422] Worker 17 latency: 63 us (50%) 102 us (75%) 186 us (95%) 267 us (99%).
I1123 14:53:21.603322 928510 SparkleExecutor.h:422] Worker 18 latency: 63 us (50%) 102 us (75%) 186 us (95%) 267 us (99%).
I1123 14:53:21.606106 928510 SparkleExecutor.h:422] Worker 19 latency: 63 us (50%) 102 us (75%) 186 us (95%) 266 us (99%).
I1123 14:53:21.608889 928510 SparkleExecutor.h:422] Worker 20 latency: 63 us (50%) 102 us (75%) 185 us (95%) 263 us (99%).
I1123 14:53:21.611675 928510 SparkleExecutor.h:422] Worker 21 latency: 63 us (50%) 103 us (75%) 185 us (95%) 263 us (99%).
I1123 14:53:21.614473 928510 SparkleExecutor.h:422] Worker 22 latency: 63 us (50%) 103 us (75%) 185 us (95%) 264 us (99%).
I1123 14:53:21.617252 928510 SparkleExecutor.h:422] Worker 23 latency: 63 us (50%) 102 us (75%) 185 us (95%) 263 us (99%).
I1123 14:53:21.620079 928510 SparkleExecutor.h:422] Worker 24 latency: 63 us (50%) 103 us (75%) 186 us (95%) 262 us (99%).
I1123 14:53:21.632992 928510 SparkleExecutor.h:422] Worker 25 latency: 63 us (50%) 102 us (75%) 185 us (95%) 264 us (99%).
I1123 14:53:21.635800 928510 SparkleExecutor.h:422] Worker 26 latency: 63 us (50%) 102 us (75%) 185 us (95%) 265 us (99%).
I1123 14:53:21.638659 928510 SparkleExecutor.h:422] Worker 27 latency: 63 us (50%) 102 us (75%) 186 us (95%) 266 us (99%).
I1123 14:53:21.641450 928510 SparkleExecutor.h:422] Worker 28 latency: 63 us (50%) 103 us (75%) 186 us (95%) 266 us (99%).
I1123 14:53:21.644295 928510 SparkleExecutor.h:422] Worker 29 latency: 63 us (50%) 102 us (75%) 186 us (95%) 265 us (99%).
I1123 14:53:21.647104 928510 SparkleExecutor.h:422] Worker 30 latency: 63 us (50%) 102 us (75%) 186 us (95%) 266 us (99%).
I1123 14:53:21.649930 928510 SparkleExecutor.h:422] Worker 31 latency: 63 us (50%) 103 us (75%) 186 us (95%) 266 us (99%).
I1123 14:53:21.652709 928510 SparkleExecutor.h:422] Worker 32 latency: 63 us (50%) 102 us (75%) 186 us (95%) 267 us (99%).
I1123 14:53:21.655531 928510 SparkleExecutor.h:422] Worker 33 latency: 63 us (50%) 102 us (75%) 186 us (95%) 265 us (99%).
I1123 14:53:21.658340 928510 SparkleExecutor.h:422] Worker 34 latency: 63 us (50%) 102 us (75%) 186 us (95%) 266 us (99%).
I1123 14:53:21.661159 928510 SparkleExecutor.h:422] Worker 35 latency: 63 us (50%) 102 us (75%) 186 us (95%) 265 us (99%).
I1123 14:53:21.663944 928510 Coordinator.h:203] Coordinator exits.
@ aria fb; threads=6
I1123 14:53:35.525105 928639 Database.h:95] partition_num: 2
I1123 14:53:35.525976 928639 Database.h:72] evm_bench initialization finished in 0 milliseconds.
I1123 14:53:35.526008 928639 AriaFBManager.h:37] batch size: 100
I1123 14:53:35.526031 928639 WorkerFactory.h:181] workers size (including manager): 7
I1123 14:53:35.526055 928639 SerialManager.h:37] batch size: 100
I1123 14:53:35.526064 928639 SerialExecutor.h:145] init tables for contracts
I1123 14:53:35.526069 928639 SerialExecutor.h:183] init key_num: 1000000
I1123 14:53:51.023686 928639 SerialExecutor.h:193] init tables finished
I1123 14:53:51.023734 928639 Coordinator.h:41] Coordinator starts to run 7 workers.
I1123 14:53:51.023808 928639 Coordinator.h:210] core_id: 0
I1123 14:53:51.023875 928639 Coordinator.h:210] core_id: 1
I1123 14:53:51.023934 928639 Coordinator.h:210] core_id: 2
I1123 14:53:51.023984 928639 Coordinator.h:210] core_id: 3
I1123 14:53:51.024051 928639 Coordinator.h:210] core_id: 4
I1123 14:53:51.024116 928639 Coordinator.h:210] core_id: 5
I1123 14:53:51.024195 928639 Coordinator.h:210] core_id: 6
I1123 14:53:51.024291 928703 AriaFBExecutor.h:76] AriaFBExecutor0 started. 
I1123 14:53:51.024372 928707 AriaFBExecutor.h:76] AriaFBExecutor4 started. 
I1123 14:53:51.024454 928704 AriaFBExecutor.h:76] AriaFBExecutor1 started. 
I1123 14:53:51.024523 928708 AriaFBExecutor.h:76] AriaFBExecutor5 started. 
I1123 14:53:51.024590 928705 AriaFBExecutor.h:76] AriaFBExecutor2 started. 
I1123 14:53:51.024601 928706 AriaFBExecutor.h:76] AriaFBExecutor3 started. 
I1123 14:53:51.024639 928709 AriaFBManager.h:41] AriaFB Manager started. 
I1123 14:53:52.024278 928639 Coordinator.h:97] commit: 126032 abort: 64759 (0/64759/0), cascade abort: 0, network size: 0, avg network size: 0, si_in_serializable: 0 0 %, local: 0 %, partial revert 0: 0, partial revert 1: 0, partial revert 2:  0, partial revert 3:  0, partial revert 4:  0, partial revert 5:  0, partial revert 6:  0, partial revert 7:  0, partial revert 8:  0, partial revert 9:  0, partial revert 10: 0, partial revert 11: 0, partial revert 12: 0, partial revert 13: 0, partial revert 14: 0, partial revert 15: 0, partial revert 16: 0, partial revert 17: 0, partial revert 18: 0, partial revert 19: 0
I1123 14:53:53.024399 928639 Coordinator.h:97] commit: 119306 abort: 61372 (0/61372/0), cascade abort: 0, network size: 0, avg network size: 0, si_in_serializable: 0 0 %, local: 0 %, partial revert 0: 0, partial revert 1: 0, partial revert 2:  0, partial revert 3:  0, partial revert 4:  0, partial revert 5:  0, partial revert 6:  0, partial revert 7:  0, partial revert 8:  0, partial revert 9:  0, partial revert 10: 0, partial revert 11: 0, partial revert 12: 0, partial revert 13: 0, partial revert 14: 0, partial revert 15: 0, partial revert 16: 0, partial revert 17: 0, partial revert 18: 0, partial revert 19: 0
I1123 14:53:54.024544 928639 Coordinator.h:97] commit: 107114 abort: 55136 (0/55136/0), cascade abort: 0, network size: 0, avg network size: 0, si_in_serializable: 0 0 %, local: 0 %, partial revert 0: 0, partial revert 1: 0, partial revert 2:  0, partial revert 3:  0, partial revert 4:  0, partial revert 5:  0, partial revert 6:  0, partial revert 7:  0, partial revert 8:  0, partial revert 9:  0, partial revert 10: 0, partial revert 11: 0, partial revert 12: 0, partial revert 13: 0, partial revert 14: 0, partial revert 15: 0, partial revert 16: 0, partial revert 17: 0, partial revert 18: 0, partial revert 19: 0
I1123 14:53:55.024694 928639 Coordinator.h:97] commit: 122926 abort: 62651 (0/62651/0), cascade abort: 0, network size: 0, avg network size: 0, si_in_serializable: 0 0 %, local: 0 %, partial revert 0: 0, partial revert 1: 0, partial revert 2:  0, partial revert 3:  0, partial revert 4:  0, partial revert 5:  0, partial revert 6:  0, partial revert 7:  0, partial revert 8:  0, partial revert 9:  0, partial revert 10: 0, partial revert 11: 0, partial revert 12: 0, partial revert 13: 0, partial revert 14: 0, partial revert 15: 0, partial revert 16: 0, partial revert 17: 0, partial revert 18: 0, partial revert 19: 0
I1123 14:53:56.024861 928639 Coordinator.h:97] commit: 122475 abort: 63254 (0/63254/0), cascade abort: 0, network size: 0, avg network size: 0, si_in_serializable: 0 0 %, local: 0 %, partial revert 0: 0, partial revert 1: 0, partial revert 2:  0, partial revert 3:  0, partial revert 4:  0, partial revert 5:  0, partial revert 6:  0, partial revert 7:  0, partial revert 8:  0, partial revert 9:  0, partial revert 10: 0, partial revert 11: 0, partial revert 12: 0, partial revert 13: 0, partial revert 14: 0, partial revert 15: 0, partial revert 16: 0, partial revert 17: 0, partial revert 18: 0, partial revert 19: 0
I1123 14:53:56.024956 928639 Coordinator.h:148] average commit: 119571 abort: 61434.4 (0/61434.4/0), abort cascade: 0, network size: 0, avg network size: 0, si_in_serializable: 0 0 % , local: 0 % , partial revert 0: 0 , partial revert 1: 0 , partial revert 2:  0 , partial revert 3:  0 , partial revert 4:  0 , partial revert 5:  0 , partial revert 6:  0 , partial revert 7:  0 , partial revert 8:  0 , partial revert 9:  0 , partial revert 10: 0 , partial revert 11: 0 , partial revert 12: 0 , partial revert 13: 0 , partial revert 14: 0 , partial revert 15: 0 , partial revert 16: 0 , partial revert 17: 0 , partial revert 18: 0 , partial revert 19: 0
I1123 14:53:56.025053 928708 AriaFBExecutor.h:85] AriaFB 5 exits. 
I1123 14:53:56.025053 928707 AriaFBExecutor.h:85] AriaFB 4 exits. 
I1123 14:53:56.025053 928704 AriaFBExecutor.h:85] AriaFB 1 exits. 
I1123 14:53:56.025054 928706 AriaFBExecutor.h:85] AriaFB 3 exits. 
I1123 14:53:56.025054 928703 AriaFBExecutor.h:85] AriaFB 0 exits. 
I1123 14:53:56.025053 928705 AriaFBExecutor.h:85] AriaFB 2 exits. 
I1123 14:53:56.025023 928639 AriaFBExecutor.h:633] Worker 0 latency: 444 us (50%) 473 us (75%) 615 us (95%) 711 us (99%).
I1123 14:53:56.036576 928639 AriaFBExecutor.h:633] Worker 1 latency: 444 us (50%) 473 us (75%) 611 us (95%) 714 us (99%).
I1123 14:53:56.039620 928639 AriaFBExecutor.h:633] Worker 2 latency: 476 us (50%) 524 us (75%) 653 us (95%) 757 us (99%).
I1123 14:53:56.045064 928639 AriaFBExecutor.h:633] Worker 3 latency: 472 us (50%) 522 us (75%) 650 us (95%) 755 us (99%).
I1123 14:53:56.050516 928639 AriaFBExecutor.h:633] Worker 4 latency: 497 us (50%) 562 us (75%) 684 us (95%) 793 us (99%).
I1123 14:53:56.056851 928639 AriaFBExecutor.h:633] Worker 5 latency: 498 us (50%) 561 us (75%) 684 us (95%) 795 us (99%).
I1123 14:53:56.062999 928639 Coordinator.h:203] Coordinator exits.
@ aria fb; threads=12
I1123 14:54:10.629357 928986 Database.h:95] partition_num: 2
I1123 14:54:10.630903 928986 Database.h:72] evm_bench initialization finished in 1 milliseconds.
I1123 14:54:10.630992 928986 AriaFBManager.h:37] batch size: 100
I1123 14:54:10.631085 928986 WorkerFactory.h:181] workers size (including manager): 13
I1123 14:54:10.631134 928986 SerialManager.h:37] batch size: 100
I1123 14:54:10.631158 928986 SerialExecutor.h:145] init tables for contracts
I1123 14:54:10.631173 928986 SerialExecutor.h:183] init key_num: 1000000
I1123 14:54:26.079697 928986 SerialExecutor.h:193] init tables finished
I1123 14:54:26.079746 928986 Coordinator.h:41] Coordinator starts to run 13 workers.
I1123 14:54:26.079802 928986 Coordinator.h:210] core_id: 0
I1123 14:54:26.079856 928986 Coordinator.h:210] core_id: 1
I1123 14:54:26.079922 928986 Coordinator.h:210] core_id: 2
I1123 14:54:26.079980 928986 Coordinator.h:210] core_id: 3
I1123 14:54:26.080063 928986 Coordinator.h:210] core_id: 4
I1123 14:54:26.080236 929050 AriaFBExecutor.h:76] AriaFBExecutor0 started. 
I1123 14:54:26.080277 929052 AriaFBExecutor.h:76] AriaFBExecutor2 started. 
I1123 14:54:26.080264 928986 Coordinator.h:210] core_id: 5
I1123 14:54:26.080242 929051 AriaFBExecutor.h:76] AriaFBExecutor1 started. 
I1123 14:54:26.080278 929053 AriaFBExecutor.h:76] AriaFBExecutor3 started. 
I1123 14:54:26.080333 929054 AriaFBExecutor.h:76] AriaFBExecutor4 started. 
I1123 14:54:26.080384 928986 Coordinator.h:210] core_id: 6
I1123 14:54:26.080413 929055 AriaFBExecutor.h:76] AriaFBExecutor5 started. 
I1123 14:54:26.080518 929056 AriaFBExecutor.h:76] AriaFBExecutor6 started. 
I1123 14:54:26.080528 928986 Coordinator.h:210] core_id: 7
I1123 14:54:26.080641 929057 AriaFBExecutor.h:76] AriaFBExecutor7 started. 
I1123 14:54:26.080648 928986 Coordinator.h:210] core_id: 8
I1123 14:54:26.080734 928986 Coordinator.h:210] core_id: 9
I1123 14:54:26.080754 929058 AriaFBExecutor.h:76] AriaFBExecutor8 started. 
I1123 14:54:26.080839 928986 Coordinator.h:210] core_id: 10
I1123 14:54:26.080917 928986 Coordinator.h:210] core_id: 11
I1123 14:54:26.080987 928986 Coordinator.h:210] core_id: 12
I1123 14:54:26.081025 929059 AriaFBExecutor.h:76] AriaFBExecutor9 started. 
I1123 14:54:26.081099 929060 AriaFBExecutor.h:76] AriaFBExecutor10 started. 
I1123 14:54:26.081132 929061 AriaFBExecutor.h:76] AriaFBExecutor11 started. 
I1123 14:54:26.081156 929062 AriaFBManager.h:41] AriaFB Manager started. 
I1123 14:54:27.081091 928986 Coordinator.h:97] commit: 201055 abort: 102775 (0/102775/0), cascade abort: 0, network size: 0, avg network size: 0, si_in_serializable: 0 0 %, local: 0 %, partial revert 0: 0, partial revert 1: 0, partial revert 2:  0, partial revert 3:  0, partial revert 4:  0, partial revert 5:  0, partial revert 6:  0, partial revert 7:  0, partial revert 8:  0, partial revert 9:  0, partial revert 10: 0, partial revert 11: 0, partial revert 12: 0, partial revert 13: 0, partial revert 14: 0, partial revert 15: 0, partial revert 16: 0, partial revert 17: 0, partial revert 18: 0, partial revert 19: 0
I1123 14:54:28.081334 928986 Coordinator.h:97] commit: 203685 abort: 105200 (0/105200/0), cascade abort: 0, network size: 0, avg network size: 0, si_in_serializable: 0 0 %, local: 0 %, partial revert 0: 0, partial revert 1: 0, partial revert 2:  0, partial revert 3:  0, partial revert 4:  0, partial revert 5:  0, partial revert 6:  0, partial revert 7:  0, partial revert 8:  0, partial revert 9:  0, partial revert 10: 0, partial revert 11: 0, partial revert 12: 0, partial revert 13: 0, partial revert 14: 0, partial revert 15: 0, partial revert 16: 0, partial revert 17: 0, partial revert 18: 0, partial revert 19: 0
I1123 14:54:29.081534 928986 Coordinator.h:97] commit: 200599 abort: 102347 (0/102347/0), cascade abort: 0, network size: 0, avg network size: 0, si_in_serializable: 0 0 %, local: 0 %, partial revert 0: 0, partial revert 1: 0, partial revert 2:  0, partial revert 3:  0, partial revert 4:  0, partial revert 5:  0, partial revert 6:  0, partial revert 7:  0, partial revert 8:  0, partial revert 9:  0, partial revert 10: 0, partial revert 11: 0, partial revert 12: 0, partial revert 13: 0, partial revert 14: 0, partial revert 15: 0, partial revert 16: 0, partial revert 17: 0, partial revert 18: 0, partial revert 19: 0
I1123 14:54:30.081748 928986 Coordinator.h:97] commit: 206162 abort: 105530 (0/105530/0), cascade abort: 0, network size: 0, avg network size: 0, si_in_serializable: 0 0 %, local: 0 %, partial revert 0: 0, partial revert 1: 0, partial revert 2:  0, partial revert 3:  0, partial revert 4:  0, partial revert 5:  0, partial revert 6:  0, partial revert 7:  0, partial revert 8:  0, partial revert 9:  0, partial revert 10: 0, partial revert 11: 0, partial revert 12: 0, partial revert 13: 0, partial revert 14: 0, partial revert 15: 0, partial revert 16: 0, partial revert 17: 0, partial revert 18: 0, partial revert 19: 0
I1123 14:54:31.081876 928986 Coordinator.h:97] commit: 209829 abort: 107656 (0/107656/0), cascade abort: 0, network size: 0, avg network size: 0, si_in_serializable: 0 0 %, local: 0 %, partial revert 0: 0, partial revert 1: 0, partial revert 2:  0, partial revert 3:  0, partial revert 4:  0, partial revert 5:  0, partial revert 6:  0, partial revert 7:  0, partial revert 8:  0, partial revert 9:  0, partial revert 10: 0, partial revert 11: 0, partial revert 12: 0, partial revert 13: 0, partial revert 14: 0, partial revert 15: 0, partial revert 16: 0, partial revert 17: 0, partial revert 18: 0, partial revert 19: 0
I1123 14:54:31.081928 928986 Coordinator.h:148] average commit: 204266 abort: 104702 (0/104702/0), abort cascade: 0, network size: 0, avg network size: 0, si_in_serializable: 0 0 % , local: 0 % , partial revert 0: 0 , partial revert 1: 0 , partial revert 2:  0 , partial revert 3:  0 , partial revert 4:  0 , partial revert 5:  0 , partial revert 6:  0 , partial revert 7:  0 , partial revert 8:  0 , partial revert 9:  0 , partial revert 10: 0 , partial revert 11: 0 , partial revert 12: 0 , partial revert 13: 0 , partial revert 14: 0 , partial revert 15: 0 , partial revert 16: 0 , partial revert 17: 0 , partial revert 18: 0 , partial revert 19: 0
I1123 14:54:31.082266 929057 AriaFBExecutor.h:85] AriaFB 7 exits. 
I1123 14:54:31.082266 929060 AriaFBExecutor.h:85] AriaFB 10 exits. 
I1123 14:54:31.082266 929054 AriaFBExecutor.h:85] AriaFB 4 exits. 
I1123 14:54:31.082266 929055 AriaFBExecutor.h:85] AriaFB 5 exits. 
I1123 14:54:31.082265 929053 AriaFBExecutor.h:85] AriaFB 3 exits. 
I1123 14:54:31.082266 929056 AriaFBExecutor.h:85] AriaFB 6 exits. 
I1123 14:54:31.082267 929050 AriaFBExecutor.h:85] AriaFB 0 exits. 
I1123 14:54:31.082268 929058 AriaFBExecutor.h:85] AriaFB 8 exits. 
I1123 14:54:31.082267 929052 AriaFBExecutor.h:85] AriaFB 2 exits. 
I1123 14:54:31.082266 929051 AriaFBExecutor.h:85] AriaFB 1 exits. 
I1123 14:54:31.082266 929059 AriaFBExecutor.h:85] AriaFB 9 exits. 
I1123 14:54:31.082266 929061 AriaFBExecutor.h:85] AriaFB 11 exits. 
I1123 14:54:31.081946 928986 AriaFBExecutor.h:633] Worker 0 latency: 240 us (50%) 250 us (75%) 296 us (95%) 354 us (99%).
I1123 14:54:31.085013 928986 AriaFBExecutor.h:633] Worker 1 latency: 241 us (50%) 250 us (75%) 296 us (95%) 351 us (99%).
I1123 14:54:31.088742 928986 AriaFBExecutor.h:633] Worker 2 latency: 253 us (50%) 278 us (75%) 316 us (95%) 385 us (99%).
I1123 14:54:31.094291 928986 AriaFBExecutor.h:633] Worker 3 latency: 253 us (50%) 277 us (75%) 316 us (95%) 377 us (99%).
I1123 14:54:31.098696 928986 AriaFBExecutor.h:633] Worker 4 latency: 254 us (50%) 276 us (75%) 316 us (95%) 377 us (99%).
I1123 14:54:31.102663 928986 AriaFBExecutor.h:633] Worker 5 latency: 253 us (50%) 276 us (75%) 316 us (95%) 376 us (99%).
I1123 14:54:31.106514 928986 AriaFBExecutor.h:633] Worker 6 latency: 251 us (50%) 273 us (75%) 314 us (95%) 374 us (99%).
I1123 14:54:31.110299 928986 AriaFBExecutor.h:633] Worker 7 latency: 269 us (50%) 313 us (75%) 372 us (95%) 430 us (99%).
I1123 14:54:31.115348 928986 AriaFBExecutor.h:633] Worker 8 latency: 268 us (50%) 314 us (75%) 374 us (95%) 433 us (99%).
I1123 14:54:31.120271 928986 AriaFBExecutor.h:633] Worker 9 latency: 267 us (50%) 314 us (75%) 374 us (95%) 432 us (99%).
I1123 14:54:31.125036 928986 AriaFBExecutor.h:633] Worker 10 latency: 266 us (50%) 316 us (75%) 375 us (95%) 432 us (99%).
I1123 14:54:31.129720 928986 AriaFBExecutor.h:633] Worker 11 latency: 264 us (50%) 316 us (75%) 375 us (95%) 432 us (99%).
I1123 14:54:31.134202 928986 Coordinator.h:203] Coordinator exits.
@ aria fb; threads=18
I1123 14:54:45.727981 929073 Database.h:95] partition_num: 2
I1123 14:54:45.729269 929073 Database.h:72] evm_bench initialization finished in 0 milliseconds.
I1123 14:54:45.729302 929073 AriaFBManager.h:37] batch size: 100
I1123 14:54:45.729362 929073 WorkerFactory.h:181] workers size (including manager): 19
I1123 14:54:45.729379 929073 SerialManager.h:37] batch size: 100
I1123 14:54:45.729387 929073 SerialExecutor.h:145] init tables for contracts
I1123 14:54:45.729393 929073 SerialExecutor.h:183] init key_num: 1000000
I1123 14:55:01.029178 929073 SerialExecutor.h:193] init tables finished
I1123 14:55:01.029222 929073 Coordinator.h:41] Coordinator starts to run 19 workers.
I1123 14:55:01.029295 929073 Coordinator.h:210] core_id: 0
I1123 14:55:01.029351 929073 Coordinator.h:210] core_id: 1
I1123 14:55:01.029399 929073 Coordinator.h:210] core_id: 2
I1123 14:55:01.029456 929073 Coordinator.h:210] core_id: 3
I1123 14:55:01.029525 929073 Coordinator.h:210] core_id: 4
I1123 14:55:01.029573 929073 Coordinator.h:210] core_id: 5
I1123 14:55:01.029620 929073 Coordinator.h:210] core_id: 6
I1123 14:55:01.029650 929143 AriaFBExecutor.h:76] AriaFBExecutor0 started. 
I1123 14:55:01.029737 929073 Coordinator.h:210] core_id: 7
I1123 14:55:01.029744 929145 AriaFBExecutor.h:76] AriaFBExecutor2 started. 
I1123 14:55:01.029745 929146 AriaFBExecutor.h:76] AriaFBExecutor3 started. 
I1123 14:55:01.029744 929149 AriaFBExecutor.h:76] AriaFBExecutor6 started. 
I1123 14:55:01.029816 929147 AriaFBExecutor.h:76] AriaFBExecutor4 started. 
I1123 14:55:01.029848 929073 Coordinator.h:210] core_id: 8
I1123 14:55:01.029872 929148 AriaFBExecutor.h:76] AriaFBExecutor5 started. 
I1123 14:55:01.029923 929073 Coordinator.h:210] core_id: 9
I1123 14:55:01.029999 929073 Coordinator.h:210] core_id: 10
I1123 14:55:01.030114 929073 Coordinator.h:210] core_id: 11
I1123 14:55:01.030099 929144 AriaFBExecutor.h:76] AriaFBExecutor1 started. 
I1123 14:55:01.030140 929150 AriaFBExecutor.h:76] AriaFBExecutor7 started. 
I1123 14:55:01.030246 929151 AriaFBExecutor.h:76] AriaFBExecutor8 started. 
I1123 14:55:01.030311 929073 Coordinator.h:210] core_id: 12
I1123 14:55:01.030416 929073 Coordinator.h:210] core_id: 13
I1123 14:55:01.030426 929153 AriaFBExecutor.h:76] AriaFBExecutor10 started. 
I1123 14:55:01.030400 929152 AriaFBExecutor.h:76] AriaFBExecutor9 started. 
I1123 14:55:01.030521 929154 AriaFBExecutor.h:76] AriaFBExecutor11 started. 
I1123 14:55:01.030515 929073 Coordinator.h:210] core_id: 14
I1123 14:55:01.030561 929156 AriaFBExecutor.h:76] AriaFBExecutor13 started. 
I1123 14:55:01.030619 929073 Coordinator.h:210] core_id: 15
I1123 14:55:01.030648 929157 AriaFBExecutor.h:76] AriaFBExecutor14 started. 
I1123 14:55:01.030701 929073 Coordinator.h:210] core_id: 16
I1123 14:55:01.030833 929073 Coordinator.h:210] core_id: 17
I1123 14:55:01.030961 929158 AriaFBExecutor.h:76] AriaFBExecutor15 started. 
I1123 14:55:01.031010 929159 AriaFBExecutor.h:76] AriaFBExecutor16 started. 
I1123 14:55:01.031028 929073 Coordinator.h:210] core_id: 18
I1123 14:55:01.031064 929160 AriaFBExecutor.h:76] AriaFBExecutor17 started. 
I1123 14:55:01.031109 929161 AriaFBManager.h:41] AriaFB Manager started. 
I1123 14:55:01.034549 929155 AriaFBExecutor.h:76] AriaFBExecutor12 started. 
I1123 14:55:02.031138 929073 Coordinator.h:97] commit: 255238 abort: 130620 (0/130620/0), cascade abort: 0, network size: 0, avg network size: 0, si_in_serializable: 0 0 %, local: 0 %, partial revert 0: 0, partial revert 1: 0, partial revert 2:  0, partial revert 3:  0, partial revert 4:  0, partial revert 5:  0, partial revert 6:  0, partial revert 7:  0, partial revert 8:  0, partial revert 9:  0, partial revert 10: 0, partial revert 11: 0, partial revert 12: 0, partial revert 13: 0, partial revert 14: 0, partial revert 15: 0, partial revert 16: 0, partial revert 17: 0, partial revert 18: 0, partial revert 19: 0
I1123 14:55:03.031296 929073 Coordinator.h:97] commit: 257724 abort: 132572 (0/132572/0), cascade abort: 0, network size: 0, avg network size: 0, si_in_serializable: 0 0 %, local: 0 %, partial revert 0: 0, partial revert 1: 0, partial revert 2:  0, partial revert 3:  0, partial revert 4:  0, partial revert 5:  0, partial revert 6:  0, partial revert 7:  0, partial revert 8:  0, partial revert 9:  0, partial revert 10: 0, partial revert 11: 0, partial revert 12: 0, partial revert 13: 0, partial revert 14: 0, partial revert 15: 0, partial revert 16: 0, partial revert 17: 0, partial revert 18: 0, partial revert 19: 0
I1123 14:55:04.031438 929073 Coordinator.h:97] commit: 249580 abort: 127796 (0/127796/0), cascade abort: 0, network size: 0, avg network size: 0, si_in_serializable: 0 0 %, local: 0 %, partial revert 0: 0, partial revert 1: 0, partial revert 2:  0, partial revert 3:  0, partial revert 4:  0, partial revert 5:  0, partial revert 6:  0, partial revert 7:  0, partial revert 8:  0, partial revert 9:  0, partial revert 10: 0, partial revert 11: 0, partial revert 12: 0, partial revert 13: 0, partial revert 14: 0, partial revert 15: 0, partial revert 16: 0, partial revert 17: 0, partial revert 18: 0, partial revert 19: 0
I1123 14:55:05.031597 929073 Coordinator.h:97] commit: 254497 abort: 130636 (0/130636/0), cascade abort: 0, network size: 0, avg network size: 0, si_in_serializable: 0 0 %, local: 0 %, partial revert 0: 0, partial revert 1: 0, partial revert 2:  0, partial revert 3:  0, partial revert 4:  0, partial revert 5:  0, partial revert 6:  0, partial revert 7:  0, partial revert 8:  0, partial revert 9:  0, partial revert 10: 0, partial revert 11: 0, partial revert 12: 0, partial revert 13: 0, partial revert 14: 0, partial revert 15: 0, partial revert 16: 0, partial revert 17: 0, partial revert 18: 0, partial revert 19: 0
I1123 14:55:06.031782 929073 Coordinator.h:97] commit: 256968 abort: 132083 (0/132083/0), cascade abort: 0, network size: 0, avg network size: 0, si_in_serializable: 0 0 %, local: 0 %, partial revert 0: 0, partial revert 1: 0, partial revert 2:  0, partial revert 3:  0, partial revert 4:  0, partial revert 5:  0, partial revert 6:  0, partial revert 7:  0, partial revert 8:  0, partial revert 9:  0, partial revert 10: 0, partial revert 11: 0, partial revert 12: 0, partial revert 13: 0, partial revert 14: 0, partial revert 15: 0, partial revert 16: 0, partial revert 17: 0, partial revert 18: 0, partial revert 19: 0
I1123 14:55:06.031864 929073 Coordinator.h:148] average commit: 254801 abort: 130741 (0/130741/0), abort cascade: 0, network size: 0, avg network size: 0, si_in_serializable: 0 0 % , local: 0 % , partial revert 0: 0 , partial revert 1: 0 , partial revert 2:  0 , partial revert 3:  0 , partial revert 4:  0 , partial revert 5:  0 , partial revert 6:  0 , partial revert 7:  0 , partial revert 8:  0 , partial revert 9:  0 , partial revert 10: 0 , partial revert 11: 0 , partial revert 12: 0 , partial revert 13: 0 , partial revert 14: 0 , partial revert 15: 0 , partial revert 16: 0 , partial revert 17: 0 , partial revert 18: 0 , partial revert 19: 0
I1123 14:55:06.031962 929154 AriaFBExecutor.h:85] AriaFB 11 exits. 
I1123 14:55:06.031962 929151 AriaFBExecutor.h:85] AriaFB 8 exits. 
I1123 14:55:06.031970 929158 AriaFBExecutor.h:85] AriaFB 15 exits. 
I1123 14:55:06.031962 929152 AriaFBExecutor.h:85] AriaFB 9 exits. 
I1123 14:55:06.031963 929156 AriaFBExecutor.h:85] AriaFB 13 exits. 
I1123 14:55:06.031962 929145 AriaFBExecutor.h:85] AriaFB 2 exits. 
I1123 14:55:06.031963 929146 AriaFBExecutor.h:85] AriaFB 3 exits. 
I1123 14:55:06.031962 929160 AriaFBExecutor.h:85] AriaFB 17 exits. 
I1123 14:55:06.031962 929149 AriaFBExecutor.h:85] AriaFB 6 exits. 
I1123 14:55:06.031962 929155 AriaFBExecutor.h:85] AriaFB 12 exits. 
I1123 14:55:06.031963 929157 AriaFBExecutor.h:85] AriaFB 14 exits. 
I1123 14:55:06.031962 929153 AriaFBExecutor.h:85] AriaFB 10 exits. 
I1123 14:55:06.031962 929147 AriaFBExecutor.h:85] AriaFB 4 exits. 
I1123 14:55:06.031965 929150 AriaFBExecutor.h:85] AriaFB 7 exits. 
I1123 14:55:06.031963 929143 AriaFBExecutor.h:85] AriaFB 0 exits. 
I1123 14:55:06.031963 929148 AriaFBExecutor.h:85] AriaFB 5 exits. 
I1123 14:55:06.031962 929144 AriaFBExecutor.h:85] AriaFB 1 exits. 
I1123 14:55:06.031962 929159 AriaFBExecutor.h:85] AriaFB 16 exits. 
I1123 14:55:06.031898 929073 AriaFBExecutor.h:633] Worker 0 latency: 167 us (50%) 174 us (75%) 191 us (95%) 249 us (99%).
I1123 14:55:06.034639 929073 AriaFBExecutor.h:633] Worker 1 latency: 168 us (50%) 175 us (75%) 192 us (95%) 251 us (99%).
I1123 14:55:06.040963 929073 AriaFBExecutor.h:633] Worker 2 latency: 176 us (50%) 202 us (75%) 222 us (95%) 271 us (99%).
I1123 14:55:06.047842 929073 AriaFBExecutor.h:633] Worker 3 latency: 177 us (50%) 201 us (75%) 222 us (95%) 270 us (99%).
I1123 14:55:06.051548 929073 AriaFBExecutor.h:633] Worker 4 latency: 175 us (50%) 199 us (75%) 221 us (95%) 269 us (99%).
I1123 14:55:06.055097 929073 AriaFBExecutor.h:633] Worker 5 latency: 175 us (50%) 199 us (75%) 222 us (95%) 269 us (99%).
I1123 14:55:06.058540 929073 AriaFBExecutor.h:633] Worker 6 latency: 174 us (50%) 197 us (75%) 221 us (95%) 266 us (99%).
I1123 14:55:06.061959 929073 AriaFBExecutor.h:633] Worker 7 latency: 174 us (50%) 197 us (75%) 221 us (95%) 267 us (99%).
I1123 14:55:06.065266 929073 AriaFBExecutor.h:633] Worker 8 latency: 173 us (50%) 195 us (75%) 220 us (95%) 265 us (99%).
I1123 14:55:06.068567 929073 AriaFBExecutor.h:633] Worker 9 latency: 173 us (50%) 195 us (75%) 221 us (95%) 263 us (99%).
I1123 14:55:06.071734 929073 AriaFBExecutor.h:633] Worker 10 latency: 194 us (50%) 238 us (75%) 297 us (95%) 344 us (99%).
I1123 14:55:06.075793 929073 AriaFBExecutor.h:633] Worker 11 latency: 192 us (50%) 239 us (75%) 298 us (95%) 344 us (99%).
I1123 14:55:06.079667 929073 AriaFBExecutor.h:633] Worker 12 latency: 191 us (50%) 240 us (75%) 299 us (95%) 345 us (99%).
I1123 14:55:06.088011 929073 AriaFBExecutor.h:633] Worker 13 latency: 189 us (50%) 241 us (75%) 299 us (95%) 344 us (99%).
I1123 14:55:06.091713 929073 AriaFBExecutor.h:633] Worker 14 latency: 185 us (50%) 242 us (75%) 300 us (95%) 346 us (99%).
I1123 14:55:06.095322 929073 AriaFBExecutor.h:633] Worker 15 latency: 184 us (50%) 243 us (75%) 300 us (95%) 346 us (99%).
