I0306 17:57:53.326489 2086649 SparkleExecutor.h:941] Worker 10 multi latency: 346 us (1%) 1027 us (50%) 1738 us (75%) 4238 us (95%) 4912 us (99%).
I0306 17:57:53.326597 2086649 SparkleExecutor.h:936] Worker 11 latency: 886 us (50%) 1177 us (75%) 2862 us (95%) 4604 us (99%).
I0306 17:57:53.327649 2086649 SparkleExecutor.h:941] Worker 11 multi latency: 366 us (1%) 1008 us (50%) 1649 us (75%) 4178 us (95%) 4604 us (99%).
I0306 17:57:53.327754 2086649 SparkleExecutor.h:936] Worker 12 latency: 882 us (50%) 1183 us (75%) 2987 us (95%) 4518 us (99%).
I0306 17:57:53.328819 2086649 SparkleExecutor.h:941] Worker 12 multi latency: 342 us (1%) 1013 us (50%) 1808 us (75%) 4284 us (95%) 4518 us (99%).
I0306 17:57:53.328935 2086649 SparkleExecutor.h:936] Worker 13 latency: 882 us (50%) 1173 us (75%) 2842 us (95%) 4363 us (99%).
I0306 17:57:53.329972 2086649 SparkleExecutor.h:941] Worker 13 multi latency: 331 us (1%) 1000 us (50%) 1646 us (75%) 4017 us (95%) 4363 us (99%).
I0306 17:57:53.330077 2086649 SparkleExecutor.h:936] Worker 14 latency: 880 us (50%) 1179 us (75%) 2971 us (95%) 4853 us (99%).
I0306 17:57:53.331148 2086649 SparkleExecutor.h:941] Worker 14 multi latency: 339 us (1%) 1011 us (50%) 1586 us (75%) 4297 us (95%) 4853 us (99%).
I0306 17:57:53.331272 2086649 SparkleExecutor.h:936] Worker 15 latency: 882 us (50%) 1172 us (75%) 2826 us (95%) 4458 us (99%).
I0306 17:57:53.332310 2086649 SparkleExecutor.h:941] Worker 15 multi latency: 348 us (1%) 1012 us (50%) 1681 us (75%) 4141 us (95%) 4458 us (99%).
I0306 17:57:53.332408 2086649 SparkleExecutor.h:936] Worker 16 latency: 884 us (50%) 1183 us (75%) 2962 us (95%) 4651 us (99%).
I0306 17:57:53.333453 2086649 SparkleExecutor.h:941] Worker 16 multi latency: 354 us (1%) 1058 us (50%) 2199 us (75%) 4167 us (95%) 4651 us (99%).
I0306 17:57:53.333570 2086649 SparkleExecutor.h:936] Worker 17 latency: 890 us (50%) 1191 us (75%) 3069 us (95%) 4826 us (99%).
I0306 17:57:53.334618 2086649 SparkleExecutor.h:941] Worker 17 multi latency: 351 us (1%) 1068 us (50%) 1829 us (75%) 4236 us (95%) 4826 us (99%).
I0306 17:57:53.334722 2086649 SparkleExecutor.h:936] Worker 18 latency: 883 us (50%) 1180 us (75%) 3021 us (95%) 4756 us (99%).
I0306 17:57:53.335824 2086649 SparkleExecutor.h:941] Worker 18 multi latency: 361 us (1%) 1027 us (50%) 1814 us (75%) 4316 us (95%) 4756 us (99%).
I0306 17:57:53.335929 2086649 SparkleExecutor.h:936] Worker 19 latency: 883 us (50%) 1175 us (75%) 2877 us (95%) 4881 us (99%).
I0306 17:57:53.336977 2086649 SparkleExecutor.h:941] Worker 19 multi latency: 326 us (1%) 1004 us (50%) 1596 us (75%) 4096 us (95%) 4881 us (99%).
test_partition1.sh: line 36: 2086649 Killed                  $execute --threads=$threads --protocol=Spectrum --keys=$keys --zipf=$zipf --contract_type=$contract_type --partition_num=$partition_num --global_key_space=false --global_partition_id=0 --cross_ratio=$cross_ratio --time_to_run=10 --sparkle_lock_manager=1
@ Spectrum; threads=25
I0306 17:58:06.492919 2086829 Database.h:95] partition_num: 2
I0306 17:58:06.497644 2086829 Database.h:72] evm_bench initialization finished in 3 milliseconds.
I0306 17:58:06.497946 2086881 main.cpp:89] SpectrumServer 0 started at 53007!
I0306 17:58:06.498005 2086881 Server.h:52] Server 0 starts to run.
I0306 17:58:06.997720 2086881 Server.h:57] 127.0.0.1:50482 -> 127.0.0.1:53007 is UP
I0306 17:58:06.997977 2086884 main.cpp:75] SpectrumClient 0 started connect to 53007!
I0306 17:58:06.998075 2086884 Client.h:90] 127.0.0.1:53007 -> 127.0.0.1:50488 is UP
I0306 17:58:06.998080 2086881 Server.h:57] 127.0.0.1:50488 -> 127.0.0.1:53007 is UP
I0306 17:58:07.498121 2086891 main.cpp:75] SpectrumClient 1 started connect to 53008!
I0306 17:58:07.498196 2086891 Client.h:90] 127.0.0.1:53008 -> 127.0.0.1:40004 is UP
I0306 17:58:07.998100 2086829 main.cpp:199] 2 clients connected.
I0306 17:58:07.998195 2086829 SparkleManager.h:45] batch size: 100
I0306 17:58:08.025492 2086829 WorkerFactory.h:179] workers size (including manager): 26
I0306 17:58:08.025522 2086829 SerialManager.h:37] batch size: 100
I0306 17:58:08.025527 2086829 SerialExecutor.h:154] init tables for contracts
I0306 17:58:08.025532 2086829 SerialExecutor.h:192] init key_num: 200000
I0306 17:58:11.420389 2086829 SerialExecutor.h:203] init tables finished
I0306 17:58:13.420506 2086829 Coordinator.h:41] Coordinator starts to run 26 workers.
I0306 17:58:13.420632 2086829 Coordinator.h:184] core_id: 56
I0306 17:58:13.420786 2086829 Coordinator.h:184] core_id: 57
I0306 17:58:13.420934 2086829 Coordinator.h:184] core_id: 58
I0306 17:58:13.421064 2086829 Coordinator.h:184] core_id: 59
I0306 17:58:13.421093 2086961 SparkleExecutor.h:105] SparkleExecutor 0 started. 
I0306 17:58:13.421185 2086961 SparkleExecutor.h:112] scheduler 0 starts.
I0306 17:58:13.421190 2086962 SparkleExecutor.h:105] SparkleExecutor 1 started. 
I0306 17:58:13.421250 2086962 SparkleExecutor.h:121] worker 1 starts.
I0306 17:58:13.421272 2086829 Coordinator.h:184] core_id: 60
I0306 17:58:13.421366 2086963 SparkleExecutor.h:105] SparkleExecutor 2 started. 
I0306 17:58:13.421442 2086829 Coordinator.h:184] core_id: 61
I0306 17:58:13.421514 2086963 SparkleExecutor.h:121] worker 2 starts.
I0306 17:58:13.421564 2086964 SparkleExecutor.h:105] SparkleExecutor 3 started. 
I0306 17:58:13.421633 2086964 SparkleExecutor.h:121] worker 3 starts.
I0306 17:58:13.421689 2086829 Coordinator.h:184] core_id: 62
I0306 17:58:13.421728 2086965 SparkleExecutor.h:105] SparkleExecutor 4 started. 
I0306 17:58:13.421833 2086965 SparkleExecutor.h:121] worker 4 starts.
I0306 17:58:13.421958 2086829 Coordinator.h:184] core_id: 63
I0306 17:58:13.421959 2086966 SparkleExecutor.h:105] SparkleExecutor 5 started. 
I0306 17:58:13.422013 2086966 SparkleExecutor.h:121] worker 5 starts.
I0306 17:58:13.422056 2086967 SparkleExecutor.h:105] SparkleExecutor 6 started. 
I0306 17:58:13.422122 2086967 SparkleExecutor.h:121] worker 6 starts.
I0306 17:58:13.422297 2086968 SparkleExecutor.h:105] SparkleExecutor 7 started. 
I0306 17:58:13.422348 2086968 SparkleExecutor.h:121] worker 7 starts.
I0306 17:58:13.422374 2086829 Coordinator.h:184] core_id: 64
I0306 17:58:13.422701 2086969 SparkleExecutor.h:105] SparkleExecutor 8 started. 
I0306 17:58:13.422719 2086829 Coordinator.h:184] core_id: 65
I0306 17:58:13.422768 2086969 SparkleExecutor.h:121] worker 8 starts.
I0306 17:58:13.422981 2086970 SparkleExecutor.h:105] SparkleExecutor 9 started. 
I0306 17:58:13.423036 2086970 SparkleExecutor.h:121] worker 9 starts.
I0306 17:58:13.423040 2086829 Coordinator.h:184] core_id: 66
I0306 17:58:13.423357 2086971 SparkleExecutor.h:105] SparkleExecutor 10 started. 
I0306 17:58:13.423364 2086829 Coordinator.h:184] core_id: 67
I0306 17:58:13.423430 2086971 SparkleExecutor.h:121] worker 10 starts.
I0306 17:58:13.423550 2086972 SparkleExecutor.h:105] SparkleExecutor 11 started. 
I0306 17:58:13.423604 2086972 SparkleExecutor.h:121] worker 11 starts.
I0306 17:58:13.423629 2086829 Coordinator.h:184] core_id: 68
I0306 17:58:13.423909 2086829 Coordinator.h:184] core_id: 69
I0306 17:58:13.423913 2086973 SparkleExecutor.h:105] SparkleExecutor 12 started. 
I0306 17:58:13.424021 2086973 SparkleExecutor.h:121] worker 12 starts.
I0306 17:58:13.424211 2086829 Coordinator.h:184] core_id: 70
I0306 17:58:13.424229 2086974 SparkleExecutor.h:105] SparkleExecutor 13 started. 
I0306 17:58:13.424293 2086974 SparkleExecutor.h:121] worker 13 starts.
I0306 17:58:13.424469 2086975 SparkleExecutor.h:105] SparkleExecutor 14 started. 
I0306 17:58:13.424471 2086829 Coordinator.h:184] core_id: 71
I0306 17:58:13.424556 2086975 SparkleExecutor.h:121] worker 14 starts.
I0306 17:58:13.424650 2086976 SparkleExecutor.h:105] SparkleExecutor 15 started. 
I0306 17:58:13.424707 2086976 SparkleExecutor.h:121] worker 15 starts.
I0306 17:58:13.424721 2086829 Coordinator.h:184] core_id: 72
I0306 17:58:13.424960 2086977 SparkleExecutor.h:105] SparkleExecutor 16 started. 
I0306 17:58:13.424966 2086829 Coordinator.h:184] core_id: 73
I0306 17:58:13.425025 2086977 SparkleExecutor.h:121] worker 16 starts.
I0306 17:58:13.425146 2086978 SparkleExecutor.h:105] SparkleExecutor 17 started. 
I0306 17:58:13.425209 2086978 SparkleExecutor.h:121] worker 17 starts.
I0306 17:58:13.425216 2086829 Coordinator.h:184] core_id: 74
I0306 17:58:13.425483 2086979 SparkleExecutor.h:105] SparkleExecutor 18 started. 
I0306 17:58:13.425484 2086829 Coordinator.h:184] core_id: 75
I0306 17:58:13.425549 2086979 SparkleExecutor.h:121] worker 18 starts.
I0306 17:58:13.425709 2086980 SparkleExecutor.h:105] SparkleExecutor 19 started. 
I0306 17:58:13.425768 2086980 SparkleExecutor.h:121] worker 19 starts.
I0306 17:58:13.425783 2086829 Coordinator.h:184] core_id: 76
I0306 17:58:13.426050 2086981 SparkleExecutor.h:105] SparkleExecutor 20 started. 
I0306 17:58:13.426066 2086829 Coordinator.h:184] core_id: 77
I0306 17:58:13.426113 2086981 SparkleExecutor.h:121] worker 20 starts.
I0306 17:58:13.426245 2086982 SparkleExecutor.h:105] SparkleExecutor 21 started. 
I0306 17:58:13.426304 2086982 SparkleExecutor.h:121] worker 21 starts.
I0306 17:58:13.426335 2086829 Coordinator.h:184] core_id: 78
I0306 17:58:13.426612 2086829 Coordinator.h:184] core_id: 79
I0306 17:58:13.426631 2086983 SparkleExecutor.h:105] SparkleExecutor 22 started. 
I0306 17:58:13.426688 2086983 SparkleExecutor.h:121] worker 22 starts.
I0306 17:58:13.426909 2086984 SparkleExecutor.h:105] SparkleExecutor 23 started. 
I0306 17:58:13.426966 2086984 SparkleExecutor.h:121] worker 23 starts.
I0306 17:58:13.427031 2086829 Coordinator.h:184] core_id: 80
I0306 17:58:13.427354 2086985 SparkleExecutor.h:105] SparkleExecutor 24 started. 
I0306 17:58:13.427417 2086829 Coordinator.h:184] core_id: 81
I0306 17:58:13.427420 2086985 SparkleExecutor.h:121] worker 24 starts.
I0306 17:58:13.427604 2086986 Manager.h:210] Manager(worker id = 25) on the coordinator node started.
I0306 17:58:14.427585 2086829 Coordinator.h:101] commit: 29077 abort: 0 (0/0/0), cascade abort: 0, network size: 2776, avg network size: 0.0954706, multi commit network size: 0, si_in_serializable: 0 0 %, local: 0 %, operations: 24250218
I0306 17:58:15.427721 2086829 Coordinator.h:101] commit: 34707 abort: 0 (0/0/0), cascade abort: 0, network size: 3259, avg network size: 0.0939004, multi commit network size: 0, si_in_serializable: 0 0 %, local: 0 %, operations: 28945638
I0306 17:58:16.427842 2086829 Coordinator.h:101] commit: 32013 abort: 0 (0/0/0), cascade abort: 0, network size: 2972, avg network size: 0.0928373, multi commit network size: 0, si_in_serializable: 0 0 %, local: 0 %, operations: 26698842
I0306 17:58:17.427975 2086829 Coordinator.h:101] commit: 32085 abort: 0 (0/0/0), cascade abort: 0, network size: 3024, avg network size: 0.0942496, multi commit network size: 0, si_in_serializable: 0 0 %, local: 0 %, operations: 26758890
I0306 17:58:18.428107 2086829 Coordinator.h:101] commit: 28525 abort: 0 (0/0/0), cascade abort: 0, network size: 2772, avg network size: 0.0971779, multi commit network size: 0, si_in_serializable: 0 0 %, local: 0 %, operations: 23789850
I0306 17:58:19.428236 2086829 Coordinator.h:101] commit: 30762 abort: 0 (0/0/0), cascade abort: 0, network size: 2879, avg network size: 0.0935895, multi commit network size: 0, si_in_serializable: 0 0 %, local: 0 %, operations: 25655508
I0306 17:58:20.428377 2086829 Coordinator.h:101] commit: 32466 abort: 0 (0/0/0), cascade abort: 0, network size: 3056, avg network size: 0.0941292, multi commit network size: 0, si_in_serializable: 0 0 %, local: 0 %, operations: 27076644
I0306 17:58:21.428512 2086829 Coordinator.h:101] commit: 31756 abort: 0 (0/0/0), cascade abort: 0, network size: 2960, avg network size: 0.0932107, multi commit network size: 0, si_in_serializable: 0 0 %, local: 0 %, operations: 26484504
I0306 17:58:22.428642 2086829 Coordinator.h:101] commit: 31180 abort: 0 (0/0/0), cascade abort: 0, network size: 3015, avg network size: 0.0966966, multi commit network size: 0, si_in_serializable: 0 0 %, local: 0 %, operations: 26004120
I0306 17:58:23.428776 2086829 Coordinator.h:101] commit: 32394 abort: 0 (0/0/0), cascade abort: 0, network size: 3089, avg network size: 0.0953572, multi commit network size: 0, si_in_serializable: 0 0 %, local: 0 %, operations: 27016596
I0306 17:58:23.428812 2086829 Coordinator.h:137] average commit: 31496.5, average multi commit: 2978.9 abort: 0 (0/0/0), abort cascade: 0, average operations: 26268081, network size: 2980, multi commit network size: 0, avg network size: 0.09462, si_in_serializable: 0 0 % , local: 0 %
I0306 17:58:23.428828 2086829 SparkleExecutor.h:936] Worker 0 latency: 0 us (50%) 0 us (75%) 0 us (95%) 0 us (99%).
I0306 17:58:23.428836 2086829 SparkleExecutor.h:941] Worker 0 multi latency: 0 us (1%) 0 us (50%) 0 us (75%) 0 us (95%) 0 us (99%).
I0306 17:58:23.429473 2086961 SparkleExecutor.h:126] SparkleExecutor 0 exits. 
I0306 17:58:23.429495 2086975 SparkleExecutor.h:126] SparkleExecutor 14 exits. 
I0306 17:58:23.429497 2086977 SparkleExecutor.h:126] SparkleExecutor 16 exits. 
I0306 17:58:23.429498 2086965 SparkleExecutor.h:126] SparkleExecutor 4 exits. 
I0306 17:58:23.429498 2086976 SparkleExecutor.h:126] SparkleExecutor 15 exits. 
I0306 17:58:23.429498 2086985 SparkleExecutor.h:126] SparkleExecutor 24 exits. 
I0306 17:58:23.429498 2086974 SparkleExecutor.h:126] SparkleExecutor 13 exits. 
I0306 17:58:23.429589 2086829 SparkleExecutor.h:936] Worker 1 latency: 956 us (50%) 1331 us (75%) 4020 us (95%) 7867 us (99%).
I0306 17:58:23.430557 2086829 SparkleExecutor.h:941] Worker 1 multi latency: 397 us (1%) 2091 us (50%) 3946 us (75%) 5600 us (95%) 7867 us (99%).
I0306 17:58:23.446291 2086970 SparkleExecutor.h:126] SparkleExecutor 9 exits. 
I0306 17:58:23.448035 2086980 SparkleExecutor.h:126] SparkleExecutor 19 exits. 
I0306 17:58:23.467304 2086962 SparkleExecutor.h:126] SparkleExecutor 1 exits. 
I0306 17:58:23.467649 2086971 SparkleExecutor.h:126] SparkleExecutor 10 exits. 
I0306 17:58:23.468708 2086983 SparkleExecutor.h:126] SparkleExecutor 22 exits. 
I0306 17:58:23.467638 2086829 SparkleExecutor.h:936] Worker 2 latency: 956 us (50%) 1350 us (75%) 4015 us (95%) 10149 us (99%).
I0306 17:58:23.468744 2086829 SparkleExecutor.h:941] Worker 2 multi latency: 387 us (1%) 2260 us (50%) 3951 us (75%) 5585 us (95%) 10149 us (99%).
I0306 17:58:23.469317 2086964 SparkleExecutor.h:126] SparkleExecutor 3 exits. 
I0306 17:58:23.469463 2086973 SparkleExecutor.h:126] SparkleExecutor 12 exits. 
I0306 17:58:23.470588 2086966 SparkleExecutor.h:126] SparkleExecutor 5 exits. 
I0306 17:58:23.470748 2086969 SparkleExecutor.h:126] SparkleExecutor 8 exits. 
I0306 17:58:23.470784 2086963 SparkleExecutor.h:126] SparkleExecutor 2 exits. 
I0306 17:58:23.470827 2086979 SparkleExecutor.h:126] SparkleExecutor 18 exits. 
I0306 17:58:23.471817 2086981 SparkleExecutor.h:126] SparkleExecutor 20 exits. 
I0306 17:58:23.471127 2086829 SparkleExecutor.h:936] Worker 3 latency: 958 us (50%) 1330 us (75%) 3901 us (95%) 5955 us (99%).
I0306 17:58:23.472038 2086829 SparkleExecutor.h:941] Worker 3 multi latency: 364 us (1%) 1992 us (50%) 3892 us (75%) 5514 us (95%) 5955 us (99%).
I0306 17:58:23.472240 2086967 SparkleExecutor.h:126] SparkleExecutor 6 exits. 
I0306 17:58:23.472254 2086972 SparkleExecutor.h:126] SparkleExecutor 11 exits. 
I0306 17:58:23.472381 2086982 SparkleExecutor.h:126] SparkleExecutor 21 exits. 
I0306 17:58:23.472519 2086968 SparkleExecutor.h:126] SparkleExecutor 7 exits. 
I0306 17:58:23.472685 2086978 SparkleExecutor.h:126] SparkleExecutor 17 exits. 
I0306 17:58:23.472803 2086984 SparkleExecutor.h:126] SparkleExecutor 23 exits. 
I0306 17:58:23.472118 2086829 SparkleExecutor.h:936] Worker 4 latency: 954 us (50%) 1334 us (75%) 3980 us (95%) 8060 us (99%).
I0306 17:58:23.473276 2086829 SparkleExecutor.h:941] Worker 4 multi latency: 384 us (1%) 1846 us (50%) 3877 us (75%) 5511 us (95%) 8060 us (99%).
I0306 17:58:23.473380 2086829 SparkleExecutor.h:936] Worker 5 latency: 960 us (50%) 1337 us (75%) 3886 us (95%) 7193 us (99%).
I0306 17:58:23.474248 2086829 SparkleExecutor.h:941] Worker 5 multi latency: 374 us (1%) 2087 us (50%) 3880 us (75%) 5558 us (95%) 7193 us (99%).
I0306 17:58:23.474334 2086829 SparkleExecutor.h:936] Worker 6 latency: 957 us (50%) 1355 us (75%) 3907 us (95%) 5698 us (99%).
I0306 17:58:23.475257 2086829 SparkleExecutor.h:941] Worker 6 multi latency: 356 us (1%) 2048 us (50%) 3856 us (75%) 5419 us (95%) 5698 us (99%).
I0306 17:58:23.475337 2086829 SparkleExecutor.h:936] Worker 7 latency: 960 us (50%) 1341 us (75%) 3894 us (95%) 6556 us (99%).
I0306 17:58:23.476142 2086829 SparkleExecutor.h:941] Worker 7 multi latency: 340 us (1%) 2078 us (50%) 3911 us (75%) 5610 us (95%) 6556 us (99%).
I0306 17:58:23.476215 2086829 SparkleExecutor.h:936] Worker 8 latency: 955 us (50%) 1339 us (75%) 3949 us (95%) 6345 us (99%).
I0306 17:58:23.477066 2086829 SparkleExecutor.h:941] Worker 8 multi latency: 349 us (1%) 1962 us (50%) 3906 us (75%) 5573 us (95%) 6345 us (99%).
I0306 17:58:23.477146 2086829 SparkleExecutor.h:936] Worker 9 latency: 962 us (50%) 1371 us (75%) 3964 us (95%) 7139 us (99%).
I0306 17:58:23.477945 2086829 SparkleExecutor.h:941] Worker 9 multi latency: 390 us (1%) 2211 us (50%) 3960 us (75%) 5531 us (95%) 7139 us (99%).
I0306 17:58:23.478017 2086829 SparkleExecutor.h:936] Worker 10 latency: 960 us (50%) 1367 us (75%) 4021 us (95%) 8055 us (99%).
I0306 17:58:23.478878 2086829 SparkleExecutor.h:941] Worker 10 multi latency: 385 us (1%) 2102 us (50%) 3908 us (75%) 5703 us (95%) 8055 us (99%).
I0306 17:58:23.478956 2086829 SparkleExecutor.h:936] Worker 11 latency: 964 us (50%) 1385 us (75%) 4172 us (95%) 31154 us (99%).
I0306 17:58:23.479773 2086829 SparkleExecutor.h:941] Worker 11 multi latency: 386 us (1%) 2131 us (50%) 3981 us (75%) 5933 us (95%) 31154 us (99%).
I0306 17:58:23.479851 2086829 SparkleExecutor.h:936] Worker 12 latency: 960 us (50%) 1359 us (75%) 4009 us (95%) 8447 us (99%).
I0306 17:58:23.480707 2086829 SparkleExecutor.h:941] Worker 12 multi latency: 355 us (1%) 2061 us (50%) 3914 us (75%) 5521 us (95%) 8447 us (99%).
I0306 17:58:23.480787 2086829 SparkleExecutor.h:936] Worker 13 latency: 963 us (50%) 1355 us (75%) 3940 us (95%) 7915 us (99%).
I0306 17:58:23.481588 2086829 SparkleExecutor.h:941] Worker 13 multi latency: 376 us (1%) 2237 us (50%) 3915 us (75%) 5512 us (95%) 7915 us (99%).
I0306 17:58:23.481660 2086829 SparkleExecutor.h:936] Worker 14 latency: 966 us (50%) 1393 us (75%) 4025 us (95%) 7764 us (99%).
I0306 17:58:23.482460 2086829 SparkleExecutor.h:941] Worker 14 multi latency: 388 us (1%) 2147 us (50%) 3966 us (75%) 5570 us (95%) 7764 us (99%).
I0306 17:58:23.482542 2086829 SparkleExecutor.h:936] Worker 15 latency: 962 us (50%) 1360 us (75%) 3990 us (95%) 8695 us (99%).
I0306 17:58:23.483351 2086829 SparkleExecutor.h:941] Worker 15 multi latency: 373 us (1%) 2226 us (50%) 3949 us (75%) 5738 us (95%) 8695 us (99%).
I0306 17:58:23.483425 2086829 SparkleExecutor.h:936] Worker 16 latency: 965 us (50%) 1381 us (75%) 4055 us (95%) 12948 us (99%).
I0306 17:58:23.484284 2086829 SparkleExecutor.h:941] Worker 16 multi latency: 349 us (1%) 2186 us (50%) 3910 us (75%) 5444 us (95%) 12948 us (99%).
I0306 17:58:23.484378 2086829 SparkleExecutor.h:936] Worker 17 latency: 959 us (50%) 1340 us (75%) 4053 us (95%) 26851 us (99%).
I0306 17:58:23.485185 2086829 SparkleExecutor.h:941] Worker 17 multi latency: 390 us (1%) 2021 us (50%) 3902 us (75%) 5611 us (95%) 26851 us (99%).
I0306 17:58:23.485270 2086829 SparkleExecutor.h:936] Worker 18 latency: 958 us (50%) 1363 us (75%) 3935 us (95%) 6617 us (99%).
I0306 17:58:23.486115 2086829 SparkleExecutor.h:941] Worker 18 multi latency: 362 us (1%) 2151 us (50%) 3952 us (75%) 5587 us (95%) 6617 us (99%).
I0306 17:58:23.486194 2086829 SparkleExecutor.h:936] Worker 19 latency: 954 us (50%) 1309 us (75%) 3978 us (95%) 11045 us (99%).
I0306 17:58:23.487004 2086829 SparkleExecutor.h:941] Worker 19 multi latency: 327 us (1%) 2047 us (50%) 3945 us (75%) 5834 us (95%) 11045 us (99%).
I0306 17:58:23.487074 2086829 SparkleExecutor.h:936] Worker 20 latency: 958 us (50%) 1355 us (75%) 4141 us (95%) 18270 us (99%).
I0306 17:58:23.487936 2086829 SparkleExecutor.h:941] Worker 20 multi latency: 350 us (1%) 2145 us (50%) 3984 us (75%) 5928 us (95%) 18270 us (99%).
I0306 17:58:23.488018 2086829 SparkleExecutor.h:936] Worker 21 latency: 956 us (50%) 1344 us (75%) 4023 us (95%) 9203 us (99%).
I0306 17:58:23.488827 2086829 SparkleExecutor.h:941] Worker 21 multi latency: 380 us (1%) 2155 us (50%) 3985 us (75%) 5581 us (95%) 9203 us (99%).
I0306 17:58:23.488902 2086829 SparkleExecutor.h:936] Worker 22 latency: 946 us (50%) 1310 us (75%) 3976 us (95%) 13374 us (99%).
I0306 17:58:23.489748 2086829 SparkleExecutor.h:941] Worker 22 multi latency: 378 us (1%) 1995 us (50%) 3964 us (75%) 5677 us (95%) 13374 us (99%).
I0306 17:58:23.489825 2086829 SparkleExecutor.h:936] Worker 23 latency: 957 us (50%) 1332 us (75%) 3975 us (95%) 7624 us (99%).
I0306 17:58:23.490634 2086829 SparkleExecutor.h:941] Worker 23 multi latency: 377 us (1%) 2155 us (50%) 3940 us (75%) 5595 us (95%) 7624 us (99%).
I0306 17:58:23.490711 2086829 SparkleExecutor.h:936] Worker 24 latency: 953 us (50%) 1316 us (75%) 3930 us (95%) 7432 us (99%).
I0306 17:58:23.491590 2086829 SparkleExecutor.h:941] Worker 24 multi latency: 343 us (1%) 1941 us (50%) 3836 us (75%) 5474 us (95%) 7432 us (99%).
test_partition1.sh: line 36: 2086829 Killed                  $execute --threads=$threads --protocol=Spectrum --keys=$keys --zipf=$zipf --contract_type=$contract_type --partition_num=$partition_num --global_key_space=false --global_partition_id=0 --cross_ratio=$cross_ratio --time_to_run=10 --sparkle_lock_manager=1
