I0306 17:57:53.306432 2086647 SparkleExecutor.h:936] Worker 9 latency: 1003 us (50%) 1321 us (75%) 2914 us (95%) 5277 us (99%).
I0306 17:57:53.307482 2086647 SparkleExecutor.h:941] Worker 9 multi latency: 438 us (1%) 2195 us (50%) 2643 us (75%) 4648 us (95%) 5277 us (99%).
I0306 17:57:53.307582 2086647 SparkleExecutor.h:936] Worker 10 latency: 999 us (50%) 1310 us (75%) 2833 us (95%) 5339 us (99%).
I0306 17:57:53.308658 2086647 SparkleExecutor.h:941] Worker 10 multi latency: 441 us (1%) 2186 us (50%) 2591 us (75%) 4570 us (95%) 5339 us (99%).
I0306 17:57:53.308774 2086647 SparkleExecutor.h:936] Worker 11 latency: 1001 us (50%) 1303 us (75%) 2885 us (95%) 5478 us (99%).
I0306 17:57:53.309829 2086647 SparkleExecutor.h:941] Worker 11 multi latency: 440 us (1%) 2205 us (50%) 2624 us (75%) 4821 us (95%) 5478 us (99%).
I0306 17:57:53.309932 2086647 SparkleExecutor.h:936] Worker 12 latency: 996 us (50%) 1299 us (75%) 2827 us (95%) 5225 us (99%).
I0306 17:57:53.310992 2086647 SparkleExecutor.h:941] Worker 12 multi latency: 428 us (1%) 2208 us (50%) 2612 us (75%) 4728 us (95%) 5225 us (99%).
I0306 17:57:53.311093 2086647 SparkleExecutor.h:936] Worker 13 latency: 994 us (50%) 1277 us (75%) 2758 us (95%) 5079 us (99%).
I0306 17:57:53.312166 2086647 SparkleExecutor.h:941] Worker 13 multi latency: 435 us (1%) 2133 us (50%) 2548 us (75%) 4552 us (95%) 5079 us (99%).
I0306 17:57:53.312263 2086647 SparkleExecutor.h:936] Worker 14 latency: 992 us (50%) 1290 us (75%) 2748 us (95%) 5235 us (99%).
I0306 17:57:53.313338 2086647 SparkleExecutor.h:941] Worker 14 multi latency: 459 us (1%) 2190 us (50%) 2573 us (75%) 4651 us (95%) 5235 us (99%).
I0306 17:57:53.313446 2086647 SparkleExecutor.h:936] Worker 15 latency: 998 us (50%) 1291 us (75%) 2838 us (95%) 5212 us (99%).
I0306 17:57:53.314513 2086647 SparkleExecutor.h:941] Worker 15 multi latency: 388 us (1%) 2173 us (50%) 2571 us (75%) 4440 us (95%) 5212 us (99%).
I0306 17:57:53.314617 2086647 SparkleExecutor.h:936] Worker 16 latency: 990 us (50%) 1284 us (75%) 2690 us (95%) 4950 us (99%).
I0306 17:57:53.315701 2086647 SparkleExecutor.h:941] Worker 16 multi latency: 437 us (1%) 2208 us (50%) 2565 us (75%) 4211 us (95%) 4950 us (99%).
I0306 17:57:53.315815 2086647 SparkleExecutor.h:936] Worker 17 latency: 1003 us (50%) 1319 us (75%) 2883 us (95%) 5337 us (99%).
I0306 17:57:53.316866 2086647 SparkleExecutor.h:941] Worker 17 multi latency: 358 us (1%) 2204 us (50%) 2631 us (75%) 4815 us (95%) 5337 us (99%).
I0306 17:57:53.316970 2086647 SparkleExecutor.h:936] Worker 18 latency: 994 us (50%) 1314 us (75%) 2813 us (95%) 4993 us (99%).
I0306 17:57:53.318033 2086647 SparkleExecutor.h:941] Worker 18 multi latency: 456 us (1%) 2253 us (50%) 2641 us (75%) 4484 us (95%) 4993 us (99%).
I0306 17:57:53.318147 2086647 SparkleExecutor.h:936] Worker 19 latency: 1001 us (50%) 1312 us (75%) 2815 us (95%) 5202 us (99%).
I0306 17:57:53.319222 2086647 SparkleExecutor.h:941] Worker 19 multi latency: 424 us (1%) 2176 us (50%) 2580 us (75%) 4650 us (95%) 5202 us (99%).
test_partition2.sh: line 43: 2086647 Killed                  $execute --threads=$threads --protocol=Spectrum --keys=$keys --zipf=$zipf --contract_type=$contract_type --partition_num=$partition_num --global_key_space=false --global_partition_id=1 --cross_ratio=$cross_ratio --time_to_run=10 --sparkle_lock_manager=1
@ Spectrum; threads=25
keys=100000
zipf=0
threads=25
contract=14
partition_num=2
batch_size=100
I0306 17:58:06.493101 2086828 Database.h:95] partition_num: 2
I0306 17:58:06.496971 2086828 Database.h:72] evm_bench initialization finished in 2 milliseconds.
I0306 17:58:06.497280 2086877 main.cpp:89] SpectrumServer 1 started at 53008!
I0306 17:58:06.497349 2086877 Server.h:52] Server 1 starts to run.
I0306 17:58:06.997409 2086883 main.cpp:75] SpectrumClient 0 started connect to 53007!
I0306 17:58:06.997648 2086883 Client.h:90] 127.0.0.1:53007 -> 127.0.0.1:50482 is UP
I0306 17:58:07.497553 2086890 main.cpp:75] SpectrumClient 1 started connect to 53008!
I0306 17:58:07.497758 2086890 Client.h:90] 127.0.0.1:53008 -> 127.0.0.1:39990 is UP
I0306 17:58:07.497802 2086877 Server.h:57] 127.0.0.1:39990 -> 127.0.0.1:53008 is UP
I0306 17:58:07.498203 2086877 Server.h:57] 127.0.0.1:40004 -> 127.0.0.1:53008 is UP
I0306 17:58:07.997414 2086828 main.cpp:199] 2 clients connected.
I0306 17:58:07.997511 2086828 SparkleManager.h:45] batch size: 100
I0306 17:58:08.025149 2086828 WorkerFactory.h:179] workers size (including manager): 26
I0306 17:58:08.025180 2086828 SerialManager.h:37] batch size: 100
I0306 17:58:08.025187 2086828 SerialExecutor.h:154] init tables for contracts
I0306 17:58:08.025190 2086828 SerialExecutor.h:192] init key_num: 200000
I0306 17:58:11.406261 2086828 SerialExecutor.h:203] init tables finished
I0306 17:58:13.406394 2086828 Coordinator.h:41] Coordinator starts to run 26 workers.
I0306 17:58:13.406638 2086828 Coordinator.h:184] core_id: 84
I0306 17:58:13.407013 2086828 Coordinator.h:184] core_id: 85
I0306 17:58:13.407038 2086935 SparkleExecutor.h:105] SparkleExecutor 0 started. 
I0306 17:58:13.407131 2086935 SparkleExecutor.h:112] scheduler 0 starts.
I0306 17:58:13.407370 2086936 SparkleExecutor.h:105] SparkleExecutor 1 started. 
I0306 17:58:13.407434 2086936 SparkleExecutor.h:121] worker 1 starts.
I0306 17:58:13.407384 2086828 Coordinator.h:184] core_id: 86
I0306 17:58:13.407660 2086937 SparkleExecutor.h:105] SparkleExecutor 2 started. 
I0306 17:58:13.407728 2086937 SparkleExecutor.h:121] worker 2 starts.
I0306 17:58:13.407764 2086828 Coordinator.h:184] core_id: 87
I0306 17:58:13.407997 2086938 SparkleExecutor.h:105] SparkleExecutor 3 started. 
I0306 17:58:13.408048 2086938 SparkleExecutor.h:121] worker 3 starts.
I0306 17:58:13.408071 2086828 Coordinator.h:184] core_id: 88
I0306 17:58:13.408329 2086828 Coordinator.h:184] core_id: 89
I0306 17:58:13.408349 2086939 SparkleExecutor.h:105] SparkleExecutor 4 started. 
I0306 17:58:13.408406 2086939 SparkleExecutor.h:121] worker 4 starts.
I0306 17:58:13.408624 2086828 Coordinator.h:184] core_id: 90
I0306 17:58:13.408614 2086940 SparkleExecutor.h:105] SparkleExecutor 5 started. 
I0306 17:58:13.408695 2086940 SparkleExecutor.h:121] worker 5 starts.
I0306 17:58:13.408915 2086941 SparkleExecutor.h:105] SparkleExecutor 6 started. 
I0306 17:58:13.408970 2086828 Coordinator.h:184] core_id: 91
I0306 17:58:13.408972 2086941 SparkleExecutor.h:121] worker 6 starts.
I0306 17:58:13.409246 2086942 SparkleExecutor.h:105] SparkleExecutor 7 started. 
I0306 17:58:13.409283 2086828 Coordinator.h:184] core_id: 92
I0306 17:58:13.409303 2086942 SparkleExecutor.h:121] worker 7 starts.
I0306 17:58:13.409602 2086943 SparkleExecutor.h:105] SparkleExecutor 8 started. 
I0306 17:58:13.409648 2086828 Coordinator.h:184] core_id: 93
I0306 17:58:13.409659 2086943 SparkleExecutor.h:121] worker 8 starts.
I0306 17:58:13.409948 2086944 SparkleExecutor.h:105] SparkleExecutor 9 started. 
I0306 17:58:13.409988 2086828 Coordinator.h:184] core_id: 94
I0306 17:58:13.410012 2086944 SparkleExecutor.h:121] worker 9 starts.
I0306 17:58:13.410293 2086828 Coordinator.h:184] core_id: 95
I0306 17:58:13.410320 2086945 SparkleExecutor.h:105] SparkleExecutor 10 started. 
I0306 17:58:13.410385 2086945 SparkleExecutor.h:121] worker 10 starts.
I0306 17:58:13.410557 2086828 Coordinator.h:184] core_id: 96
I0306 17:58:13.410547 2086946 SparkleExecutor.h:105] SparkleExecutor 11 started. 
I0306 17:58:13.410631 2086946 SparkleExecutor.h:121] worker 11 starts.
I0306 17:58:13.410777 2086947 SparkleExecutor.h:105] SparkleExecutor 12 started. 
I0306 17:58:13.410818 2086828 Coordinator.h:184] core_id: 97
I0306 17:58:13.410856 2086947 SparkleExecutor.h:121] worker 12 starts.
I0306 17:58:13.411037 2086948 SparkleExecutor.h:105] SparkleExecutor 13 started. 
I0306 17:58:13.411094 2086948 SparkleExecutor.h:121] worker 13 starts.
I0306 17:58:13.411103 2086828 Coordinator.h:184] core_id: 98
I0306 17:58:13.411381 2086949 SparkleExecutor.h:105] SparkleExecutor 14 started. 
I0306 17:58:13.411409 2086828 Coordinator.h:184] core_id: 99
I0306 17:58:13.411440 2086949 SparkleExecutor.h:121] worker 14 starts.
I0306 17:58:13.411695 2086950 SparkleExecutor.h:105] SparkleExecutor 15 started. 
I0306 17:58:13.411729 2086828 Coordinator.h:184] core_id: 100
I0306 17:58:13.411756 2086950 SparkleExecutor.h:121] worker 15 starts.
I0306 17:58:13.411955 2086951 SparkleExecutor.h:105] SparkleExecutor 16 started. 
I0306 17:58:13.411999 2086828 Coordinator.h:184] core_id: 101
I0306 17:58:13.412014 2086951 SparkleExecutor.h:121] worker 16 starts.
I0306 17:58:13.412346 2086952 SparkleExecutor.h:105] SparkleExecutor 17 started. 
I0306 17:58:13.412351 2086828 Coordinator.h:184] core_id: 102
I0306 17:58:13.412410 2086952 SparkleExecutor.h:121] worker 17 starts.
I0306 17:58:13.412576 2086953 SparkleExecutor.h:105] SparkleExecutor 18 started. 
I0306 17:58:13.412636 2086953 SparkleExecutor.h:121] worker 18 starts.
I0306 17:58:13.412727 2086828 Coordinator.h:184] core_id: 103
I0306 17:58:13.413030 2086828 Coordinator.h:184] core_id: 104
I0306 17:58:13.413062 2086954 SparkleExecutor.h:105] SparkleExecutor 19 started. 
I0306 17:58:13.413117 2086954 SparkleExecutor.h:121] worker 19 starts.
I0306 17:58:13.413422 2086955 SparkleExecutor.h:105] SparkleExecutor 20 started. 
I0306 17:58:13.413445 2086828 Coordinator.h:184] core_id: 105
I0306 17:58:13.413481 2086955 SparkleExecutor.h:121] worker 20 starts.
I0306 17:58:13.413784 2086828 Coordinator.h:184] core_id: 106
I0306 17:58:13.413812 2086956 SparkleExecutor.h:105] SparkleExecutor 21 started. 
I0306 17:58:13.413869 2086956 SparkleExecutor.h:121] worker 21 starts.
I0306 17:58:13.414076 2086957 SparkleExecutor.h:105] SparkleExecutor 22 started. 
I0306 17:58:13.414090 2086828 Coordinator.h:184] core_id: 107
I0306 17:58:13.414139 2086957 SparkleExecutor.h:121] worker 22 starts.
I0306 17:58:13.414336 2086958 SparkleExecutor.h:105] SparkleExecutor 23 started. 
I0306 17:58:13.414387 2086958 SparkleExecutor.h:121] worker 23 starts.
I0306 17:58:13.414397 2086828 Coordinator.h:184] core_id: 108
I0306 17:58:13.414657 2086959 SparkleExecutor.h:105] SparkleExecutor 24 started. 
I0306 17:58:13.414721 2086959 SparkleExecutor.h:121] worker 24 starts.
I0306 17:58:13.414728 2086828 Coordinator.h:184] core_id: 109
I0306 17:58:13.415019 2086960 Manager.h:210] Manager(worker id = 25) on the coordinator node started.
I0306 17:58:14.414856 2086828 Coordinator.h:101] commit: 28615 abort: 0 (0/0/0), cascade abort: 0, network size: 2726, avg network size: 0.0952647, multi commit network size: 0, si_in_serializable: 0 0 %, local: 0 %, operations: 23864910
I0306 17:58:15.415019 2086828 Coordinator.h:101] commit: 34441 abort: 0 (0/0/0), cascade abort: 0, network size: 3266, avg network size: 0.0948288, multi commit network size: 0, si_in_serializable: 0 0 %, local: 0 %, operations: 28723794
I0306 17:58:16.415177 2086828 Coordinator.h:101] commit: 32160 abort: 0 (0/0/0), cascade abort: 0, network size: 2968, avg network size: 0.0922886, multi commit network size: 0, si_in_serializable: 0 0 %, local: 0 %, operations: 26821440
I0306 17:58:17.415333 2086828 Coordinator.h:101] commit: 32027 abort: 0 (0/0/0), cascade abort: 0, network size: 3023, avg network size: 0.0943891, multi commit network size: 0, si_in_serializable: 0 0 %, local: 0 %, operations: 26710518
I0306 17:58:18.415493 2086828 Coordinator.h:101] commit: 28771 abort: 0 (0/0/0), cascade abort: 0, network size: 2782, avg network size: 0.0966946, multi commit network size: 0, si_in_serializable: 0 0 %, local: 0 %, operations: 23995014
I0306 17:58:19.415647 2086828 Coordinator.h:101] commit: 30651 abort: 0 (0/0/0), cascade abort: 0, network size: 2870, avg network size: 0.0936348, multi commit network size: 0, si_in_serializable: 0 0 %, local: 0 %, operations: 25562934
I0306 17:58:20.415819 2086828 Coordinator.h:101] commit: 32323 abort: 0 (0/0/0), cascade abort: 0, network size: 3066, avg network size: 0.0948551, multi commit network size: 0, si_in_serializable: 0 0 %, local: 0 %, operations: 26957382
I0306 17:58:21.415977 2086828 Coordinator.h:101] commit: 31584 abort: 0 (0/0/0), cascade abort: 0, network size: 2958, avg network size: 0.093655, multi commit network size: 0, si_in_serializable: 0 0 %, local: 0 %, operations: 26341056
I0306 17:58:22.416131 2086828 Coordinator.h:101] commit: 31243 abort: 0 (0/0/0), cascade abort: 0, network size: 3013, avg network size: 0.0964376, multi commit network size: 0, si_in_serializable: 0 0 %, local: 0 %, operations: 26056662
I0306 17:58:23.416287 2086828 Coordinator.h:101] commit: 32178 abort: 0 (0/0/0), cascade abort: 0, network size: 3109, avg network size: 0.0966188, multi commit network size: 0, si_in_serializable: 0 0 %, local: 0 %, operations: 26836452
I0306 17:58:23.416363 2086828 Coordinator.h:137] average commit: 31399.3, average multi commit: 2977.4 abort: 0 (0/0/0), abort cascade: 0, average operations: 26187016, network size: 2978, multi commit network size: 0, avg network size: 0.0948461, si_in_serializable: 0 0 % , local: 0 %
I0306 17:58:23.416381 2086828 SparkleExecutor.h:936] Worker 0 latency: 0 us (50%) 0 us (75%) 0 us (95%) 0 us (99%).
I0306 17:58:23.416389 2086828 SparkleExecutor.h:941] Worker 0 multi latency: 0 us (1%) 0 us (50%) 0 us (75%) 0 us (95%) 0 us (99%).
I0306 17:58:23.416519 2086953 SparkleExecutor.h:126] SparkleExecutor 18 exits. 
I0306 17:58:23.417071 2086942 SparkleExecutor.h:126] SparkleExecutor 7 exits. 
I0306 17:58:23.417096 2086951 SparkleExecutor.h:126] SparkleExecutor 16 exits. 
I0306 17:58:23.417115 2086943 SparkleExecutor.h:126] SparkleExecutor 8 exits. 
I0306 17:58:23.417232 2086935 SparkleExecutor.h:126] SparkleExecutor 0 exits. 
I0306 17:58:23.417253 2086947 SparkleExecutor.h:126] SparkleExecutor 12 exits. 
I0306 17:58:23.417254 2086940 SparkleExecutor.h:126] SparkleExecutor 5 exits. 
I0306 17:58:23.417265 2086958 SparkleExecutor.h:126] SparkleExecutor 23 exits. 
I0306 17:58:23.417264 2086944 SparkleExecutor.h:126] SparkleExecutor 9 exits. 
I0306 17:58:23.417256 2086957 SparkleExecutor.h:126] SparkleExecutor 22 exits. 
I0306 17:58:23.417256 2086949 SparkleExecutor.h:126] SparkleExecutor 14 exits. 
I0306 17:58:23.417263 2086952 SparkleExecutor.h:126] SparkleExecutor 17 exits. 
I0306 17:58:23.417263 2086946 SparkleExecutor.h:126] SparkleExecutor 11 exits. 
I0306 17:58:23.417259 2086959 SparkleExecutor.h:126] SparkleExecutor 24 exits. 
I0306 17:58:23.417270 2086954 SparkleExecutor.h:126] SparkleExecutor 19 exits. 
I0306 17:58:23.417263 2086941 SparkleExecutor.h:126] SparkleExecutor 6 exits. 
I0306 17:58:23.418529 2086945 SparkleExecutor.h:126] SparkleExecutor 10 exits. 
I0306 17:58:23.418543 2086956 SparkleExecutor.h:126] SparkleExecutor 21 exits. 
I0306 17:58:23.418576 2086938 SparkleExecutor.h:126] SparkleExecutor 3 exits. 
I0306 17:58:23.418589 2086950 SparkleExecutor.h:126] SparkleExecutor 15 exits. 
I0306 17:58:23.418603 2086937 SparkleExecutor.h:126] SparkleExecutor 2 exits. 
I0306 17:58:23.418578 2086955 SparkleExecutor.h:126] SparkleExecutor 20 exits. 
I0306 17:58:23.418682 2086939 SparkleExecutor.h:126] SparkleExecutor 4 exits. 
I0306 17:58:23.418015 2086828 SparkleExecutor.h:936] Worker 1 latency: 956 us (50%) 1379 us (75%) 4449 us (95%) 19262 us (99%).
I0306 17:58:23.419039 2086828 SparkleExecutor.h:941] Worker 1 multi latency: 369 us (1%) 1423 us (50%) 4008 us (75%) 6354 us (95%) 19262 us (99%).
I0306 17:58:23.420202 2086948 SparkleExecutor.h:126] SparkleExecutor 13 exits. 
I0306 17:58:23.420212 2086936 SparkleExecutor.h:126] SparkleExecutor 1 exits. 
I0306 17:58:23.420504 2086828 SparkleExecutor.h:936] Worker 2 latency: 944 us (50%) 1330 us (75%) 4181 us (95%) 10100 us (99%).
I0306 17:58:23.421380 2086828 SparkleExecutor.h:941] Worker 2 multi latency: 329 us (1%) 1582 us (50%) 4037 us (75%) 6328 us (95%) 10100 us (99%).
I0306 17:58:23.421443 2086828 SparkleExecutor.h:936] Worker 3 latency: 960 us (50%) 1391 us (75%) 4459 us (95%) 10991 us (99%).
I0306 17:58:23.422210 2086828 SparkleExecutor.h:941] Worker 3 multi latency: 380 us (1%) 1578 us (50%) 4102 us (75%) 6521 us (95%) 10991 us (99%).
I0306 17:58:23.422271 2086828 SparkleExecutor.h:936] Worker 4 latency: 947 us (50%) 1365 us (75%) 4356 us (95%) 11104 us (99%).
I0306 17:58:23.423130 2086828 SparkleExecutor.h:941] Worker 4 multi latency: 336 us (1%) 1439 us (50%) 3967 us (75%) 6381 us (95%) 11104 us (99%).
I0306 17:58:23.423236 2086828 SparkleExecutor.h:936] Worker 5 latency: 952 us (50%) 1356 us (75%) 4379 us (95%) 10424 us (99%).
I0306 17:58:23.424048 2086828 SparkleExecutor.h:941] Worker 5 multi latency: 344 us (1%) 1543 us (50%) 3984 us (75%) 6310 us (95%) 10424 us (99%).
I0306 17:58:23.424126 2086828 SparkleExecutor.h:936] Worker 6 latency: 950 us (50%) 1368 us (75%) 4375 us (95%) 8187 us (99%).
I0306 17:58:23.424983 2086828 SparkleExecutor.h:941] Worker 6 multi latency: 342 us (1%) 1452 us (50%) 4028 us (75%) 6397 us (95%) 8187 us (99%).
I0306 17:58:23.425066 2086828 SparkleExecutor.h:936] Worker 7 latency: 954 us (50%) 1349 us (75%) 4361 us (95%) 7620 us (99%).
I0306 17:58:23.425870 2086828 SparkleExecutor.h:941] Worker 7 multi latency: 343 us (1%) 1412 us (50%) 4043 us (75%) 6282 us (95%) 7620 us (99%).
I0306 17:58:23.425945 2086828 SparkleExecutor.h:936] Worker 8 latency: 937 us (50%) 1318 us (75%) 4254 us (95%) 7906 us (99%).
I0306 17:58:23.426749 2086828 SparkleExecutor.h:941] Worker 8 multi latency: 346 us (1%) 1436 us (50%) 4109 us (75%) 6158 us (95%) 7906 us (99%).
I0306 17:58:23.426826 2086828 SparkleExecutor.h:936] Worker 9 latency: 952 us (50%) 1357 us (75%) 4403 us (95%) 8651 us (99%).
I0306 17:58:23.427630 2086828 SparkleExecutor.h:941] Worker 9 multi latency: 369 us (1%) 1577 us (50%) 4065 us (75%) 6441 us (95%) 8651 us (99%).
I0306 17:58:23.427711 2086828 SparkleExecutor.h:936] Worker 10 latency: 952 us (50%) 1377 us (75%) 4459 us (95%) 8885 us (99%).
I0306 17:58:23.428591 2086828 SparkleExecutor.h:941] Worker 10 multi latency: 328 us (1%) 1521 us (50%) 4018 us (75%) 6324 us (95%) 8885 us (99%).
I0306 17:58:23.428680 2086828 SparkleExecutor.h:936] Worker 11 latency: 947 us (50%) 1320 us (75%) 4184 us (95%) 7300 us (99%).
I0306 17:58:23.429528 2086828 SparkleExecutor.h:941] Worker 11 multi latency: 350 us (1%) 1525 us (50%) 3952 us (75%) 6350 us (95%) 7300 us (99%).
I0306 17:58:23.429605 2086828 SparkleExecutor.h:936] Worker 12 latency: 951 us (50%) 1364 us (75%) 4437 us (95%) 9820 us (99%).
I0306 17:58:23.430476 2086828 SparkleExecutor.h:941] Worker 12 multi latency: 354 us (1%) 1476 us (50%) 3941 us (75%) 6297 us (95%) 9820 us (99%).
I0306 17:58:23.430564 2086828 SparkleExecutor.h:936] Worker 13 latency: 954 us (50%) 1350 us (75%) 4461 us (95%) 11711 us (99%).
I0306 17:58:23.431432 2086828 SparkleExecutor.h:941] Worker 13 multi latency: 365 us (1%) 1528 us (50%) 4034 us (75%) 6602 us (95%) 11711 us (99%).
I0306 17:58:23.431514 2086828 SparkleExecutor.h:936] Worker 14 latency: 952 us (50%) 1360 us (75%) 4305 us (95%) 8224 us (99%).
I0306 17:58:23.432379 2086828 SparkleExecutor.h:941] Worker 14 multi latency: 353 us (1%) 1497 us (50%) 4036 us (75%) 6322 us (95%) 8224 us (99%).
I0306 17:58:23.432468 2086828 SparkleExecutor.h:936] Worker 15 latency: 955 us (50%) 1356 us (75%) 4291 us (95%) 8245 us (99%).
I0306 17:58:23.433328 2086828 SparkleExecutor.h:941] Worker 15 multi latency: 374 us (1%) 1522 us (50%) 4017 us (75%) 6465 us (95%) 8245 us (99%).
I0306 17:58:23.433408 2086828 SparkleExecutor.h:936] Worker 16 latency: 949 us (50%) 1355 us (75%) 4383 us (95%) 9180 us (99%).
I0306 17:58:23.434267 2086828 SparkleExecutor.h:941] Worker 16 multi latency: 370 us (1%) 1653 us (50%) 4043 us (75%) 6567 us (95%) 9180 us (99%).
I0306 17:58:23.434353 2086828 SparkleExecutor.h:936] Worker 17 latency: 949 us (50%) 1352 us (75%) 4423 us (95%) 9383 us (99%).
I0306 17:58:23.435235 2086828 SparkleExecutor.h:941] Worker 17 multi latency: 342 us (1%) 1564 us (50%) 4086 us (75%) 6478 us (95%) 9383 us (99%).
I0306 17:58:23.435315 2086828 SparkleExecutor.h:936] Worker 18 latency: 945 us (50%) 1345 us (75%) 4413 us (95%) 8521 us (99%).
I0306 17:58:23.436240 2086828 SparkleExecutor.h:941] Worker 18 multi latency: 343 us (1%) 1491 us (50%) 4091 us (75%) 6569 us (95%) 8521 us (99%).
I0306 17:58:23.436326 2086828 SparkleExecutor.h:936] Worker 19 latency: 947 us (50%) 1340 us (75%) 4433 us (95%) 10595 us (99%).
I0306 17:58:23.437171 2086828 SparkleExecutor.h:941] Worker 19 multi latency: 334 us (1%) 1604 us (50%) 4150 us (75%) 6608 us (95%) 10595 us (99%).
I0306 17:58:23.437249 2086828 SparkleExecutor.h:936] Worker 20 latency: 945 us (50%) 1355 us (75%) 4530 us (95%) 18322 us (99%).
I0306 17:58:23.438167 2086828 SparkleExecutor.h:941] Worker 20 multi latency: 355 us (1%) 1500 us (50%) 4050 us (75%) 6510 us (95%) 18322 us (99%).
I0306 17:58:23.438251 2086828 SparkleExecutor.h:936] Worker 21 latency: 958 us (50%) 1386 us (75%) 4582 us (95%) 13646 us (99%).
I0306 17:58:23.439119 2086828 SparkleExecutor.h:941] Worker 21 multi latency: 353 us (1%) 1578 us (50%) 4048 us (75%) 6587 us (95%) 13646 us (99%).
I0306 17:58:23.439237 2086828 SparkleExecutor.h:936] Worker 22 latency: 949 us (50%) 1346 us (75%) 4490 us (95%) 13393 us (99%).
I0306 17:58:23.440109 2086828 SparkleExecutor.h:941] Worker 22 multi latency: 325 us (1%) 1423 us (50%) 4042 us (75%) 6773 us (95%) 13393 us (99%).
I0306 17:58:23.440198 2086828 SparkleExecutor.h:936] Worker 23 latency: 956 us (50%) 1374 us (75%) 4406 us (95%) 9834 us (99%).
I0306 17:58:23.441004 2086828 SparkleExecutor.h:941] Worker 23 multi latency: 385 us (1%) 1494 us (50%) 4007 us (75%) 6228 us (95%) 9834 us (99%).
I0306 17:58:23.441079 2086828 SparkleExecutor.h:936] Worker 24 latency: 950 us (50%) 1357 us (75%) 4262 us (95%) 7156 us (99%).
I0306 17:58:23.441931 2086828 SparkleExecutor.h:941] Worker 24 multi latency: 319 us (1%) 1480 us (50%) 4032 us (75%) 6214 us (95%) 7156 us (99%).
test_partition2.sh: line 43: 2086828 Killed                  $execute --threads=$threads --protocol=Spectrum --keys=$keys --zipf=$zipf --contract_type=$contract_type --partition_num=$partition_num --global_key_space=false --global_partition_id=1 --cross_ratio=$cross_ratio --time_to_run=10 --sparkle_lock_manager=1
