I0306 18:32:43.339740 2092841 SparkleExecutor.h:936] Worker 14 latency: 1003 us (50%) 1364 us (75%) 2928 us (95%) 34540 us (99%).
I0306 18:32:43.341120 2092841 SparkleExecutor.h:941] Worker 14 multi latency: 446 us (1%) 1285 us (50%) 2000 us (75%) 3665 us (95%) 34540 us (99%).
test_partition2.sh: line 43: 2092841 Killed                  $execute --threads=$threads --protocol=Spectrum --keys=$keys --zipf=$zipf --contract_type=$contract_type --partition_num=$partition_num --global_key_space=false --global_partition_id=1 --cross_ratio=$cross_ratio --time_to_run=10 --sparkle_lock_manager=1
@ Spectrum; cross_ratio=30
keys=100000
zipf=0
threads=15
contract=14
partition_num=2
batch_size=100
I0306 18:32:56.504302 2093003 Database.h:95] partition_num: 2
I0306 18:32:56.506728 2093003 Database.h:72] evm_bench initialization finished in 1 milliseconds.
I0306 18:32:56.507109 2093024 main.cpp:89] SpectrumServer 1 started at 53008!
I0306 18:32:56.507184 2093024 Server.h:52] Server 1 starts to run.
I0306 18:32:57.007045 2093037 main.cpp:75] SpectrumClient 0 started connect to 53007!
I0306 18:32:57.007162 2093037 Client.h:90] 127.0.0.1:53007 -> 127.0.0.1:53992 is UP
I0306 18:32:57.507177 2093043 main.cpp:75] SpectrumClient 1 started connect to 53008!
I0306 18:32:57.507274 2093043 Client.h:90] 127.0.0.1:53008 -> 127.0.0.1:45298 is UP
I0306 18:32:57.507366 2093024 Server.h:57] 127.0.0.1:45298 -> 127.0.0.1:53008 is UP
I0306 18:32:57.509128 2093024 Server.h:57] 127.0.0.1:45314 -> 127.0.0.1:53008 is UP
I0306 18:32:58.007143 2093003 main.cpp:199] 2 clients connected.
I0306 18:32:58.007265 2093003 SparkleManager.h:45] batch size: 100
I0306 18:32:58.033725 2093003 WorkerFactory.h:179] workers size (including manager): 16
I0306 18:32:58.033753 2093003 SerialManager.h:37] batch size: 100
I0306 18:32:58.033761 2093003 SerialExecutor.h:154] init tables for contracts
I0306 18:32:58.033766 2093003 SerialExecutor.h:192] init key_num: 200000
I0306 18:33:01.437769 2093003 SerialExecutor.h:203] init tables finished
I0306 18:33:03.437892 2093003 Coordinator.h:41] Coordinator starts to run 16 workers.
I0306 18:33:03.438119 2093003 Coordinator.h:184] core_id: 84
I0306 18:33:03.438413 2093003 Coordinator.h:184] core_id: 85
I0306 18:33:03.438460 2093105 SparkleExecutor.h:105] SparkleExecutor 0 started. 
I0306 18:33:03.438529 2093105 SparkleExecutor.h:112] scheduler 0 starts.
I0306 18:33:03.438663 2093106 SparkleExecutor.h:105] SparkleExecutor 1 started. 
I0306 18:33:03.438680 2093003 Coordinator.h:184] core_id: 86
I0306 18:33:03.438731 2093106 SparkleExecutor.h:121] worker 1 starts.
I0306 18:33:03.438793 2093107 SparkleExecutor.h:105] SparkleExecutor 2 started. 
I0306 18:33:03.438856 2093107 SparkleExecutor.h:121] worker 2 starts.
I0306 18:33:03.438928 2093003 Coordinator.h:184] core_id: 87
I0306 18:33:03.439188 2093108 SparkleExecutor.h:105] SparkleExecutor 3 started. 
I0306 18:33:03.439206 2093003 Coordinator.h:184] core_id: 88
I0306 18:33:03.439265 2093109 SparkleExecutor.h:105] SparkleExecutor 4 started. 
I0306 18:33:03.439256 2093108 SparkleExecutor.h:121] worker 3 starts.
I0306 18:33:03.439343 2093109 SparkleExecutor.h:121] worker 4 starts.
I0306 18:33:03.439435 2093003 Coordinator.h:184] core_id: 89
I0306 18:33:03.439699 2093003 Coordinator.h:184] core_id: 90
I0306 18:33:03.439715 2093110 SparkleExecutor.h:105] SparkleExecutor 5 started. 
I0306 18:33:03.439782 2093110 SparkleExecutor.h:121] worker 5 starts.
I0306 18:33:03.439972 2093003 Coordinator.h:184] core_id: 91
I0306 18:33:03.440012 2093111 SparkleExecutor.h:105] SparkleExecutor 6 started. 
I0306 18:33:03.440079 2093111 SparkleExecutor.h:121] worker 6 starts.
I0306 18:33:03.440160 2093112 SparkleExecutor.h:105] SparkleExecutor 7 started. 
I0306 18:33:03.440191 2093112 SparkleExecutor.h:121] worker 7 starts.
I0306 18:33:03.440207 2093003 Coordinator.h:184] core_id: 92
I0306 18:33:03.440441 2093113 SparkleExecutor.h:105] SparkleExecutor 8 started. 
I0306 18:33:03.440445 2093003 Coordinator.h:184] core_id: 93
I0306 18:33:03.440568 2093113 SparkleExecutor.h:121] worker 8 starts.
I0306 18:33:03.440778 2093003 Coordinator.h:184] core_id: 94
I0306 18:33:03.440788 2093114 SparkleExecutor.h:105] SparkleExecutor 9 started. 
I0306 18:33:03.440852 2093114 SparkleExecutor.h:121] worker 9 starts.
I0306 18:33:03.441062 2093003 Coordinator.h:184] core_id: 95
I0306 18:33:03.441109 2093115 SparkleExecutor.h:105] SparkleExecutor 10 started. 
I0306 18:33:03.441197 2093115 SparkleExecutor.h:121] worker 10 starts.
I0306 18:33:03.441321 2093116 SparkleExecutor.h:105] SparkleExecutor 11 started. 
I0306 18:33:03.441336 2093003 Coordinator.h:184] core_id: 96
I0306 18:33:03.441370 2093116 SparkleExecutor.h:121] worker 11 starts.
I0306 18:33:03.441555 2093117 SparkleExecutor.h:105] SparkleExecutor 12 started. 
I0306 18:33:03.441633 2093003 Coordinator.h:184] core_id: 97
I0306 18:33:03.441637 2093117 SparkleExecutor.h:121] worker 12 starts.
I0306 18:33:03.441927 2093118 SparkleExecutor.h:105] SparkleExecutor 13 started. 
I0306 18:33:03.441964 2093003 Coordinator.h:184] core_id: 98
I0306 18:33:03.441978 2093118 SparkleExecutor.h:121] worker 13 starts.
I0306 18:33:03.442162 2093119 SparkleExecutor.h:105] SparkleExecutor 14 started. 
I0306 18:33:03.442221 2093119 SparkleExecutor.h:121] worker 14 starts.
I0306 18:33:03.442288 2093003 Coordinator.h:184] core_id: 99
I0306 18:33:03.442426 2093120 Manager.h:210] Manager(worker id = 15) on the coordinator node started.
I0306 18:33:04.442432 2093003 Coordinator.h:101] commit: 7143 abort: 0 (0/0/0), cascade abort: 0, network size: 3269, avg network size: 0.457651, multi commit network size: 0, si_in_serializable: 0 0 %, local: 0 %, operations: 5957262
I0306 18:33:05.442579 2093003 Coordinator.h:101] commit: 7031 abort: 0 (0/0/0), cascade abort: 0, network size: 3369, avg network size: 0.479164, multi commit network size: 0, si_in_serializable: 0 0 %, local: 0 %, operations: 5863854
I0306 18:33:06.442700 2093003 Coordinator.h:101] commit: 11854 abort: 0 (0/0/0), cascade abort: 0, network size: 5405, avg network size: 0.455964, multi commit network size: 0, si_in_serializable: 0 0 %, local: 0 %, operations: 9887070
I0306 18:33:07.442831 2093003 Coordinator.h:101] commit: 8799 abort: 0 (0/0/0), cascade abort: 0, network size: 3995, avg network size: 0.454029, multi commit network size: 0, si_in_serializable: 0 0 %, local: 0 %, operations: 7337532
I0306 18:33:08.442966 2093003 Coordinator.h:101] commit: 5845 abort: 0 (0/0/0), cascade abort: 0, network size: 2651, avg network size: 0.45355, multi commit network size: 0, si_in_serializable: 0 0 %, local: 0 %, operations: 4874730
I0306 18:33:09.443096 2093003 Coordinator.h:101] commit: 9754 abort: 0 (0/0/0), cascade abort: 0, network size: 4453, avg network size: 0.456531, multi commit network size: 0, si_in_serializable: 0 0 %, local: 0 %, operations: 8134836
I0306 18:33:10.443173 2093003 Coordinator.h:101] commit: 6331 abort: 0 (0/0/0), cascade abort: 0, network size: 2910, avg network size: 0.459643, multi commit network size: 0, si_in_serializable: 0 0 %, local: 0 %, operations: 5280054
I0306 18:33:11.443295 2093003 Coordinator.h:101] commit: 7258 abort: 0 (0/0/0), cascade abort: 0, network size: 3350, avg network size: 0.46156, multi commit network size: 0, si_in_serializable: 0 0 %, local: 0 %, operations: 6053172
I0306 18:33:12.443424 2093003 Coordinator.h:101] commit: 7060 abort: 0 (0/0/0), cascade abort: 0, network size: 3163, avg network size: 0.448017, multi commit network size: 0, si_in_serializable: 0 0 %, local: 0 %, operations: 5888040
I0306 18:33:13.443547 2093003 Coordinator.h:101] commit: 6348 abort: 0 (0/0/0), cascade abort: 0, network size: 2879, avg network size: 0.453529, multi commit network size: 0, si_in_serializable: 0 0 %, local: 0 %, operations: 5294232
I0306 18:33:13.443586 2093003 Coordinator.h:137] average commit: 7742.3, average multi commit: 3543.9 abort: 0 (0/0/0), abort cascade: 0, average operations: 6457078, network size: 3544, multi commit network size: 0, avg network size: 0.457797, si_in_serializable: 0 0 % , local: 0 %
I0306 18:33:13.443603 2093003 SparkleExecutor.h:936] Worker 0 latency: 0 us (50%) 0 us (75%) 0 us (95%) 0 us (99%).
I0306 18:33:13.443610 2093003 SparkleExecutor.h:941] Worker 0 multi latency: 0 us (1%) 0 us (50%) 0 us (75%) 0 us (95%) 0 us (99%).
I0306 18:33:13.443611 2093105 SparkleExecutor.h:126] SparkleExecutor 0 exits. 
I0306 18:33:13.443822 2093003 SparkleExecutor.h:936] Worker 1 latency: 2608 us (50%) 34910 us (75%) 43994 us (95%) 74498 us (99%).
I0306 18:33:13.444164 2093003 SparkleExecutor.h:941] Worker 1 multi latency: 751 us (1%) 4495 us (50%) 36704 us (75%) 45180 us (95%) 74498 us (99%).
I0306 18:33:13.469039 2093116 SparkleExecutor.h:126] SparkleExecutor 11 exits. 
I0306 18:33:13.469269 2093112 SparkleExecutor.h:126] SparkleExecutor 7 exits. 
I0306 18:33:13.469305 2093106 SparkleExecutor.h:126] SparkleExecutor 1 exits. 
I0306 18:33:13.469662 2093108 SparkleExecutor.h:126] SparkleExecutor 3 exits. 
I0306 18:33:13.469688 2093111 SparkleExecutor.h:126] SparkleExecutor 6 exits. 
I0306 18:33:13.469919 2093110 SparkleExecutor.h:126] SparkleExecutor 5 exits. 
I0306 18:33:13.470172 2093114 SparkleExecutor.h:126] SparkleExecutor 9 exits. 
I0306 18:33:13.469734 2093003 SparkleExecutor.h:936] Worker 2 latency: 2548 us (50%) 34487 us (75%) 44079 us (95%) 75168 us (99%).
I0306 18:33:13.470265 2093118 SparkleExecutor.h:126] SparkleExecutor 13 exits. 
I0306 18:33:13.470376 2093113 SparkleExecutor.h:126] SparkleExecutor 8 exits. 
I0306 18:33:13.470392 2093109 SparkleExecutor.h:126] SparkleExecutor 4 exits. 
I0306 18:33:13.470386 2093115 SparkleExecutor.h:126] SparkleExecutor 10 exits. 
I0306 18:33:13.470414 2093117 SparkleExecutor.h:126] SparkleExecutor 12 exits. 
I0306 18:33:13.470225 2093003 SparkleExecutor.h:941] Worker 2 multi latency: 713 us (1%) 3918 us (50%) 35600 us (75%) 44713 us (95%) 75168 us (99%).
I0306 18:33:13.470499 2093119 SparkleExecutor.h:126] SparkleExecutor 14 exits. 
I0306 18:33:13.470513 2093107 SparkleExecutor.h:126] SparkleExecutor 2 exits. 
I0306 18:33:13.471037 2093003 SparkleExecutor.h:936] Worker 3 latency: 2388 us (50%) 34528 us (75%) 43734 us (95%) 71923 us (99%).
I0306 18:33:13.471354 2093003 SparkleExecutor.h:941] Worker 3 multi latency: 737 us (1%) 3936 us (50%) 36472 us (75%) 44392 us (95%) 71923 us (99%).
I0306 18:33:13.471491 2093003 SparkleExecutor.h:936] Worker 4 latency: 2289 us (50%) 34518 us (75%) 43725 us (95%) 73321 us (99%).
I0306 18:33:13.471822 2093003 SparkleExecutor.h:941] Worker 4 multi latency: 724 us (1%) 3471 us (50%) 36100 us (75%) 44192 us (95%) 73321 us (99%).
I0306 18:33:13.471994 2093003 SparkleExecutor.h:936] Worker 5 latency: 2397 us (50%) 34527 us (75%) 43996 us (95%) 76246 us (99%).
I0306 18:33:13.472295 2093003 SparkleExecutor.h:941] Worker 5 multi latency: 738 us (1%) 3448 us (50%) 35910 us (75%) 44523 us (95%) 76246 us (99%).
I0306 18:33:13.472448 2093003 SparkleExecutor.h:936] Worker 6 latency: 2256 us (50%) 34174 us (75%) 43390 us (95%) 70791 us (99%).
I0306 18:33:13.472770 2093003 SparkleExecutor.h:941] Worker 6 multi latency: 723 us (1%) 3706 us (50%) 35500 us (75%) 43977 us (95%) 70791 us (99%).
I0306 18:33:13.472934 2093003 SparkleExecutor.h:936] Worker 7 latency: 2329 us (50%) 34155 us (75%) 43470 us (95%) 72183 us (99%).
I0306 18:33:13.473241 2093003 SparkleExecutor.h:941] Worker 7 multi latency: 691 us (1%) 3472 us (50%) 35198 us (75%) 43909 us (95%) 72183 us (99%).
I0306 18:33:13.473390 2093003 SparkleExecutor.h:936] Worker 8 latency: 2246 us (50%) 33910 us (75%) 43738 us (95%) 73804 us (99%).
I0306 18:33:13.473718 2093003 SparkleExecutor.h:941] Worker 8 multi latency: 716 us (1%) 3482 us (50%) 35786 us (75%) 44413 us (95%) 73804 us (99%).
I0306 18:33:13.473889 2093003 SparkleExecutor.h:936] Worker 9 latency: 2368 us (50%) 34436 us (75%) 43721 us (95%) 73587 us (99%).
I0306 18:33:13.474192 2093003 SparkleExecutor.h:941] Worker 9 multi latency: 741 us (1%) 4198 us (50%) 36436 us (75%) 44167 us (95%) 73587 us (99%).
I0306 18:33:13.474339 2093003 SparkleExecutor.h:936] Worker 10 latency: 2202 us (50%) 34372 us (75%) 44055 us (95%) 75320 us (99%).
I0306 18:33:13.474668 2093003 SparkleExecutor.h:941] Worker 10 multi latency: 743 us (1%) 3379 us (50%) 36438 us (75%) 44864 us (95%) 75320 us (99%).
I0306 18:33:13.474833 2093003 SparkleExecutor.h:936] Worker 11 latency: 2123 us (50%) 33935 us (75%) 43810 us (95%) 73415 us (99%).
I0306 18:33:13.475136 2093003 SparkleExecutor.h:941] Worker 11 multi latency: 743 us (1%) 3554 us (50%) 36008 us (75%) 44547 us (95%) 73415 us (99%).
I0306 18:33:13.475298 2093003 SparkleExecutor.h:936] Worker 12 latency: 2334 us (50%) 34087 us (75%) 43881 us (95%) 74877 us (99%).
I0306 18:33:13.475637 2093003 SparkleExecutor.h:941] Worker 12 multi latency: 726 us (1%) 3547 us (50%) 35700 us (75%) 44574 us (95%) 74877 us (99%).
I0306 18:33:13.475800 2093003 SparkleExecutor.h:936] Worker 13 latency: 2380 us (50%) 34239 us (75%) 43729 us (95%) 73447 us (99%).
I0306 18:33:13.476105 2093003 SparkleExecutor.h:941] Worker 13 multi latency: 752 us (1%) 3498 us (50%) 35697 us (75%) 44274 us (95%) 73447 us (99%).
I0306 18:33:13.476261 2093003 SparkleExecutor.h:936] Worker 14 latency: 2184 us (50%) 33816 us (75%) 43984 us (95%) 74181 us (99%).
I0306 18:33:13.476583 2093003 SparkleExecutor.h:941] Worker 14 multi latency: 761 us (1%) 3702 us (50%) 35660 us (75%) 44661 us (95%) 74181 us (99%).
test_partition2.sh: line 43: 2093003 Killed                  $execute --threads=$threads --protocol=Spectrum --keys=$keys --zipf=$zipf --contract_type=$contract_type --partition_num=$partition_num --global_key_space=false --global_partition_id=1 --cross_ratio=$cross_ratio --time_to_run=10 --sparkle_lock_manager=1
